Archive member included to satisfy reference by file (symbol)

d:/work/leycee/gcc-arm-none-eabi/bin/../lib/gcc/arm-none-eabi/10.3.1/../../../../arm-none-eabi/lib/thumb/v7e-m+fp/hard\libc.a(lib_a-ctype_.o)
                              build/cJSON.o (_ctype_)
d:/work/leycee/gcc-arm-none-eabi/bin/../lib/gcc/arm-none-eabi/10.3.1/../../../../arm-none-eabi/lib/thumb/v7e-m+fp/hard\libc.a(lib_a-errno.o)
                              build/sysmem.o (__errno)
d:/work/leycee/gcc-arm-none-eabi/bin/../lib/gcc/arm-none-eabi/10.3.1/../../../../arm-none-eabi/lib/thumb/v7e-m+fp/hard\libc.a(lib_a-exit.o)
                              d:/work/leycee/gcc-arm-none-eabi/bin/../lib/gcc/arm-none-eabi/10.3.1/../../../../arm-none-eabi/lib/thumb/v7e-m+fp/hard/crt0.o (exit)
d:/work/leycee/gcc-arm-none-eabi/bin/../lib/gcc/arm-none-eabi/10.3.1/../../../../arm-none-eabi/lib/thumb/v7e-m+fp/hard\libc.a(lib_a-impure.o)
                              d:/work/leycee/gcc-arm-none-eabi/bin/../lib/gcc/arm-none-eabi/10.3.1/../../../../arm-none-eabi/lib/thumb/v7e-m+fp/hard\libc.a(lib_a-exit.o) (_global_impure_ptr)
d:/work/leycee/gcc-arm-none-eabi/bin/../lib/gcc/arm-none-eabi/10.3.1/../../../../arm-none-eabi/lib/thumb/v7e-m+fp/hard\libc.a(lib_a-init.o)
                              d:/work/leycee/gcc-arm-none-eabi/bin/../lib/gcc/arm-none-eabi/10.3.1/../../../../arm-none-eabi/lib/thumb/v7e-m+fp/hard/crt0.o (__libc_init_array)
d:/work/leycee/gcc-arm-none-eabi/bin/../lib/gcc/arm-none-eabi/10.3.1/../../../../arm-none-eabi/lib/thumb/v7e-m+fp/hard\libc.a(lib_a-malloc.o)
                              build/cJSON.o (malloc)
d:/work/leycee/gcc-arm-none-eabi/bin/../lib/gcc/arm-none-eabi/10.3.1/../../../../arm-none-eabi/lib/thumb/v7e-m+fp/hard\libc.a(lib_a-mallocr.o)
                              d:/work/leycee/gcc-arm-none-eabi/bin/../lib/gcc/arm-none-eabi/10.3.1/../../../../arm-none-eabi/lib/thumb/v7e-m+fp/hard\libc.a(lib_a-malloc.o) (_malloc_r)
d:/work/leycee/gcc-arm-none-eabi/bin/../lib/gcc/arm-none-eabi/10.3.1/../../../../arm-none-eabi/lib/thumb/v7e-m+fp/hard\libc.a(lib_a-memcpy.o)
                              build/cJSON.o (memcpy)
d:/work/leycee/gcc-arm-none-eabi/bin/../lib/gcc/arm-none-eabi/10.3.1/../../../../arm-none-eabi/lib/thumb/v7e-m+fp/hard\libc.a(lib_a-memmove.o)
                              build/lora.o (memmove)
d:/work/leycee/gcc-arm-none-eabi/bin/../lib/gcc/arm-none-eabi/10.3.1/../../../../arm-none-eabi/lib/thumb/v7e-m+fp/hard\libc.a(lib_a-memset.o)
                              d:/work/leycee/gcc-arm-none-eabi/bin/../lib/gcc/arm-none-eabi/10.3.1/../../../../arm-none-eabi/lib/thumb/v7e-m+fp/hard/crt0.o (memset)
d:/work/leycee/gcc-arm-none-eabi/bin/../lib/gcc/arm-none-eabi/10.3.1/../../../../arm-none-eabi/lib/thumb/v7e-m+fp/hard\libc.a(lib_a-mktime.o)
                              build/misc.o (mktime)
d:/work/leycee/gcc-arm-none-eabi/bin/../lib/gcc/arm-none-eabi/10.3.1/../../../../arm-none-eabi/lib/thumb/v7e-m+fp/hard\libc.a(lib_a-mlock.o)
                              d:/work/leycee/gcc-arm-none-eabi/bin/../lib/gcc/arm-none-eabi/10.3.1/../../../../arm-none-eabi/lib/thumb/v7e-m+fp/hard\libc.a(lib_a-mallocr.o) (__malloc_lock)
d:/work/leycee/gcc-arm-none-eabi/bin/../lib/gcc/arm-none-eabi/10.3.1/../../../../arm-none-eabi/lib/thumb/v7e-m+fp/hard\libc.a(lib_a-printf.o)
                              build/flash_test.o (printf)
d:/work/leycee/gcc-arm-none-eabi/bin/../lib/gcc/arm-none-eabi/10.3.1/../../../../arm-none-eabi/lib/thumb/v7e-m+fp/hard\libc.a(lib_a-puts.o)
                              build/stm32l4xx_it.o (puts)
d:/work/leycee/gcc-arm-none-eabi/bin/../lib/gcc/arm-none-eabi/10.3.1/../../../../arm-none-eabi/lib/thumb/v7e-m+fp/hard\libc.a(lib_a-realloc.o)
                              build/cJSON.o (realloc)
d:/work/leycee/gcc-arm-none-eabi/bin/../lib/gcc/arm-none-eabi/10.3.1/../../../../arm-none-eabi/lib/thumb/v7e-m+fp/hard\libc.a(lib_a-reallocr.o)
                              d:/work/leycee/gcc-arm-none-eabi/bin/../lib/gcc/arm-none-eabi/10.3.1/../../../../arm-none-eabi/lib/thumb/v7e-m+fp/hard\libc.a(lib_a-realloc.o) (_realloc_r)
d:/work/leycee/gcc-arm-none-eabi/bin/../lib/gcc/arm-none-eabi/10.3.1/../../../../arm-none-eabi/lib/thumb/v7e-m+fp/hard\libc.a(lib_a-sbrkr.o)
                              d:/work/leycee/gcc-arm-none-eabi/bin/../lib/gcc/arm-none-eabi/10.3.1/../../../../arm-none-eabi/lib/thumb/v7e-m+fp/hard\libc.a(lib_a-mallocr.o) (_sbrk_r)
d:/work/leycee/gcc-arm-none-eabi/bin/../lib/gcc/arm-none-eabi/10.3.1/../../../../arm-none-eabi/lib/thumb/v7e-m+fp/hard\libc.a(lib_a-sprintf.o)
                              build/cJSON.o (sprintf)
d:/work/leycee/gcc-arm-none-eabi/bin/../lib/gcc/arm-none-eabi/10.3.1/../../../../arm-none-eabi/lib/thumb/v7e-m+fp/hard\libc.a(lib_a-sscanf.o)
                              build/cJSON.o (sscanf)
d:/work/leycee/gcc-arm-none-eabi/bin/../lib/gcc/arm-none-eabi/10.3.1/../../../../arm-none-eabi/lib/thumb/v7e-m+fp/hard\libc.a(lib_a-stdio.o)
[...]
Memory Configuration

Name             Origin             Length             Attributes
RAM              0x20000000         0x00008000         xrw
RAM2             0x10000000         0x00002000         xrw
FLASH            0x08000000         0x00020000         xr
*default*        0x00000000         0xffffffff

Linker script and memory map

LOAD d:/work/leycee/gcc-arm-none-eabi/bin/../lib/gcc/arm-none-eabi/10.3.1/thumb/v7e-m+fp/hard/crti.o
LOAD d:/work/leycee/gcc-arm-none-eabi/bin/../lib/gcc/arm-none-eabi/10.3.1/thumb/v7e-m+fp/hard/crtbegin.o
LOAD d:/work/leycee/gcc-arm-none-eabi/bin/../lib/gcc/arm-none-eabi/10.3.1/../../../../arm-none-eabi/lib/thumb/v7e-m+fp/hard/crt0.o
LOAD build/main.o
LOAD build/stm32l4xx_it.o
LOAD build/stm32l4xx_ll_utils.o
LOAD build/stm32l4xx_ll_exti.o
LOAD build/stm32l4xx_ll_gpio.o
LOAD build/stm32l4xx_ll_dma.o
LOAD build/stm32l4xx_ll_i2c.o
LOAD build/stm32l4xx_ll_rtc.o
LOAD build/stm32l4xx_ll_spi.o
LOAD build/stm32l4xx_ll_pwr.o
LOAD build/stm32l4xx_ll_tim.o
LOAD build/stm32l4xx_ll_usart.o
LOAD build/stm32l4xx_ll_rcc.o
LOAD build/system_stm32l4xx.o
LOAD build/sysmem.o
LOAD build/syscalls.o
LOAD build/cJSON.o
LOAD build/rtc.o
LOAD build/flash.o
LOAD build/flash_test.o
LOAD build/stm32l4xx_ll_adc.o
LOAD build/stm32l4xx_ll_lpuart.o
LOAD build/application.o
LOAD build/iic_sht35_driver.o
LOAD build/task_queue.o
LOAD build/iic_ms5803_driver.o
LOAD build/calculate.o
LOAD build/timer.o
LOAD build/misc.o
LOAD build/serialport.o
LOAD build/lora.o
LOAD build/host.o
LOAD build/power_manager.o
LOAD build/protocol_manager.o
LOAD build/startup_stm32l412xx.o
LOAD d:/work/leycee/gcc-arm-none-eabi/bin/../lib/gcc/arm-none-eabi/10.3.1/../../../../arm-none-eabi/lib/thumb/v7e-m+fp/hard\libc.a
LOAD d:/work/leycee/gcc-arm-none-eabi/bin/../lib/gcc/arm-none-eabi/10.3.1/../../../../arm-none-eabi/lib/thumb/v7e-m+fp/hard\libm.a
LOAD d:/work/leycee/gcc-arm-none-eabi/bin/../lib/gcc/arm-none-eabi/10.3.1/../../../../arm-none-eabi/lib/thumb/v7e-m+fp/hard\libnosys.a
START GROUP
LOAD d:/work/leycee/gcc-arm-none-eabi/bin/../lib/gcc/arm-none-eabi/10.3.1/thumb/v7e-m+fp/hard\libgcc.a
LOAD d:/work/leycee/gcc-arm-none-eabi/bin/../lib/gcc/arm-none-eabi/10.3.1/../../../../arm-none-eabi/lib/thumb/v7e-m+fp/hard\libc.a
END GROUP
LOAD d:/work/leycee/gcc-arm-none-eabi/bin/../lib/gcc/arm-none-eabi/10.3.1/thumb/v7e-m+fp/hard/crtend.o
LOAD d:/work/leycee/gcc-arm-none-eabi/bin/../lib/gcc/arm-none-eabi/10.3.1/thumb/v7e-m+fp/hard/crtn.o
                0x20008000                _estack = (ORIGIN (RAM) + LENGTH (RAM))
                0x00000200                _Min_Heap_Size = 0x200
                0x00000400                _Min_Stack_Size = 0x400

.isr_vector     0x08000000      0x190
                0x08000000                . = ALIGN (0x8)
 *(.isr_vector)
 .isr_vector    0x08000000      0x18c build/startup_stm32l412xx.o
                0x08000000                g_pfnVectors
                0x08000190                . = ALIGN (0x8)
 *fill*         0x0800018c        0x4 

.text           0x080001c0    0x15af8
                0x080001c0                . = ALIGN (0x8)
 *(.text)
 .text          0x080001c0       0x40 d:/work/leycee/gcc-arm-none-eabi/bin/../lib/gcc/arm-none-eabi/10.3.1/thumb/v7e-m+fp/hard/crtbegin.o
 .text          0x08000200      0x134 d:/work/leycee/gcc-arm-none-eabi/bin/../lib/gcc/arm-none-eabi/10.3.1/../../../../arm-none-eabi/lib/thumb/v7e-m+fp/hard\libc.a(lib_a-memcpy.o)
                0x08000200                memcpy
 *fill*         0x08000334        0xc 
 .text          0x08000340      0x2dc d:/work/leycee/gcc-arm-none-eabi/bin/../lib/gcc/arm-none-eabi/10.3.1/../../../../arm-none-eabi/lib/thumb/v7e-m+fp/hard\libc.a(lib_a-strcmp.o)
                0x08000348                strcmp
 *fill*         0x0800061c       0x24 
 .text          0x08000640       0xdc d:/work/leycee/gcc-arm-none-eabi/bin/../lib/gcc/arm-none-eabi/10.3.1/../../../../arm-none-eabi/lib/thumb/v7e-m+fp/hard\libc.a(lib_a-strlen.o)
                0x08000640                strlen
 *fill*         0x0800071c        0x4 
 .text          0x08000720       0xa0 d:/work/leycee/gcc-arm-none-eabi/bin/../lib/gcc/arm-none-eabi/10.3.1/../../../../arm-none-eabi/lib/thumb/v7e-m+fp/hard\libc.a(lib_a-memchr.o)
                0x08000720                memchr
 .text          0x080007c0      0x378 d:/work/leycee/gcc-arm-none-eabi/bin/../lib/gcc/arm-none-eabi/10.3.1/thumb/v7e-m+fp/hard\libgcc.a(_arm_addsubdf3.o)
                0x080007c0                __aeabi_drsub
                0x080007c8                __aeabi_dsub
                0x080007c8                __subdf3
                0x080007cc                __aeabi_dadd
                0x080007cc                __adddf3
                0x08000a44                __floatunsidf
                0x08000a44                __aeabi_ui2d
                0x08000a64                __floatsidf
                0x08000a64                __aeabi_i2d
                0x08000a88                __aeabi_f2d
                0x08000a88                __extendsfdf2
                0x08000acc                __floatundidf
                0x08000acc                __aeabi_ul2d
                0x08000adc                __floatdidf
                0x08000adc                __aeabi_l2d
 .text          0x08000b38      0x424 d:/work/leycee/gcc-arm-none-eabi/bin/../lib/gcc/arm-none-eabi/10.3.1/thumb/v7e-m+fp/hard\libgcc.a(_arm_muldivdf3.o)
                0x08000b38                __aeabi_dmul
                0x08000b38                __muldf3
                0x08000d8c                __divdf3
                0x08000d8c                __aeabi_ddiv
 .text          0x08000f5c      0x110 d:/work/leycee/gcc-arm-none-eabi/bin/../lib/gcc/arm-none-eabi/10.3.1/thumb/v7e-m+fp/hard\libgcc.a(_arm_cmpdf2.o)
                0x08000f5c                __gtdf2
                0x08000f5c                __gedf2
                0x08000f64                __ltdf2
                0x08000f64                __ledf2
                0x08000f6c                __nedf2
                0x08000f6c                __eqdf2
                0x08000f6c                __cmpdf2
                0x08000fe8                __aeabi_cdrcmple
                0x08000ff8                __aeabi_cdcmpeq
                0x08000ff8                __aeabi_cdcmple
                0x08001008                __aeabi_dcmpeq
                0x0800101c                __aeabi_dcmplt
                0x08001030                __aeabi_dcmple
                0x08001044                __aeabi_dcmpge
                0x08001058                __aeabi_dcmpgt
 .text          0x0800106c       0x2c d:/work/leycee/gcc-arm-none-eabi/bin/../lib/gcc/arm-none-eabi/10.3.1/thumb/v7e-m+fp/hard\libgcc.a(_arm_unorddf2.o)
                0x0800106c                __unorddf2
                0x0800106c                __aeabi_dcmpun
 .text          0x08001098       0x50 d:/work/leycee/gcc-arm-none-eabi/bin/../lib/gcc/arm-none-eabi/10.3.1/thumb/v7e-m+fp/hard\libgcc.a(_arm_fixdfsi.o)
                0x08001098                __aeabi_d2iz
                0x08001098                __fixdfsi
 .text          0x080010e8       0x40 d:/work/leycee/gcc-arm-none-eabi/bin/../lib/gcc/arm-none-eabi/10.3.1/thumb/v7e-m+fp/hard\libgcc.a(_arm_fixunsdfsi.o)
                0x080010e8                __aeabi_d2uiz
                0x080010e8                __fixunsdfsi
 .text          0x08001128       0xa0 d:/work/leycee/gcc-arm-none-eabi/bin/../lib/gcc/arm-none-eabi/10.3.1/thumb/v7e-m+fp/hard\libgcc.a(_arm_truncdfsf2.o)
                0x08001128                __truncdfsf2
                0x08001128                __aeabi_d2f
 .text          0x080011c8       0x30 d:/work/leycee/gcc-arm-none-eabi/bin/../lib/gcc/arm-none-eabi/10.3.1/thumb/v7e-m+fp/hard\libgcc.a(_aeabi_uldivmod.o)
                0x080011c8                __aeabi_uldivmod
 .text          0x080011f8       0x30 d:/work/leycee/gcc-arm-none-eabi/bin/../lib/gcc/arm-none-eabi/10.3.1/thumb/v7e-m+fp/hard\libgcc.a(_fixdfdi.o)
                0x080011f8                __fixdfdi
                0x080011f8                __aeabi_d2lz
 .text          0x08001228       0x3c d:/work/leycee/gcc-arm-none-eabi/bin/../lib/gcc/arm-none-eabi/10.3.1/thumb/v7e-m+fp/hard\libgcc.a(_fixunsdfdi.o)
                0x08001228                __fixunsdfdi
                0x08001228                __aeabi_d2ulz
 .text          0x08001264      0x2d0 d:/work/leycee/gcc-arm-none-eabi/bin/../lib/gcc/arm-none-eabi/10.3.1/thumb/v7e-m+fp/hard\libgcc.a(_udivmoddi4.o)
                0x08001264                __udivmoddi4
 .text          0x08001534        0x4 d:/work/leycee/gcc-arm-none-eabi/bin/../lib/gcc/arm-none-eabi/10.3.1/thumb/v7e-m+fp/hard\libgcc.a(_dvmd_tls.o)
                0x08001534                __aeabi_idiv0
                0x08001534                __aeabi_ldiv0
 *(.text*)
 .text.LL_AHB2_GRP1_EnableClock
                0x08001538       0x1c build/main.o
 .text.LL_APB1_GRP1_EnableClock
                0x08001554       0x1c build/main.o
 .text.NVIC_EncodePriority.constprop.0
                0x08001570       0x2a build/main.o
 *fill*         0x0800159a        0x2 
 .text.check_wakeup_source
                0x0800159c       0x54 build/main.o
                0x0800159c                check_wakeup_source
 .text.SystemClock_Config
                0x080015f0      0x110 build/main.o
                0x080015f0                SystemClock_Config
 .text.startup.main
                0x08001700      0x484 build/main.o
                0x08001700                main
 .text.NMI_Handler
                0x08001b84        0x2 build/stm32l4xx_it.o
                0x08001b84                NMI_Handler
 *fill*         0x08001b86        0x2 
 .text.HardFault_Handler
                0x08001b88       0x10 build/stm32l4xx_it.o
                0x08001b88                HardFault_Handler
 .text.MemManage_Handler
                0x08001b98        0x2 build/stm32l4xx_it.o
                0x08001b98                MemManage_Handler
 .text.BusFault_Handler
                0x08001b9a        0x2 build/stm32l4xx_it.o
                0x08001b9a                BusFault_Handler
 .text.UsageFault_Handler
                0x08001b9c        0x2 build/stm32l4xx_it.o
                0x08001b9c                UsageFault_Handler
 .text.SVC_Handler
                0x08001b9e        0x2 build/stm32l4xx_it.o
                0x08001b9e                SVC_Handler
 .text.DebugMon_Handler
                0x08001ba0        0x2 build/stm32l4xx_it.o
                0x08001ba0                DebugMon_Handler
 .text.PendSV_Handler
                0x08001ba2        0x2 build/stm32l4xx_it.o
                0x08001ba2                PendSV_Handler
 .text.I2C1_EV_IRQHandler
                0x08001ba4       0x44 build/stm32l4xx_it.o
                0x08001ba4                I2C1_EV_IRQHandler
 .text.I2C1_ER_IRQHandler
                0x08001be8        0x2 build/stm32l4xx_it.o
                0x08001be8                I2C1_ER_IRQHandler
 .text.LL_Init1msTick
                0x08001bea       0x1a build/stm32l4xx_ll_utils.o
                0x08001bea                LL_Init1msTick
 .text.LL_mDelay
                0x08001c04       0x28 build/stm32l4xx_ll_utils.o
                0x08001c04                LL_mDelay
 .text.LL_SetSystemCoreClock
                0x08001c2c        0xc build/stm32l4xx_ll_utils.o
                0x08001c2c                LL_SetSystemCoreClock
 .text.LL_EXTI_Init
                0x08001c38      0x144 build/stm32l4xx_ll_exti.o
                0x08001c38                LL_EXTI_Init
 .text.LL_GPIO_Init
                0x08001d7c      0x136 build/stm32l4xx_ll_gpio.o
                0x08001d7c                LL_GPIO_Init
 .text.LL_I2C_Init
                0x08001eb2       0x6a build/stm32l4xx_ll_i2c.o
                0x08001eb2                LL_I2C_Init
 .text.LL_RTC_EnterInitMode
                0x08001f1c       0x52 build/stm32l4xx_ll_rtc.o
                0x08001f1c                LL_RTC_EnterInitMode
 .text.LL_RTC_ExitInitMode
                0x08001f6e        0xc build/stm32l4xx_ll_rtc.o
                0x08001f6e                LL_RTC_ExitInitMode
 .text.LL_RTC_WaitForSynchro
                0x08001f7a       0x4a build/stm32l4xx_ll_rtc.o
                0x08001f7a                LL_RTC_WaitForSynchro
 .text.LL_RTC_TIME_Init
                0x08001fc4       0xaa build/stm32l4xx_ll_rtc.o
                0x08001fc4                LL_RTC_TIME_Init
 *fill*         0x0800206e        0x2 
 .text.LL_RTC_DATE_Init
                0x08002070       0xb0 build/stm32l4xx_ll_rtc.o
                0x08002070                LL_RTC_DATE_Init
 .text.LL_USART_Init
                0x08002120       0xac build/stm32l4xx_ll_usart.o
                0x08002120                LL_USART_Init
 .text.LL_RCC_HSI_IsReady
                0x080021cc       0x10 build/stm32l4xx_ll_rcc.o
 .text.LL_RCC_LSE_IsReady
                0x080021dc       0x10 build/stm32l4xx_ll_rcc.o
 .text.LL_RCC_MSI_IsEnabledRangeSelect
                0x080021ec       0x10 build/stm32l4xx_ll_rcc.o
 .text.RCC_GetHCLKClockFreq
                0x080021fc       0x18 build/stm32l4xx_ll_rcc.o
 .text.RCC_GetPCLK1ClockFreq
                0x08002214       0x18 build/stm32l4xx_ll_rcc.o
 .text.RCC_GetSystemClockFreq
                0x0800222c       0xf0 build/stm32l4xx_ll_rcc.o
 .text.LL_RCC_GetUSARTClockFreq
                0x0800231c       0xe4 build/stm32l4xx_ll_rcc.o
                0x0800231c                LL_RCC_GetUSARTClockFreq
 .text.LL_RCC_GetLPUARTClockFreq
                0x08002400       0x60 build/stm32l4xx_ll_rcc.o
                0x08002400                LL_RCC_GetLPUARTClockFreq
 .text.SystemInit
                0x08002460       0x14 build/system_stm32l4xx.o
                0x08002460                SystemInit
 .text._sbrk    0x08002474       0x40 build/sysmem.o
                0x08002474                _sbrk
 .text._getpid  0x080024b4        0x4 build/syscalls.o
                0x080024b4                _getpid
 .text._kill    0x080024b8       0x10 build/syscalls.o
                0x080024b8                _kill
 .text._exit    0x080024c8        0xc build/syscalls.o
                0x080024c8                _exit
 .text._read    0x080024d4       0x1c build/syscalls.o
                0x080024d4                _read
 .text._close   0x080024f0        0x6 build/syscalls.o
                0x080024f0                _close
 .text._fstat   0x080024f6        0xa build/syscalls.o
                0x080024f6                _fstat
 .text._isatty  0x08002500        0x4 build/syscalls.o
                0x08002500                _isatty
 .text._lseek   0x08002504        0x4 build/syscalls.o
                0x08002504                _lseek
 .text.parse_hex4
                0x08002508       0x4a build/cJSON.o
 *fill*         0x08002552        0x2 
 .text.parse_string
                0x08002554      0x1e4 build/cJSON.o
 .text.buffer_skip_whitespace
                0x08002738       0x30 build/cJSON.o
 .text.get_array_item
                0x08002768       0x10 build/cJSON.o
 .text.update_offset
                0x08002778       0x18 build/cJSON.o
 .text.ensure   0x08002790       0x82 build/cJSON.o
 *fill*         0x08002812        0x2 
 .text.get_object_item
                0x08002814       0x7c build/cJSON.o
 .text.add_item_to_array
                0x08002890       0x28 build/cJSON.o
 .text.print_string_ptr
                0x080028b8      0x130 build/cJSON.o
 .text.cJSON_strdup.constprop.0
                0x080029e8       0x30 build/cJSON.o
 .text.add_item_to_object.constprop.0
                0x08002a18       0x54 build/cJSON.o
 .text.cJSON_New_Item.isra.0
                0x08002a6c       0x18 build/cJSON.o
 .text.print_value
                0x08002a84      0x3f8 build/cJSON.o
 .text.print.constprop.0
                0x08002e7c       0x94 build/cJSON.o
 .text.cJSON_Delete
                0x08002f10       0x48 build/cJSON.o
                0x08002f10                cJSON_Delete
 .text.parse_value
                0x08002f58      0x318 build/cJSON.o
 .text.cJSON_ParseWithLengthOpts
                0x08003270       0xd4 build/cJSON.o
                0x08003270                cJSON_ParseWithLengthOpts
 .text.cJSON_ParseWithOpts
                0x08003344       0x24 build/cJSON.o
                0x08003344                cJSON_ParseWithOpts
 .text.cJSON_Parse
                0x08003368        0x8 build/cJSON.o
                0x08003368                cJSON_Parse
 .text.cJSON_Print
                0x08003370        0x6 build/cJSON.o
                0x08003370                cJSON_Print
 .text.cJSON_GetArraySize
                0x08003376       0x10 build/cJSON.o
                0x08003376                cJSON_GetArraySize
 .text.cJSON_GetArrayItem
                0x08003386        0xc build/cJSON.o
                0x08003386                cJSON_GetArrayItem
 .text.cJSON_GetObjectItem
                0x08003392        0x6 build/cJSON.o
                0x08003392                cJSON_GetObjectItem
 .text.cJSON_AddItemToArray
                0x08003398        0x4 build/cJSON.o
                0x08003398                cJSON_AddItemToArray
 .text.cJSON_AddItemToObject
                0x0800339c        0x6 build/cJSON.o
                0x0800339c                cJSON_AddItemToObject
 *fill*         0x080033a2        0x6 
 .text.cJSON_CreateNumber
                0x080033a8       0x68 build/cJSON.o
                0x080033a8                cJSON_CreateNumber
 .text.cJSON_AddNumberToObject
                0x08003410       0x2a build/cJSON.o
                0x08003410                cJSON_AddNumberToObject
 *fill*         0x0800343a        0x2 
 .text.cJSON_CreateString
                0x0800343c       0x30 build/cJSON.o
                0x0800343c                cJSON_CreateString
 .text.cJSON_AddStringToObject
                0x0800346c       0x2c build/cJSON.o
                0x0800346c                cJSON_AddStringToObject
 .text.cJSON_CreateArray
                0x08003498       0x18 build/cJSON.o
                0x08003498                cJSON_CreateArray
 .text.cJSON_CreateObject
                0x080034b0       0x18 build/cJSON.o
                0x080034b0                cJSON_CreateObject
 .text.cJSON_IsNumber
                0x080034c8        0xe build/cJSON.o
                0x080034c8                cJSON_IsNumber
 .text.cJSON_IsString
                0x080034d6        0xe build/cJSON.o
                0x080034d6                cJSON_IsString
 .text.cJSON_IsArray
                0x080034e4        0xe build/cJSON.o
                0x080034e4                cJSON_IsArray
 *fill*         0x080034f2        0x2 
 .text.LL_PWR_IsEnabledBkUpAccess
                0x080034f4       0x10 build/rtc.o
 .text.get_history_config
                0x08003504        0x8 build/rtc.o
                0x08003504                get_history_config
 .text.store_history_config
                0x0800350c       0x74 build/rtc.o
                0x0800350c                store_history_config
 .text.WaitForSynchro_RTC
                0x08003580       0x2c build/rtc.o
                0x08003580                WaitForSynchro_RTC
 .text.Enter_RTC_InitMode
                0x080035ac       0x28 build/rtc.o
                0x080035ac                Enter_RTC_InitMode
 .text.Exit_RTC_InitMode
                0x080035d4       0x14 build/rtc.o
                0x080035d4                Exit_RTC_InitMode
 .text.Set_RTC_Alarm_LL
                0x080035e8       0xa8 build/rtc.o
                0x080035e8                Set_RTC_Alarm_LL
 .text.update_alarm_time
                0x08003690       0x98 build/rtc.o
                0x08003690                update_alarm_time
 .text.RTC_Set_Time
                0x08003728       0x70 build/rtc.o
                0x08003728                RTC_Set_Time
 .text.MX_RTC_Init
                0x08003798      0x124 build/rtc.o
                0x08003798                MX_RTC_Init
 .text.RTC_Alarm_IRQHandler
                0x080038bc       0x1c build/rtc.o
                0x080038bc                RTC_Alarm_IRQHandler
 .text.FLASH_WaitForLastOperation
                0x080038d8       0x50 build/flash.o
                0x080038d8                FLASH_WaitForLastOperation
 .text.FLASH_Unlock
                0x08003928       0x2c build/flash.o
                0x08003928                FLASH_Unlock
 .text.FLASH_ErasePage
                0x08003954       0x54 build/flash.o
                0x08003954                FLASH_ErasePage
 .text.FLASH_ProgramDoubleWord
                0x080039a8       0x40 build/flash.o
                0x080039a8                FLASH_ProgramDoubleWord
 .text.FLASH_Lock
                0x080039e8       0x18 build/flash.o
                0x080039e8                FLASH_Lock
 .text.LL_ADC_CommonInit
                0x08003a00       0x48 build/stm32l4xx_ll_adc.o
                0x08003a00                LL_ADC_CommonInit
 .text.LL_ADC_Init
                0x08003a48       0x2a build/stm32l4xx_ll_adc.o
                0x08003a48                LL_ADC_Init
 *fill*         0x08003a72        0x2 
 .text.LL_ADC_REG_Init
                0x08003a74       0x48 build/stm32l4xx_ll_adc.o
                0x08003a74                LL_ADC_REG_Init
 .text.LL_LPUART_Init
                0x08003abc       0x74 build/stm32l4xx_ll_lpuart.o
                0x08003abc                LL_LPUART_Init
 .text._ZN20from_member_functionIM12PowerManagerFvvEE18to_unique_functionIXadL_ZNS0_18enter_standby_modeEvEEEEvPvj
                0x08003b30        0x4 build/application.o
                0x08003b30                void from_member_function<void (PowerManager::*)()>::to_unique_function<&PowerManager::enter_standby_mode>(void*, unsigned int)
 .text._ZN20from_member_functionIM11applicationFvvEE18to_unique_functionIXadL_ZNS0_23host_enter_standby_modeEvEEEEvPvj
                0x08003b34       0x22 build/application.o
                0x08003b34                void from_member_function<void (application::*)()>::to_unique_function<&application::host_enter_standby_mode>(void*, unsigned int)
 .text._ZN15ProtocolManager13set_wake_typeEPc
                0x08003b56       0x1c build/application.o
                0x08003b56                ProtocolManager::set_wake_type(char*)
 *fill*         0x08003b72        0x2 
 .text._ZN11applicationC2Ev
                0x08003b74      0x104 build/application.o
                0x08003b74                application::application()
                0x08003b74                application::application()
 .text.initial_application
                0x08003c78       0x20 build/application.o
                0x08003c78                initial_application
 .text.exec     0x08003c98       0x1c build/application.o
                0x08003c98                exec
 .text._ZN12param_buffer22pop_values_from_streamIfEEjjRT_
                0x08003cb4       0x1c build/application.o
                0x08003cb4                unsigned int param_buffer::pop_values_from_stream<float>(unsigned int, float&)
 .text._ZN20from_member_functionIM11applicationFvffEE18to_unique_functionIXadL_ZNS0_22ms5803_sample_completeEffEEEEvPvj
                0x08003cd0       0x84 build/application.o
                0x08003cd0                void from_member_function<void (application::*)(float, float)>::to_unique_function<&application::ms5803_sample_complete>(void*, unsigned int)
 *fill*         0x08003d54        0x4 
 .text._ZN20from_member_functionIM11applicationFvffEE18to_unique_functionIXadL_ZNS0_21sht35_sample_completeEffEEEEvPvj
                0x08003d58      0x1ec build/application.o
                0x08003d58                void from_member_function<void (application::*)(float, float)>::to_unique_function<&application::sht35_sample_complete>(void*, unsigned int)
 .text._ZN16iic_sht45_driverC2Ev
                0x08003f44       0x18 build/iic_sht35_driver.o
                0x08003f44                iic_sht45_driver::iic_sht45_driver()
                0x08003f44                iic_sht45_driver::iic_sht45_driver()
 .text._ZN16iic_sht45_driver4readEv
                0x08003f5c       0x54 build/iic_sht35_driver.o
                0x08003f5c                iic_sht45_driver::read()
 .text._ZN16iic_sht45_driver10read_valueEv
                0x08003fb0       0x4c build/iic_sht35_driver.o
                0x08003fb0                iic_sht45_driver::read_value()
 .text._ZN20from_member_functionIM16iic_sht45_driverFvvEE18to_unique_functionIXadL_ZNS0_10read_valueEvEEEEvPvj
                0x08003ffc        0x4 build/iic_sht35_driver.o
                0x08003ffc                void from_member_function<void (iic_sht45_driver::*)()>::to_unique_function<&iic_sht45_driver::read_value>(void*, unsigned int)
 .text._ZN16iic_sht45_driver22iic_rx_complete_handleEh
                0x08004000       0xe4 build/iic_sht35_driver.o
                0x08004000                iic_sht45_driver::iic_rx_complete_handle(unsigned char)
 .text._ZN20from_member_functionIM16iic_sht45_driverFvhEE19to_c_style_functionIXadL_ZNS0_22iic_rx_complete_handleEhEEEEvPvh
                0x080040e4        0x4 build/iic_sht35_driver.o
                0x080040e4                void from_member_function<void (iic_sht45_driver::*)(unsigned char)>::to_c_style_function<&iic_sht45_driver::iic_rx_complete_handle>(void*, unsigned char)
 .text._ZZN16iic_sht45_driver10read_valueEvENUlPvhE_4_FUNES0_h
                0x080040e8        0x4 build/iic_sht35_driver.o
 .text._ZN16iic_sht45_driver22iic_tx_complete_handleEv
                0x080040ec       0x1c build/iic_sht35_driver.o
                0x080040ec                iic_sht45_driver::iic_tx_complete_handle()
 .text._ZN20from_member_functionIM16iic_sht45_driverFvvEE19to_c_style_functionIXadL_ZNS0_22iic_tx_complete_handleEvEEEEvPv
                0x08004108        0x4 build/iic_sht35_driver.o
                0x08004108                void from_member_function<void (iic_sht45_driver::*)()>::to_c_style_function<&iic_sht45_driver::iic_tx_complete_handle>(void*)
 .text._ZZN16iic_sht45_driver10read_valueEvENUlPvE0_4_FUNES0_
                0x0800410c        0x4 build/iic_sht35_driver.o
 .text._ZN10task_queueC2Ev
                0x08004110        0xc build/task_queue.o
                0x08004110                task_queue::task_queue()
                0x08004110                task_queue::task_queue()
 .text._ZN12param_bufferC2Ev
                0x0800411c        0xc build/task_queue.o
                0x0800411c                param_buffer::param_buffer()
                0x0800411c                param_buffer::param_buffer()
 .text._ZN12param_buffer7get_endEv
                0x08004128        0x8 build/task_queue.o
                0x08004128                param_buffer::get_end()
 .text._ZN12param_buffer7set_endEj
                0x08004130        0x8 build/task_queue.o
                0x08004130                param_buffer::set_end(unsigned int)
 .text._ZN10task_queue5emptyEv
                0x08004138       0x10 build/task_queue.o
                0x08004138                task_queue::empty()
 .text._ZN10task_queue4fullEv
                0x08004148       0x18 build/task_queue.o
                0x08004148                task_queue::full()
 .text._ZN10task_queue4postEPFvPvjES0_j
                0x08004160       0x34 build/task_queue.o
                0x08004160                task_queue::post(void (*)(void*, unsigned int), void*, unsigned int)
 .text._ZN10task_queue6invokeEv
                0x08004194       0x30 build/task_queue.o
                0x08004194                task_queue::invoke()
 .text.NVIC_EncodePriority.constprop.0
                0x080041c4        0x4 build/iic_ms5803_driver.o
 .text._ZN17iic_ms5803_driver6commonEv
                0x080041c8       0x28 build/iic_ms5803_driver.o
                0x080041c8                iic_ms5803_driver::common()
 .text._ZN17iic_ms5803_driver8read_adcEv
                0x080041f0       0x30 build/iic_ms5803_driver.o
                0x080041f0                iic_ms5803_driver::read_adc()
 .text._ZN20from_member_functionIM17iic_ms5803_driverFvvEE18to_unique_functionIXadL_ZNS0_8read_adcEvEEEEvPvj
                0x08004220        0x4 build/iic_ms5803_driver.o
                0x08004220                void from_member_function<void (iic_ms5803_driver::*)()>::to_unique_function<&iic_ms5803_driver::read_adc>(void*, unsigned int)
 .text._ZN17iic_ms5803_driver17send_command_wordEv
                0x08004224       0x2c build/iic_ms5803_driver.o
                0x08004224                iic_ms5803_driver::send_command_word()
 .text._ZN20from_member_functionIM17iic_ms5803_driverFvvEE18to_unique_functionIXadL_ZNS0_17send_command_wordEvEEEEvPvj
                0x08004250        0x4 build/iic_ms5803_driver.o
                0x08004250                void from_member_function<void (iic_ms5803_driver::*)()>::to_unique_function<&iic_ms5803_driver::send_command_word>(void*, unsigned int)
 .text._ZN17iic_ms5803_driverC2Ev
                0x08004254       0x28 build/iic_ms5803_driver.o
                0x08004254                iic_ms5803_driver::iic_ms5803_driver()
                0x08004254                iic_ms5803_driver::iic_ms5803_driver()
 .text._ZN17iic_ms5803_driver12read_caldataEv
                0x0800427c       0xf4 build/iic_ms5803_driver.o
                0x0800427c                iic_ms5803_driver::read_caldata()
 .text._ZN17iic_ms5803_driver4readEv
                0x08004370        0xc build/iic_ms5803_driver.o
                0x08004370                iic_ms5803_driver::read()
 .text._ZN17iic_ms5803_driver22iic_rx_complete_handleEh
                0x0800437c       0x88 build/iic_ms5803_driver.o
                0x0800437c                iic_ms5803_driver::iic_rx_complete_handle(unsigned char)
 .text._ZN20from_member_functionIM17iic_ms5803_driverFvhEE19to_c_style_functionIXadL_ZNS0_22iic_rx_complete_handleEhEEEEvPvh
                0x08004404        0x4 build/iic_ms5803_driver.o
                0x08004404                void from_member_function<void (iic_ms5803_driver::*)(unsigned char)>::to_c_style_function<&iic_ms5803_driver::iic_rx_complete_handle>(void*, unsigned char)
 .text._ZN17iic_ms5803_driver22iic_tx_complete_handleEv
                0x08004408       0x58 build/iic_ms5803_driver.o
                0x08004408                iic_ms5803_driver::iic_tx_complete_handle()
 .text._ZN20from_member_functionIM17iic_ms5803_driverFvvEE19to_c_style_functionIXadL_ZNS0_22iic_tx_complete_handleEvEEEEvPv
                0x08004460        0x4 build/iic_ms5803_driver.o
                0x08004460                void from_member_function<void (iic_ms5803_driver::*)()>::to_c_style_function<&iic_ms5803_driver::iic_tx_complete_handle>(void*)
 .text._ZN17iic_ms5803_driver19on_sample_completedEv
                0x08004464      0x154 build/iic_ms5803_driver.o
                0x08004464                iic_ms5803_driver::on_sample_completed()
 .text._ZN20from_member_functionIM17iic_ms5803_driverFvvEE18to_unique_functionIXadL_ZNS0_19on_sample_completedEvEEEEvPvj
                0x080045b8        0x4 build/iic_ms5803_driver.o
                0x080045b8                void from_member_function<void (iic_ms5803_driver::*)()>::to_unique_function<&iic_ms5803_driver::on_sample_completed>(void*, unsigned int)
 *fill*         0x080045bc        0x4 
 .text._Z8interp_zdd
                0x080045c0      0x1ec build/calculate.o
                0x080045c0                interp_z(double, double)
 *fill*         0x080047ac        0x4 
 .text._ZN9calculate13calculate_sf6ERNS_6resultERNS_5paramE
                0x080047b0      0x9b8 build/calculate.o
                0x080047b0                calculate::calculate_sf6(calculate::result&, calculate::param&)
 .text._ZN5timerC2Ev
                0x08005168       0x3c build/timer.o
                0x08005168                timer::timer()
                0x08005168                timer::timer()
 .text._ZN5timer13check_timeoutEv
                0x080051a4       0x58 build/timer.o
                0x080051a4                timer::check_timeout()
 .text._ZN5timer15executate_afterEjPFvPvjES0_
                0x080051fc       0x1c build/timer.o
                0x080051fc                timer::executate_after(unsigned int, void (*)(void*, unsigned int), void*)
 .text._ZN5timer6cancelEv
                0x08005218        0xe build/timer.o
                0x08005218                timer::cancel()
 *fill*         0x08005226        0x2 
 .text.SysTick_Handler
                0x08005228       0x2c build/timer.o
                0x08005228                SysTick_Handler
 .text._Znwj    0x08005254        0x4 build/misc.o
                0x08005254                operator new(unsigned int)
 .text._ZdlPv   0x08005258        0x4 build/misc.o
                0x08005258                operator delete(void*)
 .text._write   0x0800525c       0x20 build/misc.o
                0x0800525c                _write
 .text._ZN10serialport7on_recvEh
                0x0800527c        0x2 build/serialport.o
                0x0800527c                serialport::on_recv(unsigned char)
 .text._ZN10serialportD2Ev
                0x0800527e        0x2 build/serialport.o
                0x0800527e                serialport::~serialport()
                0x0800527e                serialport::~serialport()
 .text._ZN10serialportD0Ev
                0x08005280        0xc build/serialport.o
                0x08005280                serialport::~serialport()
 *fill*         0x0800528c        0x4 
 .text._ZN10serialport4openElhfc
                0x08005290      0x120 build/serialport.o
                0x08005290                serialport::open(long, unsigned char, float, char)
 .text._ZN11serial_gpioC2EP12GPIO_TypeDefm
                0x080053b0        0x6 build/serialport.o
                0x080053b0                serial_gpio::serial_gpio(GPIO_TypeDef*, unsigned long)
                0x080053b0                serial_gpio::serial_gpio(GPIO_TypeDef*, unsigned long)
 .text._ZN10serialport5writeEPKvj
                0x080053b6       0x1a build/serialport.o
                0x080053b6                serialport::write(void const*, unsigned int)
 .text._ZN10serialport25serialport_it_rx_completeEv
                0x080053d0       0x18 build/serialport.o
                0x080053d0                serialport::serialport_it_rx_complete()
 .text._ZN10serialportC2EP13USART_TypeDefRK11serial_gpioS4_
                0x080053e8       0x68 build/serialport.o
                0x080053e8                serialport::serialport(USART_TypeDef*, serial_gpio const&, serial_gpio const&)
                0x080053e8                serialport::serialport(USART_TypeDef*, serial_gpio const&, serial_gpio const&)
 .text.LPUART1_IRQHandler
                0x08005450        0xc build/serialport.o
                0x08005450                LPUART1_IRQHandler
 .text.USART1_IRQHandler
                0x0800545c        0xc build/serialport.o
                0x0800545c                USART1_IRQHandler
 .text.USART2_IRQHandler
                0x08005468        0xc build/serialport.o
                0x08005468                USART2_IRQHandler
 .text._ZN4LoraD2Ev
                0x08005474       0x40 build/lora.o
                0x08005474                Lora::~Lora()
                0x08005474                Lora::~Lora()
 .text._ZN4LoraD0Ev
                0x080054b4       0x12 build/lora.o
                0x080054b4                Lora::~Lora()
 .text._ZN4Lora29start_protocol_handle_processEv
                0x080054c6       0x2e build/lora.o
                0x080054c6                Lora::start_protocol_handle_process()
 .text._ZN4Lora11upload_dataEv
                0x080054f4       0x34 build/lora.o
                0x080054f4                Lora::upload_data()
 .text._ZN4LoraC2EP13USART_TypeDefRK11serial_gpioS4_
                0x08005528       0x6c build/lora.o
                0x08005528                Lora::Lora(USART_TypeDef*, serial_gpio const&, serial_gpio const&)
                0x08005528                Lora::Lora(USART_TypeDef*, serial_gpio const&, serial_gpio const&)
 .text._ZN4Lora20reset_receive_bufferEv
                0x08005594       0x18 build/lora.o
                0x08005594                Lora::reset_receive_buffer()
 .text._ZN4Lora7on_recvEh
                0x080055ac       0xc0 build/lora.o
                0x080055ac                Lora::on_recv(unsigned char)
 .text._ZN4HostD2Ev
                0x0800566c       0x14 build/host.o
                0x0800566c                Host::~Host()
                0x0800566c                Host::~Host()
 .text._ZN4HostD0Ev
                0x08005680       0x12 build/host.o
                0x08005680                Host::~Host()
 .text._ZN4Host20reset_receive_bufferEv
                0x08005692       0x18 build/host.o
                0x08005692                Host::reset_receive_buffer()
 .text._ZN4Host27start_communication_prepareEv
                0x080056aa       0x1a build/host.o
                0x080056aa                Host::start_communication_prepare()
 .text._ZN4Host29start_protocol_handle_processEv
                0x080056c4       0x44 build/host.o
                0x080056c4                Host::start_protocol_handle_process()
 .text._ZN4Host7on_recvEh
                0x08005708       0xd0 build/host.o
                0x08005708                Host::on_recv(unsigned char)
 .text._ZN4HostC2EP13USART_TypeDefRK11serial_gpioS4_
                0x080057d8       0x54 build/host.o
                0x080057d8                Host::Host(USART_TypeDef*, serial_gpio const&, serial_gpio const&)
                0x080057d8                Host::Host(USART_TypeDef*, serial_gpio const&, serial_gpio const&)
 .text.LL_GPIO_SetPinPull.constprop.0
                0x0800582c       0x26 build/power_manager.o
 .text.LL_GPIO_SetPinMode.constprop.0
                0x08005852       0x2c build/power_manager.o
 *fill*         0x0800587e        0x2 
 .text._ZN12PowerManager13usart1_deinitEv
                0x08005880       0xc4 build/power_manager.o
                0x08005880                PowerManager::usart1_deinit()
 .text._ZN12PowerManager11I2C1_DeInitEv
                0x08005944       0x74 build/power_manager.o
                0x08005944                PowerManager::I2C1_DeInit()
 .text._ZN12PowerManager13lpuart_deinitEv
                0x080059b8       0xe4 build/power_manager.o
                0x080059b8                PowerManager::lpuart_deinit()
 .text._ZN12PowerManager11gpio_deinitEv
                0x08005a9c       0x54 build/power_manager.o
                0x08005a9c                PowerManager::gpio_deinit()
 .text._ZN12PowerManager6deinitEv
                0x08005af0       0x1e build/power_manager.o
                0x08005af0                PowerManager::deinit()
 *fill*         0x08005b0e        0x2 
 .text._ZN12PowerManager18enter_standby_modeEv
                0x08005b10       0x70 build/power_manager.o
                0x08005b10                PowerManager::enter_standby_mode()
 .text._ZN15ProtocolManager21parse_host_at_commandEPKc
                0x08005b80      0x128 build/protocol_manager.o
                0x08005b80                ProtocolManager::parse_host_at_command(char const*)
 .text._Z9clear_logv
                0x08005ca8       0x20 build/protocol_manager.o
                0x08005ca8                clear_log()
 .text._Z15internal_printfPKcz
                0x08005cc8       0x5c build/protocol_manager.o
                0x08005cc8                internal_printf(char const*, ...)
 .text._ZN15ProtocolManager27generate_lora_protocol_jsonEPKcS1_P5cJSON
                0x08005d24      0x910 build/protocol_manager.o
                0x08005d24                ProtocolManager::generate_lora_protocol_json(char const*, char const*, cJSON*)
 .text._ZN15ProtocolManager23wrap_lora_response_jsonEPKcS1_
                0x08006634       0x8c build/protocol_manager.o
                0x08006634                ProtocolManager::wrap_lora_response_json(char const*, char const*)
 .text._ZN15ProtocolManager25lora_protocol_json_handleEPKc
                0x080066c0      0x170 build/protocol_manager.o
                0x080066c0                ProtocolManager::lora_protocol_json_handle(char const*)
 .text.Reset_Handler
                0x08006830       0x50 build/startup_stm32l412xx.o
                0x08006830                Reset_Handler
 .text.Default_Handler
                0x08006880        0x2 build/startup_stm32l412xx.o
                0x08006880                EXTI2_IRQHandler
                0x08006880                TIM1_CC_IRQHandler
                0x08006880                TSC_IRQHandler
                0x08006880                TIM6_IRQHandler
                0x08006880                TAMP_STAMP_IRQHandler
                0x08006880                EXTI3_IRQHandler
                0x08006880                LPTIM2_IRQHandler
                0x08006880                I2C3_ER_IRQHandler
                0x08006880                EXTI0_IRQHandler
                0x08006880                I2C2_EV_IRQHandler
                0x08006880                FPU_IRQHandler
                0x08006880                TIM1_UP_TIM16_IRQHandler
                0x08006880                ADC1_2_IRQHandler
                0x08006880                SPI1_IRQHandler
                0x08006880                DMA2_Channel2_IRQHandler
                0x08006880                DMA1_Channel4_IRQHandler
                0x08006880                USART3_IRQHandler
                0x08006880                DMA1_Channel7_IRQHandler
                0x08006880                DMA2_Channel1_IRQHandler
                0x08006880                QUADSPI_IRQHandler
                0x08006880                DMA1_Channel6_IRQHandler
                0x08006880                DMA2_Channel4_IRQHandler
                0x08006880                RCC_IRQHandler
                0x08006880                TIM1_TRG_COM_IRQHandler
                0x08006880                DMA1_Channel1_IRQHandler
                0x08006880                Default_Handler
                0x08006880                DMA2_Channel7_IRQHandler
                0x08006880                EXTI15_10_IRQHandler
                0x08006880                I2C3_EV_IRQHandler
                0x08006880                USB_IRQHandler
                0x08006880                EXTI9_5_IRQHandler
                0x08006880                RTC_WKUP_IRQHandler
                0x08006880                PVD_PVM_IRQHandler
                0x08006880                SPI2_IRQHandler
                0x08006880                DMA2_Channel5_IRQHandler
                0x08006880                CRS_IRQHandler
                0x08006880                DMA1_Channel5_IRQHandler
                0x08006880                EXTI4_IRQHandler
                0x08006880                RNG_IRQHandler
                0x08006880                DMA1_Channel3_IRQHandler
                0x08006880                COMP_IRQHandler
                0x08006880                WWDG_IRQHandler
                0x08006880                DMA2_Channel6_IRQHandler
                0x08006880                TIM2_IRQHandler
                0x08006880                EXTI1_IRQHandler
                0x08006880                I2C2_ER_IRQHandler
                0x08006880                DMA1_Channel2_IRQHandler
                0x08006880                FLASH_IRQHandler
                0x08006880                LPTIM1_IRQHandler
                0x08006880                DMA2_Channel3_IRQHandler
                0x08006880                TIM1_BRK_TIM15_IRQHandler
 *fill*         0x08006882        0x2 
 .text.__errno  0x08006884        0xc d:/work/leycee/gcc-arm-none-eabi/bin/../lib/gcc/arm-none-eabi/10.3.1/../../../../arm-none-eabi/lib/thumb/v7e-m+fp/hard\libc.a(lib_a-errno.o)
                0x08006884                __errno
 .text.__libc_init_array
                0x08006890       0x48 d:/work/leycee/gcc-arm-none-eabi/bin/../lib/gcc/arm-none-eabi/10.3.1/../../../../arm-none-eabi/lib/thumb/v7e-m+fp/hard\libc.a(lib_a-init.o)
                0x08006890                __libc_init_array
 .text.malloc   0x080068d8       0x10 d:/work/leycee/gcc-arm-none-eabi/bin/../lib/gcc/arm-none-eabi/10.3.1/../../../../arm-none-eabi/lib/thumb/v7e-m+fp/hard\libc.a(lib_a-malloc.o)
                0x080068d8                malloc
 .text.free     0x080068e8       0x10 d:/work/leycee/gcc-arm-none-eabi/bin/../lib/gcc/arm-none-eabi/10.3.1/../../../../arm-none-eabi/lib/thumb/v7e-m+fp/hard\libc.a(lib_a-malloc.o)
                0x080068e8                free
 .text._malloc_r
                0x080068f8      0x560 d:/work/leycee/gcc-arm-none-eabi/bin/../lib/gcc/arm-none-eabi/10.3.1/../../../../arm-none-eabi/lib/thumb/v7e-m+fp/hard\libc.a(lib_a-mallocr.o)
                0x080068f8                _malloc_r
 .text.memmove  0x08006e58       0xf8 d:/work/leycee/gcc-arm-none-eabi/bin/../lib/gcc/arm-none-eabi/10.3.1/../../../../arm-none-eabi/lib/thumb/v7e-m+fp/hard\libc.a(lib_a-memmove.o)
                0x08006e58                memmove
 .text.memset   0x08006f50       0xa4 d:/work/leycee/gcc-arm-none-eabi/bin/../lib/gcc/arm-none-eabi/10.3.1/../../../../arm-none-eabi/lib/thumb/v7e-m+fp/hard\libc.a(lib_a-memset.o)
                0x08006f50                memset
 .text.__malloc_lock
                0x08006ff4        0xc d:/work/leycee/gcc-arm-none-eabi/bin/../lib/gcc/arm-none-eabi/10.3.1/../../../../arm-none-eabi/lib/thumb/v7e-m+fp/hard\libc.a(lib_a-mlock.o)
                0x08006ff4                __malloc_lock
 .text.__malloc_unlock
                0x08007000        0xc d:/work/leycee/gcc-arm-none-eabi/bin/../lib/gcc/arm-none-eabi/10.3.1/../../../../arm-none-eabi/lib/thumb/v7e-m+fp/hard\libc.a(lib_a-mlock.o)
                0x08007000                __malloc_unlock
 .text.printf   0x0800700c       0x28 d:/work/leycee/gcc-arm-none-eabi/bin/../lib/gcc/arm-none-eabi/10.3.1/../../../../arm-none-eabi/lib/thumb/v7e-m+fp/hard\libc.a(lib_a-printf.o)
                0x0800700c                printf
 .text._puts_r  0x08007034       0x9c d:/work/leycee/gcc-arm-none-eabi/bin/../lib/gcc/arm-none-eabi/10.3.1/../../../../arm-none-eabi/lib/thumb/v7e-m+fp/hard\libc.a(lib_a-puts.o)
                0x08007034                _puts_r
 .text.puts     0x080070d0       0x10 d:/work/leycee/gcc-arm-none-eabi/bin/../lib/gcc/arm-none-eabi/10.3.1/../../../../arm-none-eabi/lib/thumb/v7e-m+fp/hard\libc.a(lib_a-puts.o)
                0x080070d0                puts
 .text.realloc  0x080070e0       0x18 d:/work/leycee/gcc-arm-none-eabi/bin/../lib/gcc/arm-none-eabi/10.3.1/../../../../arm-none-eabi/lib/thumb/v7e-m+fp/hard\libc.a(lib_a-realloc.o)
                0x080070e0                realloc
 .text._realloc_r
                0x080070f8      0x3d8 d:/work/leycee/gcc-arm-none-eabi/bin/../lib/gcc/arm-none-eabi/10.3.1/../../../../arm-none-eabi/lib/thumb/v7e-m+fp/hard\libc.a(lib_a-reallocr.o)
                0x080070f8                _realloc_r
 .text._sbrk_r  0x080074d0       0x24 d:/work/leycee/gcc-arm-none-eabi/bin/../lib/gcc/arm-none-eabi/10.3.1/../../../../arm-none-eabi/lib/thumb/v7e-m+fp/hard\libc.a(lib_a-sbrkr.o)
                0x080074d0                _sbrk_r
 .text.sprintf  0x080074f4       0x40 d:/work/leycee/gcc-arm-none-eabi/bin/../lib/gcc/arm-none-eabi/10.3.1/../../../../arm-none-eabi/lib/thumb/v7e-m+fp/hard\libc.a(lib_a-sprintf.o)
                0x080074f4                sprintf
 .text.sscanf   0x08007534       0x58 d:/work/leycee/gcc-arm-none-eabi/bin/../lib/gcc/arm-none-eabi/10.3.1/../../../../arm-none-eabi/lib/thumb/v7e-m+fp/hard\libc.a(lib_a-sscanf.o)
                0x08007534                sscanf
 .text.__sread  0x0800758c       0x24 d:/work/leycee/gcc-arm-none-eabi/bin/../lib/gcc/arm-none-eabi/10.3.1/../../../../arm-none-eabi/lib/thumb/v7e-m+fp/hard\libc.a(lib_a-stdio.o)
                0x0800758c                __sread
 .text.__seofread
                0x080075b0        0x4 d:/work/leycee/gcc-arm-none-eabi/bin/../lib/gcc/arm-none-eabi/10.3.1/../../../../arm-none-eabi/lib/thumb/v7e-m+fp/hard\libc.a(lib_a-stdio.o)
                0x080075b0                __seofread
 .text.__swrite
                0x080075b4       0x40 d:/work/leycee/gcc-arm-none-eabi/bin/../lib/gcc/arm-none-eabi/10.3.1/../../../../arm-none-eabi/lib/thumb/v7e-m+fp/hard\libc.a(lib_a-stdio.o)
                0x080075b4                __swrite
 .text.__sseek  0x080075f4       0x20 d:/work/leycee/gcc-arm-none-eabi/bin/../lib/gcc/arm-none-eabi/10.3.1/../../../../arm-none-eabi/lib/thumb/v7e-m+fp/hard\libc.a(lib_a-stdio.o)
                0x080075f4                __sseek
 .text.__sclose
                0x08007614        0x8 d:/work/leycee/gcc-arm-none-eabi/bin/../lib/gcc/arm-none-eabi/10.3.1/../../../../arm-none-eabi/lib/thumb/v7e-m+fp/hard\libc.a(lib_a-stdio.o)
                0x08007614                __sclose
 .text.strcat   0x0800761c       0x40 d:/work/leycee/gcc-arm-none-eabi/bin/../lib/gcc/arm-none-eabi/10.3.1/../../../../arm-none-eabi/lib/thumb/v7e-m+fp/hard\libc.a(lib_a-strcat.o)
                0x0800761c                strcat
 .text.strchr   0x0800765c       0xcc d:/work/leycee/gcc-arm-none-eabi/bin/../lib/gcc/arm-none-eabi/10.3.1/../../../../arm-none-eabi/lib/thumb/v7e-m+fp/hard\libc.a(lib_a-strchr.o)
                0x0800765c                strchr
 .text.strcpy   0x08007728       0xbc d:/work/leycee/gcc-arm-none-eabi/bin/../lib/gcc/arm-none-eabi/10.3.1/../../../../arm-none-eabi/lib/thumb/v7e-m+fp/hard\libc.a(lib_a-strcpy.o)
                0x08007728                strcpy
 .text.strncmp  0x080077e4       0x80 d:/work/leycee/gcc-arm-none-eabi/bin/../lib/gcc/arm-none-eabi/10.3.1/../../../../arm-none-eabi/lib/thumb/v7e-m+fp/hard\libc.a(lib_a-strncmp.o)
                0x080077e4                strncmp
 .text.two_way_long_needle
                0x08007864      0x2b4 d:/work/leycee/gcc-arm-none-eabi/bin/../lib/gcc/arm-none-eabi/10.3.1/../../../../arm-none-eabi/lib/thumb/v7e-m+fp/hard\libc.a(lib_a-strstr.o)
 .text.strstr   0x08007b18      0x168 d:/work/leycee/gcc-arm-none-eabi/bin/../lib/gcc/arm-none-eabi/10.3.1/../../../../arm-none-eabi/lib/thumb/v7e-m+fp/hard\libc.a(lib_a-strstr.o)
                0x08007b18                strstr
 .text._strtod_l
                0x08007c80      0xf50 d:/work/leycee/gcc-arm-none-eabi/bin/../lib/gcc/arm-none-eabi/10.3.1/../../../../arm-none-eabi/lib/thumb/v7e-m+fp/hard\libc.a(lib_a-strtod.o)
                0x08007c80                _strtod_l
 .text._strtod_r
                0x08008bd0        0xc d:/work/leycee/gcc-arm-none-eabi/bin/../lib/gcc/arm-none-eabi/10.3.1/../../../../arm-none-eabi/lib/thumb/v7e-m+fp/hard\libc.a(lib_a-strtod.o)
                0x08008bd0                _strtod_r
 .text.strtod   0x08008bdc       0x20 d:/work/leycee/gcc-arm-none-eabi/bin/../lib/gcc/arm-none-eabi/10.3.1/../../../../arm-none-eabi/lib/thumb/v7e-m+fp/hard\libc.a(lib_a-strtod.o)
                0x08008bdc                strtod
 *fill*         0x08008bfc        0x4 
 .text._svfprintf_r
                0x08008c00     0x1acc d:/work/leycee/gcc-arm-none-eabi/bin/../lib/gcc/arm-none-eabi/10.3.1/../../../../arm-none-eabi/lib/thumb/v7e-m+fp/hard\libc.a(lib_a-svfprintf.o)
                0x08008c00                _svfprintf_r
 .text.__ssvfscanf_r
                0x0800a6cc     0x1754 d:/work/leycee/gcc-arm-none-eabi/bin/../lib/gcc/arm-none-eabi/10.3.1/../../../../arm-none-eabi/lib/thumb/v7e-m+fp/hard\libc.a(lib_a-svfscanf.o)
                0x0800a6cc                __ssvfscanf_r
 .text._vfprintf_r
                0x0800be20     0x1b90 d:/work/leycee/gcc-arm-none-eabi/bin/../lib/gcc/arm-none-eabi/10.3.1/../../../../arm-none-eabi/lib/thumb/v7e-m+fp/hard\libc.a(lib_a-vfprintf.o)
                0x0800be20                _vfprintf_r
 .text.__sbprintf
                0x0800d9b0       0x80 d:/work/leycee/gcc-arm-none-eabi/bin/../lib/gcc/arm-none-eabi/10.3.1/../../../../arm-none-eabi/lib/thumb/v7e-m+fp/hard\libc.a(lib_a-vfprintf.o)
 .text.vsnprintf
                0x0800da30       0x70 d:/work/leycee/gcc-arm-none-eabi/bin/../lib/gcc/arm-none-eabi/10.3.1/../../../../arm-none-eabi/lib/thumb/v7e-m+fp/hard\libc.a(lib_a-vsnprintf.o)
                0x0800da30                vsnprintf
 .text._write_r
                0x0800daa0       0x2c d:/work/leycee/gcc-arm-none-eabi/bin/../lib/gcc/arm-none-eabi/10.3.1/../../../../arm-none-eabi/lib/thumb/v7e-m+fp/hard\libc.a(lib_a-writer.o)
                0x0800daa0                _write_r
 .text.__swsetup_r
                0x0800dacc       0xd4 d:/work/leycee/gcc-arm-none-eabi/bin/../lib/gcc/arm-none-eabi/10.3.1/../../../../arm-none-eabi/lib/thumb/v7e-m+fp/hard\libc.a(lib_a-wsetup.o)
                0x0800dacc                __swsetup_r
 .text.startup.register_fini
                0x0800dba0       0x14 d:/work/leycee/gcc-arm-none-eabi/bin/../lib/gcc/arm-none-eabi/10.3.1/../../../../arm-none-eabi/lib/thumb/v7e-m+fp/hard\libc.a(lib_a-__call_atexit.o)
 .text.atexit   0x0800dbb4        0xc d:/work/leycee/gcc-arm-none-eabi/bin/../lib/gcc/arm-none-eabi/10.3.1/../../../../arm-none-eabi/lib/thumb/v7e-m+fp/hard\libc.a(lib_a-atexit.o)
                0x0800dbb4                atexit
 .text._close_r
                0x0800dbc0       0x24 d:/work/leycee/gcc-arm-none-eabi/bin/../lib/gcc/arm-none-eabi/10.3.1/../../../../arm-none-eabi/lib/thumb/v7e-m+fp/hard\libc.a(lib_a-closer.o)
                0x0800dbc0                _close_r
 .text.quorem   0x0800dbe4      0x128 d:/work/leycee/gcc-arm-none-eabi/bin/../lib/gcc/arm-none-eabi/10.3.1/../../../../arm-none-eabi/lib/thumb/v7e-m+fp/hard\libc.a(lib_a-dtoa.o)
 *fill*         0x0800dd0c        0x4 
 .text._dtoa_r  0x0800dd10      0xf3c d:/work/leycee/gcc-arm-none-eabi/bin/../lib/gcc/arm-none-eabi/10.3.1/../../../../arm-none-eabi/lib/thumb/v7e-m+fp/hard\libc.a(lib_a-dtoa.o)
                0x0800dd10                _dtoa_r
 .text.__sflush_r
                0x0800ec4c      0x130 d:/work/leycee/gcc-arm-none-eabi/bin/../lib/gcc/arm-none-eabi/10.3.1/../../../../arm-none-eabi/lib/thumb/v7e-m+fp/hard\libc.a(lib_a-fflush.o)
                0x0800ec4c                __sflush_r
 .text._fflush_r
                0x0800ed7c       0x5c d:/work/leycee/gcc-arm-none-eabi/bin/../lib/gcc/arm-none-eabi/10.3.1/../../../../arm-none-eabi/lib/thumb/v7e-m+fp/hard\libc.a(lib_a-fflush.o)
                0x0800ed7c                _fflush_r
 .text._cleanup_r
                0x0800edd8        0xc d:/work/leycee/gcc-arm-none-eabi/bin/../lib/gcc/arm-none-eabi/10.3.1/../../../../arm-none-eabi/lib/thumb/v7e-m+fp/hard\libc.a(lib_a-findfp.o)
                0x0800edd8                _cleanup_r
 .text.__sinit  0x0800ede4      0x10c d:/work/leycee/gcc-arm-none-eabi/bin/../lib/gcc/arm-none-eabi/10.3.1/../../../../arm-none-eabi/lib/thumb/v7e-m+fp/hard\libc.a(lib_a-findfp.o)
                0x0800ede4                __sinit
 .text.__sfp_lock_acquire
                0x0800eef0        0xc d:/work/leycee/gcc-arm-none-eabi/bin/../lib/gcc/arm-none-eabi/10.3.1/../../../../arm-none-eabi/lib/thumb/v7e-m+fp/hard\libc.a(lib_a-findfp.o)
                0x0800eef0                __sfp_lock_acquire
 .text.__sfp_lock_release
                0x0800eefc        0xc d:/work/leycee/gcc-arm-none-eabi/bin/../lib/gcc/arm-none-eabi/10.3.1/../../../../arm-none-eabi/lib/thumb/v7e-m+fp/hard\libc.a(lib_a-findfp.o)
                0x0800eefc                __sfp_lock_release
 .text.__libc_fini_array
                0x0800ef08       0x2c d:/work/leycee/gcc-arm-none-eabi/bin/../lib/gcc/arm-none-eabi/10.3.1/../../../../arm-none-eabi/lib/thumb/v7e-m+fp/hard\libc.a(lib_a-fini.o)
                0x0800ef08                __libc_fini_array
 .text._malloc_trim_r
                0x0800ef34       0xa0 d:/work/leycee/gcc-arm-none-eabi/bin/../lib/gcc/arm-none-eabi/10.3.1/../../../../arm-none-eabi/lib/thumb/v7e-m+fp/hard\libc.a(lib_a-freer.o)
                0x0800ef34                _malloc_trim_r
 .text._free_r  0x0800efd4      0x20c d:/work/leycee/gcc-arm-none-eabi/bin/../lib/gcc/arm-none-eabi/10.3.1/../../../../arm-none-eabi/lib/thumb/v7e-m+fp/hard\libc.a(lib_a-freer.o)
                0x0800efd4                _free_r
 .text.__sfvwrite_r
                0x0800f1e0      0x2f0 d:/work/leycee/gcc-arm-none-eabi/bin/../lib/gcc/arm-none-eabi/10.3.1/../../../../arm-none-eabi/lib/thumb/v7e-m+fp/hard\libc.a(lib_a-fvwrite.o)
                0x0800f1e0                __sfvwrite_r
 .text._fwalk_reent
                0x0800f4d0       0x48 d:/work/leycee/gcc-arm-none-eabi/bin/../lib/gcc/arm-none-eabi/10.3.1/../../../../arm-none-eabi/lib/thumb/v7e-m+fp/hard\libc.a(lib_a-fwalk.o)
                0x0800f4d0                _fwalk_reent
 .text.rshift   0x0800f518       0xa4 d:/work/leycee/gcc-arm-none-eabi/bin/../lib/gcc/arm-none-eabi/10.3.1/../../../../arm-none-eabi/lib/thumb/v7e-m+fp/hard\libc.a(lib_a-gdtoa-gethex.o)
 .text.__gethex
                0x0800f5bc      0x5d8 d:/work/leycee/gcc-arm-none-eabi/bin/../lib/gcc/arm-none-eabi/10.3.1/../../../../arm-none-eabi/lib/thumb/v7e-m+fp/hard\libc.a(lib_a-gdtoa-gethex.o)
                0x0800f5bc                __gethex
 .text.__match  0x0800fb94       0x38 d:/work/leycee/gcc-arm-none-eabi/bin/../lib/gcc/arm-none-eabi/10.3.1/../../../../arm-none-eabi/lib/thumb/v7e-m+fp/hard\libc.a(lib_a-gdtoa-hexnan.o)
                0x0800fb94                __match
 .text.__hexnan
                0x0800fbcc      0x1ac d:/work/leycee/gcc-arm-none-eabi/bin/../lib/gcc/arm-none-eabi/10.3.1/../../../../arm-none-eabi/lib/thumb/v7e-m+fp/hard\libc.a(lib_a-gdtoa-hexnan.o)
                0x0800fbcc                __hexnan
 .text.iswspace
                0x0800fd78        0x8 d:/work/leycee/gcc-arm-none-eabi/bin/../lib/gcc/arm-none-eabi/10.3.1/../../../../arm-none-eabi/lib/thumb/v7e-m+fp/hard\libc.a(lib_a-iswspace.o)
                0x0800fd78                iswspace
 .text.iswspace_l
                0x0800fd80       0x14 d:/work/leycee/gcc-arm-none-eabi/bin/../lib/gcc/arm-none-eabi/10.3.1/../../../../arm-none-eabi/lib/thumb/v7e-m+fp/hard\libc.a(lib_a-iswspace_l.o)
                0x0800fd80                iswspace_l
 .text.__locale_mb_cur_max
                0x0800fd94        0xc d:/work/leycee/gcc-arm-none-eabi/bin/../lib/gcc/arm-none-eabi/10.3.1/../../../../arm-none-eabi/lib/thumb/v7e-m+fp/hard\libc.a(lib_a-locale.o)
                0x0800fd94                __locale_mb_cur_max
 .text._localeconv_r
                0x0800fda0        0x8 d:/work/leycee/gcc-arm-none-eabi/bin/../lib/gcc/arm-none-eabi/10.3.1/../../../../arm-none-eabi/lib/thumb/v7e-m+fp/hard\libc.a(lib_a-localeconv.o)
                0x0800fda0                _localeconv_r
 .text.__retarget_lock_init_recursive
                0x0800fda8        0x4 d:/work/leycee/gcc-arm-none-eabi/bin/../lib/gcc/arm-none-eabi/10.3.1/../../../../arm-none-eabi/lib/thumb/v7e-m+fp/hard\libc.a(lib_a-lock.o)
                0x0800fda8                __retarget_lock_init_recursive
 .text.__retarget_lock_close_recursive
                0x0800fdac        0x4 d:/work/leycee/gcc-arm-none-eabi/bin/../lib/gcc/arm-none-eabi/10.3.1/../../../../arm-none-eabi/lib/thumb/v7e-m+fp/hard\libc.a(lib_a-lock.o)
                0x0800fdac                __retarget_lock_close_recursive
 .text.__retarget_lock_acquire_recursive
                0x0800fdb0        0x4 d:/work/leycee/gcc-arm-none-eabi/bin/../lib/gcc/arm-none-eabi/10.3.1/../../../../arm-none-eabi/lib/thumb/v7e-m+fp/hard\libc.a(lib_a-lock.o)
                0x0800fdb0                __retarget_lock_acquire_recursive
 .text.__retarget_lock_release_recursive
                0x0800fdb4        0x4 d:/work/leycee/gcc-arm-none-eabi/bin/../lib/gcc/arm-none-eabi/10.3.1/../../../../arm-none-eabi/lib/thumb/v7e-m+fp/hard\libc.a(lib_a-lock.o)
                0x0800fdb4                __retarget_lock_release_recursive
 .text._lseek_r
                0x0800fdb8       0x2c d:/work/leycee/gcc-arm-none-eabi/bin/../lib/gcc/arm-none-eabi/10.3.1/../../../../arm-none-eabi/lib/thumb/v7e-m+fp/hard\libc.a(lib_a-lseekr.o)
                0x0800fdb8                _lseek_r
 .text.__smakebuf_r
                0x0800fde4       0xe0 d:/work/leycee/gcc-arm-none-eabi/bin/../lib/gcc/arm-none-eabi/10.3.1/../../../../arm-none-eabi/lib/thumb/v7e-m+fp/hard\libc.a(lib_a-makebuf.o)
                0x0800fde4                __smakebuf_r
 .text._mbrtowc_r
                0x0800fec4       0x44 d:/work/leycee/gcc-arm-none-eabi/bin/../lib/gcc/arm-none-eabi/10.3.1/../../../../arm-none-eabi/lib/thumb/v7e-m+fp/hard\libc.a(lib_a-mbrtowc.o)
                0x0800fec4                _mbrtowc_r
 .text.__ascii_mbtowc
                0x0800ff08       0x2c d:/work/leycee/gcc-arm-none-eabi/bin/../lib/gcc/arm-none-eabi/10.3.1/../../../../arm-none-eabi/lib/thumb/v7e-m+fp/hard\libc.a(lib_a-mbtowc_r.o)
                0x0800ff08                __ascii_mbtowc
 .text.memcmp   0x0800ff34       0x64 d:/work/leycee/gcc-arm-none-eabi/bin/../lib/gcc/arm-none-eabi/10.3.1/../../../../arm-none-eabi/lib/thumb/v7e-m+fp/hard\libc.a(lib_a-memcmp.o)
                0x0800ff34                memcmp
 .text._Balloc  0x0800ff98       0x4c d:/work/leycee/gcc-arm-none-eabi/bin/../lib/gcc/arm-none-eabi/10.3.1/../../../../arm-none-eabi/lib/thumb/v7e-m+fp/hard\libc.a(lib_a-mprec.o)
                0x0800ff98                _Balloc
 .text._Bfree   0x0800ffe4       0x14 d:/work/leycee/gcc-arm-none-eabi/bin/../lib/gcc/arm-none-eabi/10.3.1/../../../../arm-none-eabi/lib/thumb/v7e-m+fp/hard\libc.a(lib_a-mprec.o)
                0x0800ffe4                _Bfree
 .text.__multadd
                0x0800fff8       0xa8 d:/work/leycee/gcc-arm-none-eabi/bin/../lib/gcc/arm-none-eabi/10.3.1/../../../../arm-none-eabi/lib/thumb/v7e-m+fp/hard\libc.a(lib_a-mprec.o)
                0x0800fff8                __multadd
 .text.__s2b    0x080100a0       0xb4 d:/work/leycee/gcc-arm-none-eabi/bin/../lib/gcc/arm-none-eabi/10.3.1/../../../../arm-none-eabi/lib/thumb/v7e-m+fp/hard\libc.a(lib_a-mprec.o)
                0x080100a0                __s2b
 .text.__hi0bits
                0x08010154       0x40 d:/work/leycee/gcc-arm-none-eabi/bin/../lib/gcc/arm-none-eabi/10.3.1/../../../../arm-none-eabi/lib/thumb/v7e-m+fp/hard\libc.a(lib_a-mprec.o)
                0x08010154                __hi0bits
 .text.__lo0bits
                0x08010194       0x60 d:/work/leycee/gcc-arm-none-eabi/bin/../lib/gcc/arm-none-eabi/10.3.1/../../../../arm-none-eabi/lib/thumb/v7e-m+fp/hard\libc.a(lib_a-mprec.o)
                0x08010194                __lo0bits
 .text.__i2b    0x080101f4       0x5c d:/work/leycee/gcc-arm-none-eabi/bin/../lib/gcc/arm-none-eabi/10.3.1/../../../../arm-none-eabi/lib/thumb/v7e-m+fp/hard\libc.a(lib_a-mprec.o)
                0x080101f4                __i2b
 .text.__multiply
                0x08010250      0x15c d:/work/leycee/gcc-arm-none-eabi/bin/../lib/gcc/arm-none-eabi/10.3.1/../../../../arm-none-eabi/lib/thumb/v7e-m+fp/hard\libc.a(lib_a-mprec.o)
                0x08010250                __multiply
 .text.__pow5mult
                0x080103ac       0xc0 d:/work/leycee/gcc-arm-none-eabi/bin/../lib/gcc/arm-none-eabi/10.3.1/../../../../arm-none-eabi/lib/thumb/v7e-m+fp/hard\libc.a(lib_a-mprec.o)
                0x080103ac                __pow5mult
 .text.__lshift
                0x0801046c       0xf0 d:/work/leycee/gcc-arm-none-eabi/bin/../lib/gcc/arm-none-eabi/10.3.1/../../../../arm-none-eabi/lib/thumb/v7e-m+fp/hard\libc.a(lib_a-mprec.o)
                0x0801046c                __lshift
 .text.__mcmp   0x0801055c       0x44 d:/work/leycee/gcc-arm-none-eabi/bin/../lib/gcc/arm-none-eabi/10.3.1/../../../../arm-none-eabi/lib/thumb/v7e-m+fp/hard\libc.a(lib_a-mprec.o)
                0x0801055c                __mcmp
 .text.__mdiff  0x080105a0      0x14c d:/work/leycee/gcc-arm-none-eabi/bin/../lib/gcc/arm-none-eabi/10.3.1/../../../../arm-none-eabi/lib/thumb/v7e-m+fp/hard\libc.a(lib_a-mprec.o)
                0x080105a0                __mdiff
 .text.__ulp    0x080106ec       0x60 d:/work/leycee/gcc-arm-none-eabi/bin/../lib/gcc/arm-none-eabi/10.3.1/../../../../arm-none-eabi/lib/thumb/v7e-m+fp/hard\libc.a(lib_a-mprec.o)
                0x080106ec                __ulp
 .text.__b2d    0x0801074c       0xc0 d:/work/leycee/gcc-arm-none-eabi/bin/../lib/gcc/arm-none-eabi/10.3.1/../../../../arm-none-eabi/lib/thumb/v7e-m+fp/hard\libc.a(lib_a-mprec.o)
                0x0801074c                __b2d
 .text.__d2b    0x0801080c       0xd0 d:/work/leycee/gcc-arm-none-eabi/bin/../lib/gcc/arm-none-eabi/10.3.1/../../../../arm-none-eabi/lib/thumb/v7e-m+fp/hard\libc.a(lib_a-mprec.o)
                0x0801080c                __d2b
 .text.__ratio  0x080108dc       0x5c d:/work/leycee/gcc-arm-none-eabi/bin/../lib/gcc/arm-none-eabi/10.3.1/../../../../arm-none-eabi/lib/thumb/v7e-m+fp/hard\libc.a(lib_a-mprec.o)
                0x080108dc                __ratio
 .text.__copybits
                0x08010938       0x5c d:/work/leycee/gcc-arm-none-eabi/bin/../lib/gcc/arm-none-eabi/10.3.1/../../../../arm-none-eabi/lib/thumb/v7e-m+fp/hard\libc.a(lib_a-mprec.o)
                0x08010938                __copybits
 .text.__any_on
                0x08010994       0x64 d:/work/leycee/gcc-arm-none-eabi/bin/../lib/gcc/arm-none-eabi/10.3.1/../../../../arm-none-eabi/lib/thumb/v7e-m+fp/hard\libc.a(lib_a-mprec.o)
                0x08010994                __any_on
 .text._read_r  0x080109f8       0x2c d:/work/leycee/gcc-arm-none-eabi/bin/../lib/gcc/arm-none-eabi/10.3.1/../../../../arm-none-eabi/lib/thumb/v7e-m+fp/hard\libc.a(lib_a-readr.o)
                0x080109f8                _read_r
 .text.frexp    0x08010a24       0x6c d:/work/leycee/gcc-arm-none-eabi/bin/../lib/gcc/arm-none-eabi/10.3.1/../../../../arm-none-eabi/lib/thumb/v7e-m+fp/hard\libc.a(lib_a-s_frexp.o)
                0x08010a24                frexp
 .text.nan      0x08010a90       0x10 d:/work/leycee/gcc-arm-none-eabi/bin/../lib/gcc/arm-none-eabi/10.3.1/../../../../arm-none-eabi/lib/thumb/v7e-m+fp/hard\libc.a(lib_a-s_nan.o)
                0x08010a90                nan
 .text.__sccl   0x08010aa0       0x8c d:/work/leycee/gcc-arm-none-eabi/bin/../lib/gcc/arm-none-eabi/10.3.1/../../../../arm-none-eabi/lib/thumb/v7e-m+fp/hard\libc.a(lib_a-sccl.o)
                0x08010aa0                __sccl
 .text.nanf     0x08010b2c        0xc d:/work/leycee/gcc-arm-none-eabi/bin/../lib/gcc/arm-none-eabi/10.3.1/../../../../arm-none-eabi/lib/thumb/v7e-m+fp/hard\libc.a(lib_a-sf_nan.o)
                0x08010b2c                nanf
 .text.strncpy  0x08010b38       0x64 d:/work/leycee/gcc-arm-none-eabi/bin/../lib/gcc/arm-none-eabi/10.3.1/../../../../arm-none-eabi/lib/thumb/v7e-m+fp/hard\libc.a(lib_a-strncpy.o)
                0x08010b38                strncpy
 .text.strnlen  0x08010b9c       0x24 d:/work/leycee/gcc-arm-none-eabi/bin/../lib/gcc/arm-none-eabi/10.3.1/../../../../arm-none-eabi/lib/thumb/v7e-m+fp/hard\libc.a(lib_a-strnlen.o)
                0x08010b9c                strnlen
 .text._strtol_l.part.0
                0x08010bc0      0x120 d:/work/leycee/gcc-arm-none-eabi/bin/../lib/gcc/arm-none-eabi/10.3.1/../../../../arm-none-eabi/lib/thumb/v7e-m+fp/hard\libc.a(lib_a-strtol.o)
 .text._strtol_r
                0x08010ce0       0x1c d:/work/leycee/gcc-arm-none-eabi/bin/../lib/gcc/arm-none-eabi/10.3.1/../../../../arm-none-eabi/lib/thumb/v7e-m+fp/hard\libc.a(lib_a-strtol.o)
                0x08010ce0                _strtol_r
 .text._strtoll_l.constprop.0
                0x08010cfc      0x170 d:/work/leycee/gcc-arm-none-eabi/bin/../lib/gcc/arm-none-eabi/10.3.1/../../../../arm-none-eabi/lib/thumb/v7e-m+fp/hard\libc.a(lib_a-strtoll.o)
 .text._strtoll_r
                0x08010e6c        0x4 d:/work/leycee/gcc-arm-none-eabi/bin/../lib/gcc/arm-none-eabi/10.3.1/../../../../arm-none-eabi/lib/thumb/v7e-m+fp/hard\libc.a(lib_a-strtoll.o)
                0x08010e6c                _strtoll_r
 .text._strtoul_l.constprop.0
                0x08010e70      0x13c d:/work/leycee/gcc-arm-none-eabi/bin/../lib/gcc/arm-none-eabi/10.3.1/../../../../arm-none-eabi/lib/thumb/v7e-m+fp/hard\libc.a(lib_a-strtoul.o)
 .text._strtoul_r
                0x08010fac        0x4 d:/work/leycee/gcc-arm-none-eabi/bin/../lib/gcc/arm-none-eabi/10.3.1/../../../../arm-none-eabi/lib/thumb/v7e-m+fp/hard\libc.a(lib_a-strtoul.o)
                0x08010fac                _strtoul_r
 .text._strtoull_l.constprop.0
                0x08010fb0      0x19c d:/work/leycee/gcc-arm-none-eabi/bin/../lib/gcc/arm-none-eabi/10.3.1/../../../../arm-none-eabi/lib/thumb/v7e-m+fp/hard\libc.a(lib_a-strtoull.o)
 .text._strtoull_r
                0x0801114c        0x4 d:/work/leycee/gcc-arm-none-eabi/bin/../lib/gcc/arm-none-eabi/10.3.1/../../../../arm-none-eabi/lib/thumb/v7e-m+fp/hard\libc.a(lib_a-strtoull.o)
                0x0801114c                _strtoull_r
 .text.__ssprint_r
                0x08011150       0xf8 d:/work/leycee/gcc-arm-none-eabi/bin/../lib/gcc/arm-none-eabi/10.3.1/../../../../arm-none-eabi/lib/thumb/v7e-m+fp/hard\libc.a(lib_a-svfiprintf.o)
                0x08011150                __ssprint_r
 .text._sungetc_r
                0x08011248       0x80 d:/work/leycee/gcc-arm-none-eabi/bin/../lib/gcc/arm-none-eabi/10.3.1/../../../../arm-none-eabi/lib/thumb/v7e-m+fp/hard\libc.a(lib_a-svfiscanf.o)
                0x08011248                _sungetc_r
 .text.__ssrefill_r
                0x080112c8       0x3c d:/work/leycee/gcc-arm-none-eabi/bin/../lib/gcc/arm-none-eabi/10.3.1/../../../../arm-none-eabi/lib/thumb/v7e-m+fp/hard\libc.a(lib_a-svfiscanf.o)
                0x080112c8                __ssrefill_r
 .text._sfread_r
                0x08011304       0xb4 d:/work/leycee/gcc-arm-none-eabi/bin/../lib/gcc/arm-none-eabi/10.3.1/../../../../arm-none-eabi/lib/thumb/v7e-m+fp/hard\libc.a(lib_a-svfiscanf.o)
                0x08011304                _sfread_r
 .text.__submore
                0x080113b8       0x78 d:/work/leycee/gcc-arm-none-eabi/bin/../lib/gcc/arm-none-eabi/10.3.1/../../../../arm-none-eabi/lib/thumb/v7e-m+fp/hard\libc.a(lib_a-ungetc.o)
                0x080113b8                __submore
 .text.__sprint_r.part.0
                0x08011430       0x78 d:/work/leycee/gcc-arm-none-eabi/bin/../lib/gcc/arm-none-eabi/10.3.1/../../../../arm-none-eabi/lib/thumb/v7e-m+fp/hard\libc.a(lib_a-vfiprintf.o)
 .text.__sprint_r
                0x080114a8       0x18 d:/work/leycee/gcc-arm-none-eabi/bin/../lib/gcc/arm-none-eabi/10.3.1/../../../../arm-none-eabi/lib/thumb/v7e-m+fp/hard\libc.a(lib_a-vfiprintf.o)
                0x080114a8                __sprint_r
 .text._vfiprintf_r
                0x080114c0      0xdfc d:/work/leycee/gcc-arm-none-eabi/bin/../lib/gcc/arm-none-eabi/10.3.1/../../../../arm-none-eabi/lib/thumb/v7e-m+fp/hard\libc.a(lib_a-vfiprintf.o)
                0x080114c0                _vfiprintf_r
 .text.__sbprintf
                0x080122bc       0x80 d:/work/leycee/gcc-arm-none-eabi/bin/../lib/gcc/arm-none-eabi/10.3.1/../../../../arm-none-eabi/lib/thumb/v7e-m+fp/hard\libc.a(lib_a-vfiprintf.o)
 .text.__ascii_wctomb
                0x0801233c       0x1c d:/work/leycee/gcc-arm-none-eabi/bin/../lib/gcc/arm-none-eabi/10.3.1/../../../../arm-none-eabi/lib/thumb/v7e-m+fp/hard\libc.a(lib_a-wctomb_r.o)
                0x0801233c                __ascii_wctomb
 .text.__register_exitproc
                0x08012358       0x8c d:/work/leycee/gcc-arm-none-eabi/bin/../lib/gcc/arm-none-eabi/10.3.1/../../../../arm-none-eabi/lib/thumb/v7e-m+fp/hard\libc.a(lib_a-__atexit.o)
                0x08012358                __register_exitproc
 .text.__assert_func
                0x080123e4       0x40 d:/work/leycee/gcc-arm-none-eabi/bin/../lib/gcc/arm-none-eabi/10.3.1/../../../../arm-none-eabi/lib/thumb/v7e-m+fp/hard\libc.a(lib_a-assert.o)
                0x080123e4                __assert_func
 .text._calloc_r
                0x08012424       0x78 d:/work/leycee/gcc-arm-none-eabi/bin/../lib/gcc/arm-none-eabi/10.3.1/../../../../arm-none-eabi/lib/thumb/v7e-m+fp/hard\libc.a(lib_a-callocr.o)
                0x08012424                _calloc_r
 .text._fclose_r
                0x0801249c       0xcc d:/work/leycee/gcc-arm-none-eabi/bin/../lib/gcc/arm-none-eabi/10.3.1/../../../../arm-none-eabi/lib/thumb/v7e-m+fp/hard\libc.a(lib_a-fclose.o)
                0x0801249c                _fclose_r
 .text.fiprintf
                0x08012568       0x28 d:/work/leycee/gcc-arm-none-eabi/bin/../lib/gcc/arm-none-eabi/10.3.1/../../../../arm-none-eabi/lib/thumb/v7e-m+fp/hard\libc.a(lib_a-fiprintf.o)
                0x08012568                fiprintf
 .text.__fputwc
                0x08012590       0xa8 d:/work/leycee/gcc-arm-none-eabi/bin/../lib/gcc/arm-none-eabi/10.3.1/../../../../arm-none-eabi/lib/thumb/v7e-m+fp/hard\libc.a(lib_a-fputwc.o)
                0x08012590                __fputwc
 .text._fputwc_r
                0x08012638       0x68 d:/work/leycee/gcc-arm-none-eabi/bin/../lib/gcc/arm-none-eabi/10.3.1/../../../../arm-none-eabi/lib/thumb/v7e-m+fp/hard\libc.a(lib_a-fputwc.o)
                0x08012638                _fputwc_r
 .text._fstat_r
                0x080126a0       0x2c d:/work/leycee/gcc-arm-none-eabi/bin/../lib/gcc/arm-none-eabi/10.3.1/../../../../arm-none-eabi/lib/thumb/v7e-m+fp/hard\libc.a(lib_a-fstatr.o)
                0x080126a0                _fstat_r
 .text._isatty_r
                0x080126cc       0x24 d:/work/leycee/gcc-arm-none-eabi/bin/../lib/gcc/arm-none-eabi/10.3.1/../../../../arm-none-eabi/lib/thumb/v7e-m+fp/hard\libc.a(lib_a-isattyr.o)
                0x080126cc                _isatty_r
 .text.__swbuf_r
                0x080126f0       0xb0 d:/work/leycee/gcc-arm-none-eabi/bin/../lib/gcc/arm-none-eabi/10.3.1/../../../../arm-none-eabi/lib/thumb/v7e-m+fp/hard\libc.a(lib_a-wbuf.o)
                0x080126f0                __swbuf_r
 .text._wcrtomb_r
                0x080127a0       0x3c d:/work/leycee/gcc-arm-none-eabi/bin/../lib/gcc/arm-none-eabi/10.3.1/../../../../arm-none-eabi/lib/thumb/v7e-m+fp/hard\libc.a(lib_a-wcrtomb.o)
                0x080127a0                _wcrtomb_r
 .text.abort    0x080127dc       0x10 d:/work/leycee/gcc-arm-none-eabi/bin/../lib/gcc/arm-none-eabi/10.3.1/../../../../arm-none-eabi/lib/thumb/v7e-m+fp/hard\libc.a(lib_a-abort.o)
                0x080127dc                abort
 .text.raise    0x080127ec       0x5c d:/work/leycee/gcc-arm-none-eabi/bin/../lib/gcc/arm-none-eabi/10.3.1/../../../../arm-none-eabi/lib/thumb/v7e-m+fp/hard\libc.a(lib_a-signal.o)
                0x080127ec                raise
 .text._kill_r  0x08012848       0x2c d:/work/leycee/gcc-arm-none-eabi/bin/../lib/gcc/arm-none-eabi/10.3.1/../../../../arm-none-eabi/lib/thumb/v7e-m+fp/hard\libc.a(lib_a-signalr.o)
                0x08012848                _kill_r
 .text._getpid_r
                0x08012874        0x4 d:/work/leycee/gcc-arm-none-eabi/bin/../lib/gcc/arm-none-eabi/10.3.1/../../../../arm-none-eabi/lib/thumb/v7e-m+fp/hard\libc.a(lib_a-signalr.o)
                0x08012874                _getpid_r
 .text.cbrt     0x08012878      0x188 d:/work/leycee/gcc-arm-none-eabi/bin/../lib/gcc/arm-none-eabi/10.3.1/../../../../arm-none-eabi/lib/thumb/v7e-m+fp/hard\libm.a(lib_a-s_cbrt.o)
                0x08012878                cbrt
 .text.cos      0x08012a00       0x90 d:/work/leycee/gcc-arm-none-eabi/bin/../lib/gcc/arm-none-eabi/10.3.1/../../../../arm-none-eabi/lib/thumb/v7e-m+fp/hard\libm.a(lib_a-s_cos.o)
                0x08012a00                cos
 .text.floor    0x08012a90      0x108 d:/work/leycee/gcc-arm-none-eabi/bin/../lib/gcc/arm-none-eabi/10.3.1/../../../../arm-none-eabi/lib/thumb/v7e-m+fp/hard\libm.a(lib_a-s_floor.o)
                0x08012a90                floor
 .text.acos     0x08012b98       0x68 d:/work/leycee/gcc-arm-none-eabi/bin/../lib/gcc/arm-none-eabi/10.3.1/../../../../arm-none-eabi/lib/thumb/v7e-m+fp/hard\libm.a(lib_a-w_acos.o)
                0x08012b98                acos
 .text.exp      0x08012c00       0xa0 d:/work/leycee/gcc-arm-none-eabi/bin/../lib/gcc/arm-none-eabi/10.3.1/../../../../arm-none-eabi/lib/thumb/v7e-m+fp/hard\libm.a(lib_a-w_exp.o)
                0x08012c00                exp
 .text.log      0x08012ca0       0x84 d:/work/leycee/gcc-arm-none-eabi/bin/../lib/gcc/arm-none-eabi/10.3.1/../../../../arm-none-eabi/lib/thumb/v7e-m+fp/hard\libm.a(lib_a-w_log.o)
                0x08012ca0                log
 *fill*         0x08012d24        0x4 
 .text.log10    0x08012d28       0x84 d:/work/leycee/gcc-arm-none-eabi/bin/../lib/gcc/arm-none-eabi/10.3.1/../../../../arm-none-eabi/lib/thumb/v7e-m+fp/hard\libm.a(lib_a-w_log10.o)
                0x08012d28                log10
 *fill*         0x08012dac        0x4 
 .text.pow      0x08012db0       0xf0 d:/work/leycee/gcc-arm-none-eabi/bin/../lib/gcc/arm-none-eabi/10.3.1/../../../../arm-none-eabi/lib/thumb/v7e-m+fp/hard\libm.a(lib_a-w_pow.o)
                0x08012db0                pow
 .text.sqrt     0x08012ea0       0x68 d:/work/leycee/gcc-arm-none-eabi/bin/../lib/gcc/arm-none-eabi/10.3.1/../../../../arm-none-eabi/lib/thumb/v7e-m+fp/hard\libm.a(lib_a-w_sqrt.o)
                0x08012ea0                sqrt
 .text.__ieee754_acos
                0x08012f08      0x4e0 d:/work/leycee/gcc-arm-none-eabi/bin/../lib/gcc/arm-none-eabi/10.3.1/../../../../arm-none-eabi/lib/thumb/v7e-m+fp/hard\libm.a(lib_a-e_acos.o)
                0x08012f08                __ieee754_acos
 .text.__ieee754_exp
                0x080133e8      0x3dc d:/work/leycee/gcc-arm-none-eabi/bin/../lib/gcc/arm-none-eabi/10.3.1/../../../../arm-none-eabi/lib/thumb/v7e-m+fp/hard\libm.a(lib_a-e_exp.o)
                0x080133e8                __ieee754_exp
 *fill*         0x080137c4        0x4 
 .text.__ieee754_log
                0x080137c8      0x438 d:/work/leycee/gcc-arm-none-eabi/bin/../lib/gcc/arm-none-eabi/10.3.1/../../../../arm-none-eabi/lib/thumb/v7e-m+fp/hard\libm.a(lib_a-e_log.o)
                0x080137c8                __ieee754_log
 .text.__ieee754_log10
                0x08013c00      0x12c d:/work/leycee/gcc-arm-none-eabi/bin/../lib/gcc/arm-none-eabi/10.3.1/../../../../arm-none-eabi/lib/thumb/v7e-m+fp/hard\libm.a(lib_a-e_log10.o)
                0x08013c00                __ieee754_log10
 *fill*         0x08013d2c        0x4 
 .text.__ieee754_pow
                0x08013d30      0xb74 d:/work/leycee/gcc-arm-none-eabi/bin/../lib/gcc/arm-none-eabi/10.3.1/../../../../arm-none-eabi/lib/thumb/v7e-m+fp/hard\libm.a(lib_a-e_pow.o)
                0x08013d30                __ieee754_pow
 *fill*         0x080148a4        0x4 
 .text.__ieee754_rem_pio2
                0x080148a8      0x44c d:/work/leycee/gcc-arm-none-eabi/bin/../lib/gcc/arm-none-eabi/10.3.1/../../../../arm-none-eabi/lib/thumb/v7e-m+fp/hard\libm.a(lib_a-e_rem_pio2.o)
                0x080148a8                __ieee754_rem_pio2
 .text.__ieee754_sqrt
                0x08014cf4      0x198 d:/work/leycee/gcc-arm-none-eabi/bin/../lib/gcc/arm-none-eabi/10.3.1/../../../../arm-none-eabi/lib/thumb/v7e-m+fp/hard\libm.a(lib_a-e_sqrt.o)
                0x08014cf4                __ieee754_sqrt
 *fill*         0x08014e8c        0x4 
 .text.__kernel_cos
                0x08014e90      0x27c d:/work/leycee/gcc-arm-none-eabi/bin/../lib/gcc/arm-none-eabi/10.3.1/../../../../arm-none-eabi/lib/thumb/v7e-m+fp/hard\libm.a(lib_a-k_cos.o)
                0x08014e90                __kernel_cos
 *fill*         0x0801510c        0x4 
 .text.__kernel_rem_pio2
                0x08015110      0x850 d:/work/leycee/gcc-arm-none-eabi/bin/../lib/gcc/arm-none-eabi/10.3.1/../../../../arm-none-eabi/lib/thumb/v7e-m+fp/hard\libm.a(lib_a-k_rem_pio2.o)
                0x08015110                __kernel_rem_pio2
 .text.__kernel_sin
                0x08015960      0x17c d:/work/leycee/gcc-arm-none-eabi/bin/../lib/gcc/arm-none-eabi/10.3.1/../../../../arm-none-eabi/lib/thumb/v7e-m+fp/hard\libm.a(lib_a-k_sin.o)
                0x08015960                __kernel_sin
 .text.with_errno
                0x08015adc       0x18 d:/work/leycee/gcc-arm-none-eabi/bin/../lib/gcc/arm-none-eabi/10.3.1/../../../../arm-none-eabi/lib/thumb/v7e-m+fp/hard\libm.a(lib_a-math_err.o)
 .text.xflow    0x08015af4       0x2c d:/work/leycee/gcc-arm-none-eabi/bin/../lib/gcc/arm-none-eabi/10.3.1/../../../../arm-none-eabi/lib/thumb/v7e-m+fp/hard\libm.a(lib_a-math_err.o)
 .text.__math_uflow
                0x08015b20       0x14 d:/work/leycee/gcc-arm-none-eabi/bin/../lib/gcc/arm-none-eabi/10.3.1/../../../../arm-none-eabi/lib/thumb/v7e-m+fp/hard\libm.a(lib_a-math_err.o)
                0x08015b20                __math_uflow
 .text.__math_oflow
                0x08015b34       0x14 d:/work/leycee/gcc-arm-none-eabi/bin/../lib/gcc/arm-none-eabi/10.3.1/../../../../arm-none-eabi/lib/thumb/v7e-m+fp/hard\libm.a(lib_a-math_err.o)
                0x08015b34                __math_oflow
 .text.fabs     0x08015b48       0x14 d:/work/leycee/gcc-arm-none-eabi/bin/../lib/gcc/arm-none-eabi/10.3.1/../../../../arm-none-eabi/lib/thumb/v7e-m+fp/hard\libm.a(lib_a-s_fabs.o)
                0x08015b48                fabs
 .text.finite   0x08015b5c       0x18 d:/work/leycee/gcc-arm-none-eabi/bin/../lib/gcc/arm-none-eabi/10.3.1/../../../../arm-none-eabi/lib/thumb/v7e-m+fp/hard\libm.a(lib_a-s_finite.o)
                0x08015b5c                finite
 *fill*         0x08015b74        0x4 
 .text.scalbn   0x08015b78      0x124 d:/work/leycee/gcc-arm-none-eabi/bin/../lib/gcc/arm-none-eabi/10.3.1/../../../../arm-none-eabi/lib/thumb/v7e-m+fp/hard\libm.a(lib_a-s_scalbn.o)
                0x08015b78                scalbn
 *(.glue_7)
 .glue_7        0x08015c9c        0x0 linker stubs
 *(.glue_7t)
 .glue_7t       0x08015c9c        0x0 linker stubs
 *(.eh_frame)
 .eh_frame      0x08015c9c        0x0 d:/work/leycee/gcc-arm-none-eabi/bin/../lib/gcc/arm-none-eabi/10.3.1/thumb/v7e-m+fp/hard/crtbegin.o
 *(.init)
 .init          0x08015c9c        0x4 d:/work/leycee/gcc-arm-none-eabi/bin/../lib/gcc/arm-none-eabi/10.3.1/thumb/v7e-m+fp/hard/crti.o
                0x08015c9c                _init
 .init          0x08015ca0        0x8 d:/work/leycee/gcc-arm-none-eabi/bin/../lib/gcc/arm-none-eabi/10.3.1/thumb/v7e-m+fp/hard/crtn.o
 *(.fini)
 .fini          0x08015ca8        0x4 d:/work/leycee/gcc-arm-none-eabi/bin/../lib/gcc/arm-none-eabi/10.3.1/thumb/v7e-m+fp/hard/crti.o
                0x08015ca8                _fini
 .fini          0x08015cac        0x8 d:/work/leycee/gcc-arm-none-eabi/bin/../lib/gcc/arm-none-eabi/10.3.1/thumb/v7e-m+fp/hard/crtn.o
                0x08015cb8                . = ALIGN (0x8)
 *fill*         0x08015cb4        0x4 
                0x08015cb8                _etext = .

.vfp11_veneer   0x08015cb8        0x0
 .vfp11_veneer  0x08015cb8        0x0 linker stubs

.v4_bx          0x08015cb8        0x0
 .v4_bx         0x08015cb8        0x0 linker stubs

.iplt           0x08015cb8        0x0
 .iplt          0x08015cb8        0x0 d:/work/leycee/gcc-arm-none-eabi/bin/../lib/gcc/arm-none-eabi/10.3.1/thumb/v7e-m+fp/hard/crtbegin.o

.rodata         0x08015cb8     0x17a8
                0x08015cb8                . = ALIGN (0x8)
 *(.rodata)
 .rodata        0x08015cb8        0xc build/rtc.o
 *(.rodata*)
 .rodata.HardFault_Handler.str1.1
                0x08015cc4       0x19 build/stm32l4xx_it.o
 .rodata.AHBPrescTable
                0x08015cdd       0x10 build/system_stm32l4xx.o
                0x08015cdd                AHBPrescTable
 .rodata.APBPrescTable
                0x08015ced        0x8 build/system_stm32l4xx.o
                0x08015ced                APBPrescTable
 *fill*         0x08015cf5        0x3 
 .rodata.MSIRangeTable
                0x08015cf8       0x30 build/system_stm32l4xx.o
                0x08015cf8                MSIRangeTable
 .rodata.print_string_ptr.str1.1
                0x08015d28        0x9 build/cJSON.o
 .rodata.print_value.str1.1
                0x08015d31       0x25 build/cJSON.o
 .rodata.cJSON_ParseWithLengthOpts.str1.1
                0x08015d56        0x4 build/cJSON.o
 .rodata._ZN20from_member_functionIM11applicationFvffEE18to_unique_functionIXadL_ZNS0_21sht35_sample_completeEffEEEEvPvj.str1.1
                0x08015d5a        0xb build/application.o
 .rodata._ZN17iic_ms5803_driver12read_caldataEv.str1.1
                0x08015d65        0x7 build/iic_ms5803_driver.o
 .rodata._ZL5table
                0x08015d6c      0xa7c build/calculate.o
 .rodata._ZTV10serialport
                0x080167e8       0x18 build/serialport.o
                0x080167e8                vtable for serialport
 .rodata._ZN4Lora11upload_dataEv.str1.1
                0x08016800        0x7 build/lora.o
                                  0x2 (size before relaxing)
 .rodata._ZN4Lora7on_recvEh.str1.1
                0x08016800       0x2d build/lora.o
 *fill*         0x0801682d        0x3 
 .rodata._ZTV4Lora
                0x08016830       0x18 build/lora.o
                0x08016830                vtable for Lora
 .rodata._ZN4Host7on_recvEh.str1.1
                0x08016848       0x70 build/host.o
                                 0x75 (size before relaxing)
 .rodata._ZTV4Host
                0x080168b8       0x18 build/host.o
                0x080168b8                vtable for Host
 .rodata._ZN15ProtocolManager21parse_host_at_commandEPKc.str1.1
                0x080168d0      0x113 build/protocol_manager.o
                                0x11b (size before relaxing)
 .rodata._ZN15ProtocolManager27generate_lora_protocol_jsonEPKcS1_P5cJSON.str1.1
                0x080169e3       0xe1 build/protocol_manager.o
                                 0xe2 (size before relaxing)
 .rodata._ZN15ProtocolManager25lora_protocol_json_handleEPKc.str1.1
                0x08016ac4      0x14f build/protocol_manager.o
 *fill*         0x08016c13        0x1 
 .rodata._ctype_
                0x08016c14      0x101 d:/work/leycee/gcc-arm-none-eabi/bin/../lib/gcc/arm-none-eabi/10.3.1/../../../../arm-none-eabi/lib/thumb/v7e-m+fp/hard\libc.a(lib_a-ctype_.o)
                0x08016c14                _ctype_
 *fill*         0x08016d15        0x3 
 .rodata._global_impure_ptr
                0x08016d18        0x4 d:/work/leycee/gcc-arm-none-eabi/bin/../lib/gcc/arm-none-eabi/10.3.1/../../../../arm-none-eabi/lib/thumb/v7e-m+fp/hard\libc.a(lib_a-impure.o)
                0x08016d18                _global_impure_ptr
 .rodata._puts_r.str1.4
                0x08016d1c        0x2 d:/work/leycee/gcc-arm-none-eabi/bin/../lib/gcc/arm-none-eabi/10.3.1/../../../../arm-none-eabi/lib/thumb/v7e-m+fp/hard\libc.a(lib_a-puts.o)
 *fill*         0x08016d1e        0x2 
 .rodata._strtod_l.str1.4
                0x08016d20        0xf d:/work/leycee/gcc-arm-none-eabi/bin/../lib/gcc/arm-none-eabi/10.3.1/../../../../arm-none-eabi/lib/thumb/v7e-m+fp/hard\libc.a(lib_a-strtod.o)
                                 0x11 (size before relaxing)
 *fill*         0x08016d2f        0x1 
 .rodata.fpi.1  0x08016d30       0x14 d:/work/leycee/gcc-arm-none-eabi/bin/../lib/gcc/arm-none-eabi/10.3.1/../../../../arm-none-eabi/lib/thumb/v7e-m+fp/hard\libc.a(lib_a-strtod.o)
 .rodata.fpinan.0
                0x08016d44       0x14 d:/work/leycee/gcc-arm-none-eabi/bin/../lib/gcc/arm-none-eabi/10.3.1/../../../../arm-none-eabi/lib/thumb/v7e-m+fp/hard\libc.a(lib_a-strtod.o)
 .rodata.tinytens
                0x08016d58       0x28 d:/work/leycee/gcc-arm-none-eabi/bin/../lib/gcc/arm-none-eabi/10.3.1/../../../../arm-none-eabi/lib/thumb/v7e-m+fp/hard\libc.a(lib_a-strtod.o)
 .rodata._svfprintf_r.str1.4
                0x08016d80       0x42 d:/work/leycee/gcc-arm-none-eabi/bin/../lib/gcc/arm-none-eabi/10.3.1/../../../../arm-none-eabi/lib/thumb/v7e-m+fp/hard\libc.a(lib_a-svfprintf.o)
 *fill*         0x08016dc2        0x2 
 .rodata.blanks.1
                0x08016dc4       0x10 d:/work/leycee/gcc-arm-none-eabi/bin/../lib/gcc/arm-none-eabi/10.3.1/../../../../arm-none-eabi/lib/thumb/v7e-m+fp/hard\libc.a(lib_a-svfprintf.o)
 .rodata.zeroes.0
                0x08016dd4       0x10 d:/work/leycee/gcc-arm-none-eabi/bin/../lib/gcc/arm-none-eabi/10.3.1/../../../../arm-none-eabi/lib/thumb/v7e-m+fp/hard\libc.a(lib_a-svfprintf.o)
 .rodata.__ssvfscanf_r.str1.4
                0x08016de4        0x5 d:/work/leycee/gcc-arm-none-eabi/bin/../lib/gcc/arm-none-eabi/10.3.1/../../../../arm-none-eabi/lib/thumb/v7e-m+fp/hard\libc.a(lib_a-svfscanf.o)
                                  0x9 (size before relaxing)
 *fill*         0x08016de9        0x3 
 .rodata.basefix.0
                0x08016dec       0x22 d:/work/leycee/gcc-arm-none-eabi/bin/../lib/gcc/arm-none-eabi/10.3.1/../../../../arm-none-eabi/lib/thumb/v7e-m+fp/hard\libc.a(lib_a-svfscanf.o)
 .rodata._vfprintf_r.str1.4
                0x08016e0e       0x42 d:/work/leycee/gcc-arm-none-eabi/bin/../lib/gcc/arm-none-eabi/10.3.1/../../../../arm-none-eabi/lib/thumb/v7e-m+fp/hard\libc.a(lib_a-vfprintf.o)
 *fill*         0x08016e0e        0x2 
 .rodata.blanks.1
                0x08016e10       0x10 d:/work/leycee/gcc-arm-none-eabi/bin/../lib/gcc/arm-none-eabi/10.3.1/../../../../arm-none-eabi/lib/thumb/v7e-m+fp/hard\libc.a(lib_a-vfprintf.o)
 .rodata.zeroes.0
                0x08016e20       0x10 d:/work/leycee/gcc-arm-none-eabi/bin/../lib/gcc/arm-none-eabi/10.3.1/../../../../arm-none-eabi/lib/thumb/v7e-m+fp/hard\libc.a(lib_a-vfprintf.o)
 .rodata._dtoa_r.str1.4
                0x08016e30       0xa2 d:/work/leycee/gcc-arm-none-eabi/bin/../lib/gcc/arm-none-eabi/10.3.1/../../../../arm-none-eabi/lib/thumb/v7e-m+fp/hard\libc.a(lib_a-dtoa.o)
                                 0xa6 (size before relaxing)
 *fill*         0x08016ed2        0x2 
 .rodata.__gethex.str1.4
                0x08016ed4       0x86 d:/work/leycee/gcc-arm-none-eabi/bin/../lib/gcc/arm-none-eabi/10.3.1/../../../../arm-none-eabi/lib/thumb/v7e-m+fp/hard\libc.a(lib_a-gdtoa-gethex.o)
                                 0x9a (size before relaxing)
 *fill*         0x08016f5a        0x2 
 .rodata.__hexdig
                0x08016f5c      0x100 d:/work/leycee/gcc-arm-none-eabi/bin/../lib/gcc/arm-none-eabi/10.3.1/../../../../arm-none-eabi/lib/thumb/v7e-m+fp/hard\libc.a(lib_a-gdtoa-gethex.o)
                0x08016f5c                __hexdig
 .rodata.str1.4
                0x0801705c        0x2 d:/work/leycee/gcc-arm-none-eabi/bin/../lib/gcc/arm-none-eabi/10.3.1/../../../../arm-none-eabi/lib/thumb/v7e-m+fp/hard\libc.a(lib_a-lnumeric.o)
                                  0x5 (size before relaxing)
 *fill*         0x0801705e        0x2 
 .rodata._C_numeric_locale
                0x08017060        0xc d:/work/leycee/gcc-arm-none-eabi/bin/../lib/gcc/arm-none-eabi/10.3.1/../../../../arm-none-eabi/lib/thumb/v7e-m+fp/hard\libc.a(lib_a-lnumeric.o)
                0x08017060                _C_numeric_locale
 .rodata._setlocale_r.str1.4
                0x0801706c        0xa d:/work/leycee/gcc-arm-none-eabi/bin/../lib/gcc/arm-none-eabi/10.3.1/../../../../arm-none-eabi/lib/thumb/v7e-m+fp/hard\libc.a(lib_a-locale.o)
                                  0xd (size before relaxing)
 .rodata.str1.4
                0x08017076        0x2 d:/work/leycee/gcc-arm-none-eabi/bin/../lib/gcc/arm-none-eabi/10.3.1/../../../../arm-none-eabi/lib/thumb/v7e-m+fp/hard\libc.a(lib_a-locale.o)
 .rodata._mbrtowc_r.str1.4
                0x08017076        0x1 d:/work/leycee/gcc-arm-none-eabi/bin/../lib/gcc/arm-none-eabi/10.3.1/../../../../arm-none-eabi/lib/thumb/v7e-m+fp/hard\libc.a(lib_a-mbrtowc.o)
 *fill*         0x08017076        0x2 
 .rodata.__multadd.str1.4
                0x08017078       0x7f d:/work/leycee/gcc-arm-none-eabi/bin/../lib/gcc/arm-none-eabi/10.3.1/../../../../arm-none-eabi/lib/thumb/v7e-m+fp/hard\libc.a(lib_a-mprec.o)
                                 0x93 (size before relaxing)
 *fill*         0x080170f7        0x1 
 .rodata.__mprec_bigtens
                0x080170f8       0x28 d:/work/leycee/gcc-arm-none-eabi/bin/../lib/gcc/arm-none-eabi/10.3.1/../../../../arm-none-eabi/lib/thumb/v7e-m+fp/hard\libc.a(lib_a-mprec.o)
                0x080170f8                __mprec_bigtens
 .rodata.__mprec_tens
                0x08017120       0xc8 d:/work/leycee/gcc-arm-none-eabi/bin/../lib/gcc/arm-none-eabi/10.3.1/../../../../arm-none-eabi/lib/thumb/v7e-m+fp/hard\libc.a(lib_a-mprec.o)
                0x08017120                __mprec_tens
 .rodata.p05.0  0x080171e8        0xc d:/work/leycee/gcc-arm-none-eabi/bin/../lib/gcc/arm-none-eabi/10.3.1/../../../../arm-none-eabi/lib/thumb/v7e-m+fp/hard\libc.a(lib_a-mprec.o)
 .rodata._vfiprintf_r.str1.4
                0x080171f4       0x2f d:/work/leycee/gcc-arm-none-eabi/bin/../lib/gcc/arm-none-eabi/10.3.1/../../../../arm-none-eabi/lib/thumb/v7e-m+fp/hard\libc.a(lib_a-vfiprintf.o)
 .rodata.blanks.1
                0x080171f4       0x10 d:/work/leycee/gcc-arm-none-eabi/bin/../lib/gcc/arm-none-eabi/10.3.1/../../../../arm-none-eabi/lib/thumb/v7e-m+fp/hard\libc.a(lib_a-vfiprintf.o)
 .rodata.zeroes.0
                0x08017204       0x10 d:/work/leycee/gcc-arm-none-eabi/bin/../lib/gcc/arm-none-eabi/10.3.1/../../../../arm-none-eabi/lib/thumb/v7e-m+fp/hard\libc.a(lib_a-vfiprintf.o)
 .rodata.__assert_func.str1.4
                0x08017214       0x3f d:/work/leycee/gcc-arm-none-eabi/bin/../lib/gcc/arm-none-eabi/10.3.1/../../../../arm-none-eabi/lib/thumb/v7e-m+fp/hard\libc.a(lib_a-assert.o)
                                 0x43 (size before relaxing)
 .rodata.acos.str1.4
                0x08017253        0x1 d:/work/leycee/gcc-arm-none-eabi/bin/../lib/gcc/arm-none-eabi/10.3.1/../../../../arm-none-eabi/lib/thumb/v7e-m+fp/hard\libm.a(lib_a-w_acos.o)
 .rodata.log.str1.4
                0x08017253        0x1 d:/work/leycee/gcc-arm-none-eabi/bin/../lib/gcc/arm-none-eabi/10.3.1/../../../../arm-none-eabi/lib/thumb/v7e-m+fp/hard\libm.a(lib_a-w_log.o)
 .rodata.log10.str1.4
                0x08017253        0x1 d:/work/leycee/gcc-arm-none-eabi/bin/../lib/gcc/arm-none-eabi/10.3.1/../../../../arm-none-eabi/lib/thumb/v7e-m+fp/hard\libm.a(lib_a-w_log10.o)
 *fill*         0x08017253        0x5 
 .rodata.halF   0x08017258       0x10 d:/work/leycee/gcc-arm-none-eabi/bin/../lib/gcc/arm-none-eabi/10.3.1/../../../../arm-none-eabi/lib/thumb/v7e-m+fp/hard\libm.a(lib_a-e_exp.o)
 .rodata.ln2HI  0x08017268       0x10 d:/work/leycee/gcc-arm-none-eabi/bin/../lib/gcc/arm-none-eabi/10.3.1/../../../../arm-none-eabi/lib/thumb/v7e-m+fp/hard\libm.a(lib_a-e_exp.o)
 .rodata.ln2LO  0x08017278       0x10 d:/work/leycee/gcc-arm-none-eabi/bin/../lib/gcc/arm-none-eabi/10.3.1/../../../../arm-none-eabi/lib/thumb/v7e-m+fp/hard\libm.a(lib_a-e_exp.o)
 .rodata.npio2_hw
                0x08017288       0x80 d:/work/leycee/gcc-arm-none-eabi/bin/../lib/gcc/arm-none-eabi/10.3.1/../../../../arm-none-eabi/lib/thumb/v7e-m+fp/hard\libm.a(lib_a-e_rem_pio2.o)
 .rodata.two_over_pi
                0x08017308      0x108 d:/work/leycee/gcc-arm-none-eabi/bin/../lib/gcc/arm-none-eabi/10.3.1/../../../../arm-none-eabi/lib/thumb/v7e-m+fp/hard\libm.a(lib_a-e_rem_pio2.o)
 .rodata.PIo2   0x08017410       0x40 d:/work/leycee/gcc-arm-none-eabi/bin/../lib/gcc/arm-none-eabi/10.3.1/../../../../arm-none-eabi/lib/thumb/v7e-m+fp/hard\libm.a(lib_a-k_rem_pio2.o)
 .rodata.init_jk