Archive member included to satisfy reference by file (symbol)

d:/work/leycee/gcc-arm-none-eabi/bin/../lib/gcc/arm-none-eabi/10.3.1/../../../../arm-none-eabi/lib/thumb/v7e-m+fp/hard\libc.a(lib_a-ctype_.o)
                              build/cJSON.o (_ctype_)
d:/work/leycee/gcc-arm-none-eabi/bin/../lib/gcc/arm-none-eabi/10.3.1/../../../../arm-none-eabi/lib/thumb/v7e-m+fp/hard\libc.a(lib_a-errno.o)
                              build/sysmem.o (__errno)
d:/work/leycee/gcc-arm-none-eabi/bin/../lib/gcc/arm-none-eabi/10.3.1/../../../../arm-none-eabi/lib/thumb/v7e-m+fp/hard\libc.a(lib_a-exit.o)
                              d:/work/leycee/gcc-arm-none-eabi/bin/../lib/gcc/arm-none-eabi/10.3.1/../../../../arm-none-eabi/lib/thumb/v7e-m+fp/hard/crt0.o (exit)
d:/work/leycee/gcc-arm-none-eabi/bin/../lib/gcc/arm-none-eabi/10.3.1/../../../../arm-none-eabi/lib/thumb/v7e-m+fp/hard\libc.a(lib_a-impure.o)
                              d:/work/leycee/gcc-arm-none-eabi/bin/../lib/gcc/arm-none-eabi/10.3.1/../../../../arm-none-eabi/lib/thumb/v7e-m+fp/hard\libc.a(lib_a-exit.o) (_global_impure_ptr)
d:/work/leycee/gcc-arm-none-eabi/bin/../lib/gcc/arm-none-eabi/10.3.1/../../../../arm-none-eabi/lib/thumb/v7e-m+fp/hard\libc.a(lib_a-init.o)
                              d:/work/leycee/gcc-arm-none-eabi/bin/../lib/gcc/arm-none-eabi/10.3.1/../../../../arm-none-eabi/lib/thumb/v7e-m+fp/hard/crt0.o (__libc_init_array)
d:/work/leycee/gcc-arm-none-eabi/bin/../lib/gcc/arm-none-eabi/10.3.1/../../../../arm-none-eabi/lib/thumb/v7e-m+fp/hard\libc.a(lib_a-malloc.o)
                              build/cJSON.o (malloc)
d:/work/leycee/gcc-arm-none-eabi/bin/../lib/gcc/arm-none-eabi/10.3.1/../../../../arm-none-eabi/lib/thumb/v7e-m+fp/hard\libc.a(lib_a-mallocr.o)
                              d:/work/leycee/gcc-arm-none-eabi/bin/../lib/gcc/arm-none-eabi/10.3.1/../../../../arm-none-eabi/lib/thumb/v7e-m+fp/hard\libc.a(lib_a-malloc.o) (_malloc_r)
d:/work/leycee/gcc-arm-none-eabi/bin/../lib/gcc/arm-none-eabi/10.3.1/../../../../arm-none-eabi/lib/thumb/v7e-m+fp/hard\libc.a(lib_a-memcpy.o)
                              build/cJSON.o (memcpy)
d:/work/leycee/gcc-arm-none-eabi/bin/../lib/gcc/arm-none-eabi/10.3.1/../../../../arm-none-eabi/lib/thumb/v7e-m+fp/hard\libc.a(lib_a-memmove.o)
                              build/lora.o (memmove)
d:/work/leycee/gcc-arm-none-eabi/bin/../lib/gcc/arm-none-eabi/10.3.1/../../../../arm-none-eabi/lib/thumb/v7e-m+fp/hard\libc.a(lib_a-memset.o)
                              d:/work/leycee/gcc-arm-none-eabi/bin/../lib/gcc/arm-none-eabi/10.3.1/../../../../arm-none-eabi/lib/thumb/v7e-m+fp/hard/crt0.o (memset)
d:/work/leycee/gcc-arm-none-eabi/bin/../lib/gcc/arm-none-eabi/10.3.1/../../../../arm-none-eabi/lib/thumb/v7e-m+fp/hard\libc.a(lib_a-mktime.o)
                              build/misc.o (mktime)
d:/work/leycee/gcc-arm-none-eabi/bin/../lib/gcc/arm-none-eabi/10.3.1/../../../../arm-none-eabi/lib/thumb/v7e-m+fp/hard\libc.a(lib_a-mlock.o)
                              d:/work/leycee/gcc-arm-none-eabi/bin/../lib/gcc/arm-none-eabi/10.3.1/../../../../arm-none-eabi/lib/thumb/v7e-m+fp/hard\libc.a(lib_a-mallocr.o) (__malloc_lock)
d:/work/leycee/gcc-arm-none-eabi/bin/../lib/gcc/arm-none-eabi/10.3.1/../../../../arm-none-eabi/lib/thumb/v7e-m+fp/hard\libc.a(lib_a-printf.o)
                              build/flash_test.o (printf)
d:/work/leycee/gcc-arm-none-eabi/bin/../lib/gcc/arm-none-eabi/10.3.1/../../../../arm-none-eabi/lib/thumb/v7e-m+fp/hard\libc.a(lib_a-puts.o)
                              build/stm32l4xx_it.o (puts)
d:/work/leycee/gcc-arm-none-eabi/bin/../lib/gcc/arm-none-eabi/10.3.1/../../../../arm-none-eabi/lib/thumb/v7e-m+fp/hard\libc.a(lib_a-realloc.o)
                              build/cJSON.o (realloc)
d:/work/leycee/gcc-arm-none-eabi/bin/../lib/gcc/arm-none-eabi/10.3.1/../../../../arm-none-eabi/lib/thumb/v7e-m+fp/hard\libc.a(lib_a-reallocr.o)
                              d:/work/leycee/gcc-arm-none-eabi/bin/../lib/gcc/arm-none-eabi/10.3.1/../../../../arm-none-eabi/lib/thumb/v7e-m+fp/hard\libc.a(lib_a-realloc.o) (_realloc_r)
d:/work/leycee/gcc-arm-none-eabi/bin/../lib/gcc/arm-none-eabi/10.3.1/../../../../arm-none-eabi/lib/thumb/v7e-m+fp/hard\libc.a(lib_a-sbrkr.o)
                              d:/work/leycee/gcc-arm-none-eabi/bin/../lib/gcc/arm-none-eabi/10.3.1/../../../../arm-none-eabi/lib/thumb/v7e-m+fp/hard\libc.a(lib_a-mallocr.o) (_sbrk_r)
d:/work/leycee/gcc-arm-none-eabi/bin/../lib/gcc/arm-none-eabi/10.3.1/../../../../arm-none-eabi/lib/thumb/v7e-m+fp/hard\libc.a(lib_a-sprintf.o)
                              build/cJSON.o (sprintf)
d:/work/leycee/gcc-arm-none-eabi/bin/../lib/gcc/arm-none-eabi/10.3.1/../../../../arm-none-eabi/lib/thumb/v7e-m+fp/hard\libc.a(lib_a-sscanf.o)
                              build/cJSON.o (sscanf)
d:/work/leycee/gcc-arm-none-eabi/bin/../lib/gcc/arm-none-eabi/10.3.1/../../../../arm-none-eabi/lib/thumb/v7e-m+fp/hard\libc.a(lib_a-stdio.o)
[...]
Memory Configuration

Name             Origin             Length             Attributes
RAM              0x20000000         0x00008000         xrw
RAM2             0x10000000         0x00002000         xrw
FLASH            0x08000000         0x00020000         xr
*default*        0x00000000         0xffffffff

Linker script and memory map

LOAD d:/work/leycee/gcc-arm-none-eabi/bin/../lib/gcc/arm-none-eabi/10.3.1/thumb/v7e-m+fp/hard/crti.o
LOAD d:/work/leycee/gcc-arm-none-eabi/bin/../lib/gcc/arm-none-eabi/10.3.1/thumb/v7e-m+fp/hard/crtbegin.o
LOAD d:/work/leycee/gcc-arm-none-eabi/bin/../lib/gcc/arm-none-eabi/10.3.1/../../../../arm-none-eabi/lib/thumb/v7e-m+fp/hard/crt0.o
LOAD build/main.o
LOAD build/stm32l4xx_it.o
LOAD build/stm32l4xx_ll_utils.o
LOAD build/stm32l4xx_ll_exti.o
LOAD build/stm32l4xx_ll_gpio.o
LOAD build/stm32l4xx_ll_dma.o
LOAD build/stm32l4xx_ll_i2c.o
LOAD build/stm32l4xx_ll_rtc.o
LOAD build/stm32l4xx_ll_spi.o
LOAD build/stm32l4xx_ll_pwr.o
LOAD build/stm32l4xx_ll_tim.o
LOAD build/stm32l4xx_ll_usart.o
LOAD build/stm32l4xx_ll_rcc.o
LOAD build/system_stm32l4xx.o
LOAD build/sysmem.o
LOAD build/syscalls.o
LOAD build/cJSON.o
LOAD build/rtc.o
LOAD build/flash.o
LOAD build/flash_test.o
LOAD build/stm32l4xx_ll_adc.o
LOAD build/stm32l4xx_ll_lpuart.o
LOAD build/application.o
LOAD build/iic_sht35_driver.o
LOAD build/task_queue.o
LOAD build/iic_ms5803_driver.o
LOAD build/calculate.o
LOAD build/timer.o
LOAD build/misc.o
LOAD build/serialport.o
LOAD build/lora.o
LOAD build/host.o
LOAD build/power_manager.o
LOAD build/protocol_manager.o
LOAD build/startup_stm32l412xx.o
LOAD d:/work/leycee/gcc-arm-none-eabi/bin/../lib/gcc/arm-none-eabi/10.3.1/../../../../arm-none-eabi/lib/thumb/v7e-m+fp/hard\libc.a
LOAD d:/work/leycee/gcc-arm-none-eabi/bin/../lib/gcc/arm-none-eabi/10.3.1/../../../../arm-none-eabi/lib/thumb/v7e-m+fp/hard\libm.a
LOAD d:/work/leycee/gcc-arm-none-eabi/bin/../lib/gcc/arm-none-eabi/10.3.1/../../../../arm-none-eabi/lib/thumb/v7e-m+fp/hard\libnosys.a
START GROUP
LOAD d:/work/leycee/gcc-arm-none-eabi/bin/../lib/gcc/arm-none-eabi/10.3.1/thumb/v7e-m+fp/hard\libgcc.a
LOAD d:/work/leycee/gcc-arm-none-eabi/bin/../lib/gcc/arm-none-eabi/10.3.1/../../../../arm-none-eabi/lib/thumb/v7e-m+fp/hard\libc.a
END GROUP
LOAD d:/work/leycee/gcc-arm-none-eabi/bin/../lib/gcc/arm-none-eabi/10.3.1/thumb/v7e-m+fp/hard/crtend.o
LOAD d:/work/leycee/gcc-arm-none-eabi/bin/../lib/gcc/arm-none-eabi/10.3.1/thumb/v7e-m+fp/hard/crtn.o
                0x20008000                _estack = (ORIGIN (RAM) + LENGTH (RAM))
                0x00000200                _Min_Heap_Size = 0x200
                0x00000400                _Min_Stack_Size = 0x400

.isr_vector     0x08000000      0x190
                0x08000000                . = ALIGN (0x8)
 *(.isr_vector)
 .isr_vector    0x08000000      0x18c build/startup_stm32l412xx.o
                0x08000000                g_pfnVectors
                0x08000190                . = ALIGN (0x8)
 *fill*         0x0800018c        0x4 

.text           0x080001c0    0x15670
                0x080001c0                . = ALIGN (0x8)
 *(.text)
 .text          0x080001c0       0x40 d:/work/leycee/gcc-arm-none-eabi/bin/../lib/gcc/arm-none-eabi/10.3.1/thumb/v7e-m+fp/hard/crtbegin.o
 .text          0x08000200      0x134 d:/work/leycee/gcc-arm-none-eabi/bin/../lib/gcc/arm-none-eabi/10.3.1/../../../../arm-none-eabi/lib/thumb/v7e-m+fp/hard\libc.a(lib_a-memcpy.o)
                0x08000200                memcpy
 *fill*         0x08000334        0xc 
 .text          0x08000340      0x2dc d:/work/leycee/gcc-arm-none-eabi/bin/../lib/gcc/arm-none-eabi/10.3.1/../../../../arm-none-eabi/lib/thumb/v7e-m+fp/hard\libc.a(lib_a-strcmp.o)
                0x08000348                strcmp
 *fill*         0x0800061c       0x24 
 .text          0x08000640       0xdc d:/work/leycee/gcc-arm-none-eabi/bin/../lib/gcc/arm-none-eabi/10.3.1/../../../../arm-none-eabi/lib/thumb/v7e-m+fp/hard\libc.a(lib_a-strlen.o)
                0x08000640                strlen
 *fill*         0x0800071c        0x4 
 .text          0x08000720       0xa0 d:/work/leycee/gcc-arm-none-eabi/bin/../lib/gcc/arm-none-eabi/10.3.1/../../../../arm-none-eabi/lib/thumb/v7e-m+fp/hard\libc.a(lib_a-memchr.o)
                0x08000720                memchr
 .text          0x080007c0      0x378 d:/work/leycee/gcc-arm-none-eabi/bin/../lib/gcc/arm-none-eabi/10.3.1/thumb/v7e-m+fp/hard\libgcc.a(_arm_addsubdf3.o)
                0x080007c0                __aeabi_drsub
                0x080007c8                __aeabi_dsub
                0x080007c8                __subdf3
                0x080007cc                __aeabi_dadd
                0x080007cc                __adddf3
                0x08000a44                __floatunsidf
                0x08000a44                __aeabi_ui2d
                0x08000a64                __floatsidf
                0x08000a64                __aeabi_i2d
                0x08000a88                __aeabi_f2d
                0x08000a88                __extendsfdf2
                0x08000acc                __floatundidf
                0x08000acc                __aeabi_ul2d
                0x08000adc                __floatdidf
                0x08000adc                __aeabi_l2d
 .text          0x08000b38      0x424 d:/work/leycee/gcc-arm-none-eabi/bin/../lib/gcc/arm-none-eabi/10.3.1/thumb/v7e-m+fp/hard\libgcc.a(_arm_muldivdf3.o)
                0x08000b38                __aeabi_dmul
                0x08000b38                __muldf3
                0x08000d8c                __divdf3
                0x08000d8c                __aeabi_ddiv
 .text          0x08000f5c      0x110 d:/work/leycee/gcc-arm-none-eabi/bin/../lib/gcc/arm-none-eabi/10.3.1/thumb/v7e-m+fp/hard\libgcc.a(_arm_cmpdf2.o)
                0x08000f5c                __gtdf2
                0x08000f5c                __gedf2
                0x08000f64                __ltdf2
                0x08000f64                __ledf2
                0x08000f6c                __nedf2
                0x08000f6c                __eqdf2
                0x08000f6c                __cmpdf2
                0x08000fe8                __aeabi_cdrcmple
                0x08000ff8                __aeabi_cdcmpeq
                0x08000ff8                __aeabi_cdcmple
                0x08001008                __aeabi_dcmpeq
                0x0800101c                __aeabi_dcmplt
                0x08001030                __aeabi_dcmple
                0x08001044                __aeabi_dcmpge
                0x08001058                __aeabi_dcmpgt
 .text          0x0800106c       0x2c d:/work/leycee/gcc-arm-none-eabi/bin/../lib/gcc/arm-none-eabi/10.3.1/thumb/v7e-m+fp/hard\libgcc.a(_arm_unorddf2.o)
                0x0800106c                __unorddf2
                0x0800106c                __aeabi_dcmpun
 .text          0x08001098       0x50 d:/work/leycee/gcc-arm-none-eabi/bin/../lib/gcc/arm-none-eabi/10.3.1/thumb/v7e-m+fp/hard\libgcc.a(_arm_fixdfsi.o)
                0x08001098                __aeabi_d2iz
                0x08001098                __fixdfsi
 .text          0x080010e8       0x40 d:/work/leycee/gcc-arm-none-eabi/bin/../lib/gcc/arm-none-eabi/10.3.1/thumb/v7e-m+fp/hard\libgcc.a(_arm_fixunsdfsi.o)
                0x080010e8                __aeabi_d2uiz
                0x080010e8                __fixunsdfsi
 .text          0x08001128       0xa0 d:/work/leycee/gcc-arm-none-eabi/bin/../lib/gcc/arm-none-eabi/10.3.1/thumb/v7e-m+fp/hard\libgcc.a(_arm_truncdfsf2.o)
                0x08001128                __truncdfsf2
                0x08001128                __aeabi_d2f
 .text          0x080011c8       0x30 d:/work/leycee/gcc-arm-none-eabi/bin/../lib/gcc/arm-none-eabi/10.3.1/thumb/v7e-m+fp/hard\libgcc.a(_aeabi_uldivmod.o)
                0x080011c8                __aeabi_uldivmod
 .text          0x080011f8       0x30 d:/work/leycee/gcc-arm-none-eabi/bin/../lib/gcc/arm-none-eabi/10.3.1/thumb/v7e-m+fp/hard\libgcc.a(_fixdfdi.o)
                0x080011f8                __fixdfdi
                0x080011f8                __aeabi_d2lz
 .text          0x08001228       0x3c d:/work/leycee/gcc-arm-none-eabi/bin/../lib/gcc/arm-none-eabi/10.3.1/thumb/v7e-m+fp/hard\libgcc.a(_fixunsdfdi.o)
                0x08001228                __fixunsdfdi
                0x08001228                __aeabi_d2ulz
 .text          0x08001264      0x2d0 d:/work/leycee/gcc-arm-none-eabi/bin/../lib/gcc/arm-none-eabi/10.3.1/thumb/v7e-m+fp/hard\libgcc.a(_udivmoddi4.o)
                0x08001264                __udivmoddi4
 .text          0x08001534        0x4 d:/work/leycee/gcc-arm-none-eabi/bin/../lib/gcc/arm-none-eabi/10.3.1/thumb/v7e-m+fp/hard\libgcc.a(_dvmd_tls.o)
                0x08001534                __aeabi_idiv0
                0x08001534                __aeabi_ldiv0
 *(.text*)
 .text.LL_AHB2_GRP1_EnableClock
                0x08001538       0x1c build/main.o
 .text.LL_APB1_GRP1_EnableClock
                0x08001554       0x1c build/main.o
 .text.NVIC_EncodePriority.constprop.0
                0x08001570       0x2a build/main.o
 *fill*         0x0800159a        0x2 
 .text.check_wakeup_source
                0x0800159c       0x54 build/main.o
                0x0800159c                check_wakeup_source
 .text.SystemClock_Config
                0x080015f0      0x11c build/main.o
                0x080015f0                SystemClock_Config
 .text.startup.main
                0x0800170c      0x488 build/main.o
                0x0800170c                main
 .text.NMI_Handler
                0x08001b94        0x2 build/stm32l4xx_it.o
                0x08001b94                NMI_Handler
 *fill*         0x08001b96        0x2 
 .text.HardFault_Handler
                0x08001b98       0x10 build/stm32l4xx_it.o
                0x08001b98                HardFault_Handler
 .text.MemManage_Handler
                0x08001ba8        0x2 build/stm32l4xx_it.o
                0x08001ba8                MemManage_Handler
 .text.BusFault_Handler
                0x08001baa        0x2 build/stm32l4xx_it.o
                0x08001baa                BusFault_Handler
 .text.UsageFault_Handler
                0x08001bac        0x2 build/stm32l4xx_it.o
                0x08001bac                UsageFault_Handler
 .text.SVC_Handler
                0x08001bae        0x2 build/stm32l4xx_it.o
                0x08001bae                SVC_Handler
 .text.DebugMon_Handler
                0x08001bb0        0x2 build/stm32l4xx_it.o
                0x08001bb0                DebugMon_Handler
 .text.PendSV_Handler
                0x08001bb2        0x2 build/stm32l4xx_it.o
                0x08001bb2                PendSV_Handler
 .text.I2C1_EV_IRQHandler
                0x08001bb4       0x44 build/stm32l4xx_it.o
                0x08001bb4                I2C1_EV_IRQHandler
 .text.I2C1_ER_IRQHandler
                0x08001bf8        0x2 build/stm32l4xx_it.o
                0x08001bf8                I2C1_ER_IRQHandler
 .text.LL_Init1msTick
                0x08001bfa       0x1a build/stm32l4xx_ll_utils.o
                0x08001bfa                LL_Init1msTick
 .text.LL_mDelay
                0x08001c14       0x28 build/stm32l4xx_ll_utils.o
                0x08001c14                LL_mDelay
 .text.LL_SetSystemCoreClock
                0x08001c3c        0xc build/stm32l4xx_ll_utils.o
                0x08001c3c                LL_SetSystemCoreClock
 .text.LL_EXTI_Init
                0x08001c48      0x144 build/stm32l4xx_ll_exti.o
                0x08001c48                LL_EXTI_Init
 .text.LL_GPIO_Init
                0x08001d8c      0x136 build/stm32l4xx_ll_gpio.o
                0x08001d8c                LL_GPIO_Init
 .text.LL_I2C_Init
                0x08001ec2       0x6a build/stm32l4xx_ll_i2c.o
                0x08001ec2                LL_I2C_Init
 .text.LL_RTC_EnterInitMode
                0x08001f2c       0x52 build/stm32l4xx_ll_rtc.o
                0x08001f2c                LL_RTC_EnterInitMode
 .text.LL_RTC_ExitInitMode
                0x08001f7e        0xc build/stm32l4xx_ll_rtc.o
                0x08001f7e                LL_RTC_ExitInitMode
 .text.LL_RTC_WaitForSynchro
                0x08001f8a       0x4a build/stm32l4xx_ll_rtc.o
                0x08001f8a                LL_RTC_WaitForSynchro
 .text.LL_RTC_TIME_Init
                0x08001fd4       0xaa build/stm32l4xx_ll_rtc.o
                0x08001fd4                LL_RTC_TIME_Init
 *fill*         0x0800207e        0x2 
 .text.LL_RTC_DATE_Init
                0x08002080       0xb0 build/stm32l4xx_ll_rtc.o
                0x08002080                LL_RTC_DATE_Init
 .text.LL_USART_Init
                0x08002130       0xac build/stm32l4xx_ll_usart.o
                0x08002130                LL_USART_Init
 .text.LL_RCC_HSI_IsReady
                0x080021dc       0x10 build/stm32l4xx_ll_rcc.o
 .text.LL_RCC_LSE_IsReady
                0x080021ec       0x10 build/stm32l4xx_ll_rcc.o
 .text.LL_RCC_MSI_IsEnabledRangeSelect
                0x080021fc       0x10 build/stm32l4xx_ll_rcc.o
 .text.RCC_GetHCLKClockFreq
                0x0800220c       0x18 build/stm32l4xx_ll_rcc.o
 .text.RCC_GetPCLK1ClockFreq
                0x08002224       0x18 build/stm32l4xx_ll_rcc.o
 .text.RCC_GetSystemClockFreq
                0x0800223c       0xf0 build/stm32l4xx_ll_rcc.o
 .text.LL_RCC_GetUSARTClockFreq
                0x0800232c       0xe4 build/stm32l4xx_ll_rcc.o
                0x0800232c                LL_RCC_GetUSARTClockFreq
 .text.LL_RCC_GetLPUARTClockFreq
                0x08002410       0x60 build/stm32l4xx_ll_rcc.o
                0x08002410                LL_RCC_GetLPUARTClockFreq
 .text.SystemInit
                0x08002470       0x14 build/system_stm32l4xx.o
                0x08002470                SystemInit
 .text._sbrk    0x08002484       0x40 build/sysmem.o
                0x08002484                _sbrk
 .text._getpid  0x080024c4        0x4 build/syscalls.o
                0x080024c4                _getpid
 .text._kill    0x080024c8       0x10 build/syscalls.o
                0x080024c8                _kill
 .text._exit    0x080024d8        0xc build/syscalls.o
                0x080024d8                _exit
 .text._read    0x080024e4       0x1c build/syscalls.o
                0x080024e4                _read
 .text._close   0x08002500        0x6 build/syscalls.o
                0x08002500                _close
 .text._fstat   0x08002506        0xa build/syscalls.o
                0x08002506                _fstat
 .text._isatty  0x08002510        0x4 build/syscalls.o
                0x08002510                _isatty
 .text._lseek   0x08002514        0x4 build/syscalls.o
                0x08002514                _lseek
 .text.parse_hex4
                0x08002518       0x4a build/cJSON.o
 *fill*         0x08002562        0x2 
 .text.parse_string
                0x08002564      0x1e4 build/cJSON.o
 .text.buffer_skip_whitespace
                0x08002748       0x30 build/cJSON.o
 .text.get_array_item
                0x08002778       0x10 build/cJSON.o
 .text.update_offset
                0x08002788       0x18 build/cJSON.o
 .text.ensure   0x080027a0       0x82 build/cJSON.o
 *fill*         0x08002822        0x2 
 .text.get_object_item
                0x08002824       0x7c build/cJSON.o
 .text.add_item_to_array
                0x080028a0       0x28 build/cJSON.o
 .text.print_string_ptr
                0x080028c8      0x130 build/cJSON.o
 .text.cJSON_strdup.constprop.0
                0x080029f8       0x30 build/cJSON.o
 .text.add_item_to_object.constprop.0
                0x08002a28       0x54 build/cJSON.o
 .text.cJSON_New_Item.isra.0
                0x08002a7c       0x18 build/cJSON.o
 .text.print_value
                0x08002a94      0x3f8 build/cJSON.o
 .text.print.constprop.0
                0x08002e8c       0x94 build/cJSON.o
 .text.cJSON_Delete
                0x08002f20       0x48 build/cJSON.o
                0x08002f20                cJSON_Delete
 .text.parse_value
                0x08002f68      0x318 build/cJSON.o
 .text.cJSON_ParseWithLengthOpts
                0x08003280       0xd4 build/cJSON.o
                0x08003280                cJSON_ParseWithLengthOpts
 .text.cJSON_ParseWithOpts
                0x08003354       0x24 build/cJSON.o
                0x08003354                cJSON_ParseWithOpts
 .text.cJSON_Parse
                0x08003378        0x8 build/cJSON.o
                0x08003378                cJSON_Parse
 .text.cJSON_Print
                0x08003380        0x6 build/cJSON.o
                0x08003380                cJSON_Print
 .text.cJSON_GetArraySize
                0x08003386       0x10 build/cJSON.o
                0x08003386                cJSON_GetArraySize
 .text.cJSON_GetArrayItem
                0x08003396        0xc build/cJSON.o
                0x08003396                cJSON_GetArrayItem
 .text.cJSON_GetObjectItem
                0x080033a2        0x6 build/cJSON.o
                0x080033a2                cJSON_GetObjectItem
 .text.cJSON_AddItemToArray
                0x080033a8        0x4 build/cJSON.o
                0x080033a8                cJSON_AddItemToArray
 .text.cJSON_AddItemToObject
                0x080033ac        0x6 build/cJSON.o
                0x080033ac                cJSON_AddItemToObject
 *fill*         0x080033b2        0x6 
 .text.cJSON_CreateNumber
                0x080033b8       0x68 build/cJSON.o
                0x080033b8                cJSON_CreateNumber
 .text.cJSON_AddNumberToObject
                0x08003420       0x2a build/cJSON.o
                0x08003420                cJSON_AddNumberToObject
 *fill*         0x0800344a        0x2 
 .text.cJSON_CreateString
                0x0800344c       0x30 build/cJSON.o
                0x0800344c                cJSON_CreateString
 .text.cJSON_AddStringToObject
                0x0800347c       0x2c build/cJSON.o
                0x0800347c                cJSON_AddStringToObject
 .text.cJSON_CreateArray
                0x080034a8       0x18 build/cJSON.o
                0x080034a8                cJSON_CreateArray
 .text.cJSON_CreateObject
                0x080034c0       0x18 build/cJSON.o
                0x080034c0                cJSON_CreateObject
 .text.cJSON_IsNumber
                0x080034d8        0xe build/cJSON.o
                0x080034d8                cJSON_IsNumber
 .text.cJSON_IsString
                0x080034e6        0xe build/cJSON.o
                0x080034e6                cJSON_IsString
 .text.cJSON_IsArray
                0x080034f4        0xe build/cJSON.o
                0x080034f4                cJSON_IsArray
 *fill*         0x08003502        0x2 
 .text.LL_PWR_IsEnabledBkUpAccess
                0x08003504       0x10 build/rtc.o
 .text.get_history_config
                0x08003514        0x8 build/rtc.o
                0x08003514                get_history_config
 .text.store_history_config
                0x0800351c       0x74 build/rtc.o
                0x0800351c                store_history_config
 .text.WaitForSynchro_RTC
                0x08003590       0x2c build/rtc.o
                0x08003590                WaitForSynchro_RTC
 .text.Enter_RTC_InitMode
                0x080035bc       0x28 build/rtc.o
                0x080035bc                Enter_RTC_InitMode
 .text.Exit_RTC_InitMode
                0x080035e4       0x14 build/rtc.o
                0x080035e4                Exit_RTC_InitMode
 .text.Set_RTC_Alarm_LL
                0x080035f8       0xa8 build/rtc.o
                0x080035f8                Set_RTC_Alarm_LL
 .text.update_alarm_time
                0x080036a0       0x98 build/rtc.o
                0x080036a0                update_alarm_time
 .text.RTC_Set_Time
                0x08003738       0x70 build/rtc.o
                0x08003738                RTC_Set_Time
 .text.MX_RTC_Init
                0x080037a8      0x124 build/rtc.o
                0x080037a8                MX_RTC_Init
 .text.RTC_Alarm_IRQHandler
                0x080038cc       0x1c build/rtc.o
                0x080038cc                RTC_Alarm_IRQHandler
 .text.FLASH_WaitForLastOperation
                0x080038e8       0x50 build/flash.o
                0x080038e8                FLASH_WaitForLastOperation
 .text.FLASH_Unlock
                0x08003938       0x2c build/flash.o
                0x08003938                FLASH_Unlock
 .text.FLASH_ErasePage
                0x08003964       0x54 build/flash.o
                0x08003964                FLASH_ErasePage
 .text.FLASH_ProgramDoubleWord
                0x080039b8       0x40 build/flash.o
                0x080039b8                FLASH_ProgramDoubleWord
 .text.FLASH_Lock
                0x080039f8       0x18 build/flash.o
                0x080039f8                FLASH_Lock
 .text.LL_ADC_CommonInit
                0x08003a10       0x48 build/stm32l4xx_ll_adc.o
                0x08003a10                LL_ADC_CommonInit
 .text.LL_ADC_Init
                0x08003a58       0x2a build/stm32l4xx_ll_adc.o
                0x08003a58                LL_ADC_Init
 *fill*         0x08003a82        0x2 
 .text.LL_ADC_REG_Init
                0x08003a84       0x48 build/stm32l4xx_ll_adc.o
                0x08003a84                LL_ADC_REG_Init
 .text.LL_LPUART_Init
                0x08003acc       0x74 build/stm32l4xx_ll_lpuart.o
                0x08003acc                LL_LPUART_Init
 .text._ZN20from_member_functionIM12PowerManagerFvvEE18to_unique_functionIXadL_ZNS0_18enter_standby_modeEvEEEEvPvj
                0x08003b40        0x4 build/application.o
                0x08003b40                void from_member_function<void (PowerManager::*)()>::to_unique_function<&PowerManager::enter_standby_mode>(void*, unsigned int)
 .text._ZN20from_member_functionIM11applicationFvvEE18to_unique_functionIXadL_ZNS0_23host_enter_standby_modeEvEEEEvPvj
                0x08003b44       0x22 build/application.o
                0x08003b44                void from_member_function<void (application::*)()>::to_unique_function<&application::host_enter_standby_mode>(void*, unsigned int)
 .text._ZN15ProtocolManager13set_wake_typeEPc
                0x08003b66       0x1c build/application.o
                0x08003b66                ProtocolManager::set_wake_type(char*)
 *fill*         0x08003b82        0x2 
 .text._ZN11applicationC2Ev
                0x08003b84      0x104 build/application.o
                0x08003b84                application::application()
                0x08003b84                application::application()
 .text.initial_application
                0x08003c88       0x20 build/application.o
                0x08003c88                initial_application
 .text.exec     0x08003ca8       0x1c build/application.o
                0x08003ca8                exec
 .text._ZN12param_buffer22pop_values_from_streamIfEEjjRT_
                0x08003cc4       0x1c build/application.o
                0x08003cc4                unsigned int param_buffer::pop_values_from_stream<float>(unsigned int, float&)
 .text._ZN20from_member_functionIM11applicationFvffEE18to_unique_functionIXadL_ZNS0_22ms5803_sample_completeEffEEEEvPvj
                0x08003ce0       0x84 build/application.o
                0x08003ce0                void from_member_function<void (application::*)(float, float)>::to_unique_function<&application::ms5803_sample_complete>(void*, unsigned int)
 *fill*         0x08003d64        0x4 
 .text._ZN20from_member_functionIM11applicationFvffEE18to_unique_functionIXadL_ZNS0_21sht35_sample_completeEffEEEEvPvj
                0x08003d68      0x1ec build/application.o
                0x08003d68                void from_member_function<void (application::*)(float, float)>::to_unique_function<&application::sht35_sample_complete>(void*, unsigned int)
 .text._ZN16iic_sht45_driverC2Ev
                0x08003f54       0x18 build/iic_sht35_driver.o
                0x08003f54                iic_sht45_driver::iic_sht45_driver()
                0x08003f54                iic_sht45_driver::iic_sht45_driver()
 .text._ZN16iic_sht45_driver4readEv
                0x08003f6c       0x54 build/iic_sht35_driver.o
                0x08003f6c                iic_sht45_driver::read()
 .text._ZN16iic_sht45_driver10read_valueEv
                0x08003fc0       0x4c build/iic_sht35_driver.o
                0x08003fc0                iic_sht45_driver::read_value()
 .text._ZN20from_member_functionIM16iic_sht45_driverFvvEE18to_unique_functionIXadL_ZNS0_10read_valueEvEEEEvPvj
                0x0800400c        0x4 build/iic_sht35_driver.o
                0x0800400c                void from_member_function<void (iic_sht45_driver::*)()>::to_unique_function<&iic_sht45_driver::read_value>(void*, unsigned int)
 .text._ZN16iic_sht45_driver22iic_rx_complete_handleEh
                0x08004010       0xe4 build/iic_sht35_driver.o
                0x08004010                iic_sht45_driver::iic_rx_complete_handle(unsigned char)
 .text._ZN20from_member_functionIM16iic_sht45_driverFvhEE19to_c_style_functionIXadL_ZNS0_22iic_rx_complete_handleEhEEEEvPvh
                0x080040f4        0x4 build/iic_sht35_driver.o
                0x080040f4                void from_member_function<void (iic_sht45_driver::*)(unsigned char)>::to_c_style_function<&iic_sht45_driver::iic_rx_complete_handle>(void*, unsigned char)
 .text._ZZN16iic_sht45_driver10read_valueEvENUlPvhE_4_FUNES0_h
                0x080040f8        0x4 build/iic_sht35_driver.o
 .text._ZN16iic_sht45_driver22iic_tx_complete_handleEv
                0x080040fc       0x1c build/iic_sht35_driver.o
                0x080040fc                iic_sht45_driver::iic_tx_complete_handle()
 .text._ZN20from_member_functionIM16iic_sht45_driverFvvEE19to_c_style_functionIXadL_ZNS0_22iic_tx_complete_handleEvEEEEvPv
                0x08004118        0x4 build/iic_sht35_driver.o
                0x08004118                void from_member_function<void (iic_sht45_driver::*)()>::to_c_style_function<&iic_sht45_driver::iic_tx_complete_handle>(void*)
 .text._ZZN16iic_sht45_driver10read_valueEvENUlPvE0_4_FUNES0_
                0x0800411c        0x4 build/iic_sht35_driver.o
 .text._ZN10task_queueC2Ev
                0x08004120        0xc build/task_queue.o
                0x08004120                task_queue::task_queue()
                0x08004120                task_queue::task_queue()
 .text._ZN12param_bufferC2Ev
                0x0800412c        0xc build/task_queue.o
                0x0800412c                param_buffer::param_buffer()
                0x0800412c                param_buffer::param_buffer()
 .text._ZN12param_buffer7get_endEv
                0x08004138        0x8 build/task_queue.o
                0x08004138                param_buffer::get_end()
 .text._ZN12param_buffer7set_endEj
                0x08004140        0x8 build/task_queue.o
                0x08004140                param_buffer::set_end(unsigned int)
 .text._ZN10task_queue5emptyEv
                0x08004148       0x10 build/task_queue.o
                0x08004148                task_queue::empty()
 .text._ZN10task_queue4fullEv
                0x08004158       0x18 build/task_queue.o
                0x08004158                task_queue::full()
 .text._ZN10task_queue4postEPFvPvjES0_j
                0x08004170       0x34 build/task_queue.o
                0x08004170                task_queue::post(void (*)(void*, unsigned int), void*, unsigned int)
 .text._ZN10task_queue6invokeEv
                0x080041a4       0x30 build/task_queue.o
                0x080041a4                task_queue::invoke()
 .text.NVIC_EncodePriority.constprop.0
                0x080041d4        0x4 build/iic_ms5803_driver.o
 .text._ZN17iic_ms5803_driver6commonEv
                0x080041d8       0x28 build/iic_ms5803_driver.o
                0x080041d8                iic_ms5803_driver::common()
 .text._ZN17iic_ms5803_driver8read_adcEv
                0x08004200       0x30 build/iic_ms5803_driver.o
                0x08004200                iic_ms5803_driver::read_adc()
 .text._ZN20from_member_functionIM17iic_ms5803_driverFvvEE18to_unique_functionIXadL_ZNS0_8read_adcEvEEEEvPvj
                0x08004230        0x4 build/iic_ms5803_driver.o
                0x08004230                void from_member_function<void (iic_ms5803_driver::*)()>::to_unique_function<&iic_ms5803_driver::read_adc>(void*, unsigned int)
 .text._ZN17iic_ms5803_driver17send_command_wordEv
                0x08004234       0x2c build/iic_ms5803_driver.o
                0x08004234                iic_ms5803_driver::send_command_word()
 .text._ZN20from_member_functionIM17iic_ms5803_driverFvvEE18to_unique_functionIXadL_ZNS0_17send_command_wordEvEEEEvPvj
                0x08004260        0x4 build/iic_ms5803_driver.o
                0x08004260                void from_member_function<void (iic_ms5803_driver::*)()>::to_unique_function<&iic_ms5803_driver::send_command_word>(void*, unsigned int)
 .text._ZN17iic_ms5803_driverC2Ev
                0x08004264       0x28 build/iic_ms5803_driver.o
                0x08004264                iic_ms5803_driver::iic_ms5803_driver()
                0x08004264                iic_ms5803_driver::iic_ms5803_driver()
 .text._ZN17iic_ms5803_driver12read_caldataEv
                0x0800428c       0xfc build/iic_ms5803_driver.o
                0x0800428c                iic_ms5803_driver::read_caldata()
 .text._ZN17iic_ms5803_driver4readEv
                0x08004388        0xc build/iic_ms5803_driver.o
                0x08004388                iic_ms5803_driver::read()
 .text._ZN17iic_ms5803_driver22iic_rx_complete_handleEh
                0x08004394       0x88 build/iic_ms5803_driver.o
                0x08004394                iic_ms5803_driver::iic_rx_complete_handle(unsigned char)
 .text._ZN20from_member_functionIM17iic_ms5803_driverFvhEE19to_c_style_functionIXadL_ZNS0_22iic_rx_complete_handleEhEEEEvPvh
                0x0800441c        0x4 build/iic_ms5803_driver.o
                0x0800441c                void from_member_function<void (iic_ms5803_driver::*)(unsigned char)>::to_c_style_function<&iic_ms5803_driver::iic_rx_complete_handle>(void*, unsigned char)
 .text._ZN17iic_ms5803_driver22iic_tx_complete_handleEv
                0x08004420       0x58 build/iic_ms5803_driver.o
                0x08004420                iic_ms5803_driver::iic_tx_complete_handle()
 .text._ZN20from_member_functionIM17iic_ms5803_driverFvvEE19to_c_style_functionIXadL_ZNS0_22iic_tx_complete_handleEvEEEEvPv
                0x08004478        0x4 build/iic_ms5803_driver.o
                0x08004478                void from_member_function<void (iic_ms5803_driver::*)()>::to_c_style_function<&iic_ms5803_driver::iic_tx_complete_handle>(void*)
 .text._ZN17iic_ms5803_driver19on_sample_completedEv
                0x0800447c      0x154 build/iic_ms5803_driver.o
                0x0800447c                iic_ms5803_driver::on_sample_completed()
 .text._ZN20from_member_functionIM17iic_ms5803_driverFvvEE18to_unique_functionIXadL_ZNS0_19on_sample_completedEvEEEEvPvj
                0x080045d0        0x4 build/iic_ms5803_driver.o
                0x080045d0                void from_member_function<void (iic_ms5803_driver::*)()>::to_unique_function<&iic_ms5803_driver::on_sample_completed>(void*, unsigned int)
 *fill*         0x080045d4        0x4 
 .text._Z8interp_zdd
                0x080045d8      0x1ec build/calculate.o
                0x080045d8                interp_z(double, double)
 *fill*         0x080047c4        0x4 
 .text._ZN9calculate13calculate_sf6ERNS_6resultERNS_5paramE
                0x080047c8      0x6f8 build/calculate.o
                0x080047c8                calculate::calculate_sf6(calculate::result&, calculate::param&)
 .text._ZN5timerC2Ev
                0x08004ec0       0x3c build/timer.o
                0x08004ec0                timer::timer()
                0x08004ec0                timer::timer()
 .text._ZN5timer13check_timeoutEv
                0x08004efc       0x58 build/timer.o
                0x08004efc                timer::check_timeout()
 .text._ZN5timer15executate_afterEjPFvPvjES0_
                0x08004f54       0x1c build/timer.o
                0x08004f54                timer::executate_after(unsigned int, void (*)(void*, unsigned int), void*)
 .text._ZN5timer6cancelEv
                0x08004f70        0xe build/timer.o
                0x08004f70                timer::cancel()
 *fill*         0x08004f7e        0x2 
 .text.SysTick_Handler
                0x08004f80       0x2c build/timer.o
                0x08004f80                SysTick_Handler
 .text._Znwj    0x08004fac        0x4 build/misc.o
                0x08004fac                operator new(unsigned int)
 .text._ZdlPv   0x08004fb0        0x4 build/misc.o
                0x08004fb0                operator delete(void*)
 .text._write   0x08004fb4        0x4 build/misc.o
                0x08004fb4                _write
 .text._ZN10serialport7on_recvEh
                0x08004fb8        0x2 build/serialport.o
                0x08004fb8                serialport::on_recv(unsigned char)
 .text._ZN10serialport12on_recv_idleEv
                0x08004fba        0x2 build/serialport.o
                0x08004fba                serialport::on_recv_idle()
 .text._ZN10serialportD2Ev
                0x08004fbc        0x2 build/serialport.o
                0x08004fbc                serialport::~serialport()
                0x08004fbc                serialport::~serialport()
 .text._ZN10serialportD0Ev
                0x08004fbe        0xc build/serialport.o
                0x08004fbe                serialport::~serialport()
 *fill*         0x08004fca        0x6 
 .text._ZN10serialport4openElhfc
                0x08004fd0      0x120 build/serialport.o
                0x08004fd0                serialport::open(long, unsigned char, float, char)
 .text._ZN11serial_gpioC2EP12GPIO_TypeDefm
                0x080050f0        0x6 build/serialport.o
                0x080050f0                serial_gpio::serial_gpio(GPIO_TypeDef*, unsigned long)
                0x080050f0                serial_gpio::serial_gpio(GPIO_TypeDef*, unsigned long)
 .text._ZN10serialport5writeEPKvj
                0x080050f6       0x1a build/serialport.o
                0x080050f6                serialport::write(void const*, unsigned int)
 .text._ZN10serialport25serialport_it_rx_completeEv
                0x08005110       0x4a build/serialport.o
                0x08005110                serialport::serialport_it_rx_complete()
 *fill*         0x0800515a        0x2 
 .text._ZN10serialportC2EP13USART_TypeDefRK11serial_gpioS4_
                0x0800515c       0x68 build/serialport.o
                0x0800515c                serialport::serialport(USART_TypeDef*, serial_gpio const&, serial_gpio const&)
                0x0800515c                serialport::serialport(USART_TypeDef*, serial_gpio const&, serial_gpio const&)
 .text.LPUART1_IRQHandler
                0x080051c4        0xc build/serialport.o
                0x080051c4                LPUART1_IRQHandler
 .text.USART1_IRQHandler
                0x080051d0        0xc build/serialport.o
                0x080051d0                USART1_IRQHandler
 .text.USART2_IRQHandler
                0x080051dc        0xc build/serialport.o
                0x080051dc                USART2_IRQHandler
 .text._ZN4LoraD2Ev
                0x080051e8       0x40 build/lora.o
                0x080051e8                Lora::~Lora()
                0x080051e8                Lora::~Lora()
 .text._ZN4LoraD0Ev
                0x08005228       0x12 build/lora.o
                0x08005228                Lora::~Lora()
 .text._ZN4Lora29start_protocol_handle_processEv
                0x0800523a       0x2e build/lora.o
                0x0800523a                Lora::start_protocol_handle_process()
 .text._ZN4Lora11upload_dataEv
                0x08005268       0x34 build/lora.o
                0x08005268                Lora::upload_data()
 .text._ZN4LoraC2EP13USART_TypeDefRK11serial_gpioS4_
                0x0800529c       0x6c build/lora.o
                0x0800529c                Lora::Lora(USART_TypeDef*, serial_gpio const&, serial_gpio const&)
                0x0800529c                Lora::Lora(USART_TypeDef*, serial_gpio const&, serial_gpio const&)
 .text._ZN4Lora20reset_receive_bufferEv
                0x08005308       0x18 build/lora.o
                0x08005308                Lora::reset_receive_buffer()
 .text._ZN4Lora7on_recvEh
                0x08005320       0x9c build/lora.o
                0x08005320                Lora::on_recv(unsigned char)
 .text._ZN4Lora12on_recv_idleEv
                0x080053bc       0x80 build/lora.o
                0x080053bc                Lora::on_recv_idle()
 .text._ZN4HostD2Ev
                0x0800543c       0x14 build/host.o
                0x0800543c                Host::~Host()
                0x0800543c                Host::~Host()
 .text._ZN4HostD0Ev
                0x08005450       0x12 build/host.o
                0x08005450                Host::~Host()
 .text._ZN4Host20reset_receive_bufferEv
                0x08005462       0x18 build/host.o
                0x08005462                Host::reset_receive_buffer()
 .text._ZN4Host27start_communication_prepareEv
                0x0800547a       0x10 build/host.o
                0x0800547a                Host::start_communication_prepare()
 .text._ZN4Host29start_protocol_handle_processEv
                0x0800548a       0x44 build/host.o
                0x0800548a                Host::start_protocol_handle_process()
 *fill*         0x080054ce        0x2 
 .text._ZN4Host7on_recvEh
                0x080054d0       0xc4 build/host.o
                0x080054d0                Host::on_recv(unsigned char)
 .text._ZN4HostC2EP13USART_TypeDefRK11serial_gpioS4_
                0x08005594       0x54 build/host.o
                0x08005594                Host::Host(USART_TypeDef*, serial_gpio const&, serial_gpio const&)
                0x08005594                Host::Host(USART_TypeDef*, serial_gpio const&, serial_gpio const&)
 .text.LL_GPIO_SetPinPull.constprop.0
                0x080055e8       0x26 build/power_manager.o
 .text.LL_GPIO_SetPinMode.constprop.0
                0x0800560e       0x2c build/power_manager.o
 *fill*         0x0800563a        0x2 
 .text._ZN12PowerManager13usart1_deinitEv
                0x0800563c       0xc4 build/power_manager.o
                0x0800563c                PowerManager::usart1_deinit()
 .text._ZN12PowerManager11I2C1_DeInitEv
                0x08005700       0x74 build/power_manager.o
                0x08005700                PowerManager::I2C1_DeInit()
 .text._ZN12PowerManager13lpuart_deinitEv
                0x08005774       0xe4 build/power_manager.o
                0x08005774                PowerManager::lpuart_deinit()
 .text._ZN12PowerManager11gpio_deinitEv
                0x08005858       0x54 build/power_manager.o
                0x08005858                PowerManager::gpio_deinit()
 .text._ZN12PowerManager6deinitEv
                0x080058ac       0x1e build/power_manager.o
                0x080058ac                PowerManager::deinit()
 *fill*         0x080058ca        0x2 
 .text._ZN12PowerManager18enter_standby_modeEv
                0x080058cc       0x70 build/power_manager.o
                0x080058cc                PowerManager::enter_standby_mode()
 .text._ZN15ProtocolManager27generate_lora_protocol_jsonEPKcS1_P5cJSON
                0x0800593c      0x8e8 build/protocol_manager.o
                0x0800593c                ProtocolManager::generate_lora_protocol_json(char const*, char const*, cJSON*)
 .text._ZN15ProtocolManager21parse_host_at_commandEPKc
                0x08006224       0xe0 build/protocol_manager.o
                0x08006224                ProtocolManager::parse_host_at_command(char const*)
 .text._ZN15ProtocolManager23wrap_lora_response_jsonEPKcS1_
                0x08006304       0x64 build/protocol_manager.o
                0x08006304                ProtocolManager::wrap_lora_response_json(char const*, char const*)
 .text._Z9clear_logv
                0x08006368       0x20 build/protocol_manager.o
                0x08006368                clear_log()
 .text._Z15internal_printfPKcz
                0x08006388       0xa0 build/protocol_manager.o
                0x08006388                internal_printf(char const*, ...)
 .text._ZN15ProtocolManager25lora_protocol_json_handleEPKc
                0x08006428      0x134 build/protocol_manager.o
                0x08006428                ProtocolManager::lora_protocol_json_handle(char const*)
 .text.Reset_Handler
                0x0800655c       0x50 build/startup_stm32l412xx.o
                0x0800655c                Reset_Handler
 .text.Default_Handler
                0x080065ac        0x2 build/startup_stm32l412xx.o
                0x080065ac                EXTI2_IRQHandler
                0x080065ac                TIM1_CC_IRQHandler
                0x080065ac                TSC_IRQHandler
                0x080065ac                TIM6_IRQHandler
                0x080065ac                TAMP_STAMP_IRQHandler
                0x080065ac                EXTI3_IRQHandler
                0x080065ac                LPTIM2_IRQHandler
                0x080065ac                I2C3_ER_IRQHandler
                0x080065ac                EXTI0_IRQHandler
                0x080065ac                I2C2_EV_IRQHandler
                0x080065ac                FPU_IRQHandler
                0x080065ac                TIM1_UP_TIM16_IRQHandler
                0x080065ac                ADC1_2_IRQHandler
                0x080065ac                SPI1_IRQHandler
                0x080065ac                DMA2_Channel2_IRQHandler
                0x080065ac                DMA1_Channel4_IRQHandler
                0x080065ac                USART3_IRQHandler
                0x080065ac                DMA1_Channel7_IRQHandler
                0x080065ac                DMA2_Channel1_IRQHandler
                0x080065ac                QUADSPI_IRQHandler
                0x080065ac                DMA1_Channel6_IRQHandler
                0x080065ac                DMA2_Channel4_IRQHandler
                0x080065ac                RCC_IRQHandler
                0x080065ac                TIM1_TRG_COM_IRQHandler
                0x080065ac                DMA1_Channel1_IRQHandler
                0x080065ac                Default_Handler
                0x080065ac                DMA2_Channel7_IRQHandler
                0x080065ac                EXTI15_10_IRQHandler
                0x080065ac                I2C3_EV_IRQHandler
                0x080065ac                USB_IRQHandler
                0x080065ac                EXTI9_5_IRQHandler
                0x080065ac                RTC_WKUP_IRQHandler
                0x080065ac                PVD_PVM_IRQHandler
                0x080065ac                SPI2_IRQHandler
                0x080065ac                DMA2_Channel5_IRQHandler
                0x080065ac                CRS_IRQHandler
                0x080065ac                DMA1_Channel5_IRQHandler
                0x080065ac                EXTI4_IRQHandler
                0x080065ac                RNG_IRQHandler
                0x080065ac                DMA1_Channel3_IRQHandler
                0x080065ac                COMP_IRQHandler
                0x080065ac                WWDG_IRQHandler
                0x080065ac                DMA2_Channel6_IRQHandler
                0x080065ac                TIM2_IRQHandler
                0x080065ac                EXTI1_IRQHandler
                0x080065ac                I2C2_ER_IRQHandler
                0x080065ac                DMA1_Channel2_IRQHandler
                0x080065ac                FLASH_IRQHandler
                0x080065ac                LPTIM1_IRQHandler
                0x080065ac                DMA2_Channel3_IRQHandler
                0x080065ac                TIM1_BRK_TIM15_IRQHandler
 *fill*         0x080065ae        0x2 
 .text.__errno  0x080065b0        0xc d:/work/leycee/gcc-arm-none-eabi/bin/../lib/gcc/arm-none-eabi/10.3.1/../../../../arm-none-eabi/lib/thumb/v7e-m+fp/hard\libc.a(lib_a-errno.o)
                0x080065b0                __errno
 .text.__libc_init_array
                0x080065bc       0x48 d:/work/leycee/gcc-arm-none-eabi/bin/../lib/gcc/arm-none-eabi/10.3.1/../../../../arm-none-eabi/lib/thumb/v7e-m+fp/hard\libc.a(lib_a-init.o)
                0x080065bc                __libc_init_array
 .text.malloc   0x08006604       0x10 d:/work/leycee/gcc-arm-none-eabi/bin/../lib/gcc/arm-none-eabi/10.3.1/../../../../arm-none-eabi/lib/thumb/v7e-m+fp/hard\libc.a(lib_a-malloc.o)
                0x08006604                malloc
 .text.free     0x08006614       0x10 d:/work/leycee/gcc-arm-none-eabi/bin/../lib/gcc/arm-none-eabi/10.3.1/../../../../arm-none-eabi/lib/thumb/v7e-m+fp/hard\libc.a(lib_a-malloc.o)
                0x08006614                free
 .text._malloc_r
                0x08006624      0x560 d:/work/leycee/gcc-arm-none-eabi/bin/../lib/gcc/arm-none-eabi/10.3.1/../../../../arm-none-eabi/lib/thumb/v7e-m+fp/hard\libc.a(lib_a-mallocr.o)
                0x08006624                _malloc_r
 .text.memmove  0x08006b84       0xf8 d:/work/leycee/gcc-arm-none-eabi/bin/../lib/gcc/arm-none-eabi/10.3.1/../../../../arm-none-eabi/lib/thumb/v7e-m+fp/hard\libc.a(lib_a-memmove.o)
                0x08006b84                memmove
 .text.memset   0x08006c7c       0xa4 d:/work/leycee/gcc-arm-none-eabi/bin/../lib/gcc/arm-none-eabi/10.3.1/../../../../arm-none-eabi/lib/thumb/v7e-m+fp/hard\libc.a(lib_a-memset.o)
                0x08006c7c                memset
 .text.__malloc_lock
                0x08006d20        0xc d:/work/leycee/gcc-arm-none-eabi/bin/../lib/gcc/arm-none-eabi/10.3.1/../../../../arm-none-eabi/lib/thumb/v7e-m+fp/hard\libc.a(lib_a-mlock.o)
                0x08006d20                __malloc_lock
 .text.__malloc_unlock
                0x08006d2c        0xc d:/work/leycee/gcc-arm-none-eabi/bin/../lib/gcc/arm-none-eabi/10.3.1/../../../../arm-none-eabi/lib/thumb/v7e-m+fp/hard\libc.a(lib_a-mlock.o)
                0x08006d2c                __malloc_unlock
 .text.printf   0x08006d38       0x28 d:/work/leycee/gcc-arm-none-eabi/bin/../lib/gcc/arm-none-eabi/10.3.1/../../../../arm-none-eabi/lib/thumb/v7e-m+fp/hard\libc.a(lib_a-printf.o)
                0x08006d38                printf
 .text._puts_r  0x08006d60       0x9c d:/work/leycee/gcc-arm-none-eabi/bin/../lib/gcc/arm-none-eabi/10.3.1/../../../../arm-none-eabi/lib/thumb/v7e-m+fp/hard\libc.a(lib_a-puts.o)
                0x08006d60                _puts_r
 .text.puts     0x08006dfc       0x10 d:/work/leycee/gcc-arm-none-eabi/bin/../lib/gcc/arm-none-eabi/10.3.1/../../../../arm-none-eabi/lib/thumb/v7e-m+fp/hard\libc.a(lib_a-puts.o)
                0x08006dfc                puts
 .text.realloc  0x08006e0c       0x18 d:/work/leycee/gcc-arm-none-eabi/bin/../lib/gcc/arm-none-eabi/10.3.1/../../../../arm-none-eabi/lib/thumb/v7e-m+fp/hard\libc.a(lib_a-realloc.o)
                0x08006e0c                realloc
 .text._realloc_r
                0x08006e24      0x3d8 d:/work/leycee/gcc-arm-none-eabi/bin/../lib/gcc/arm-none-eabi/10.3.1/../../../../arm-none-eabi/lib/thumb/v7e-m+fp/hard\libc.a(lib_a-reallocr.o)
                0x08006e24                _realloc_r
 .text._sbrk_r  0x080071fc       0x24 d:/work/leycee/gcc-arm-none-eabi/bin/../lib/gcc/arm-none-eabi/10.3.1/../../../../arm-none-eabi/lib/thumb/v7e-m+fp/hard\libc.a(lib_a-sbrkr.o)
                0x080071fc                _sbrk_r
 .text.sprintf  0x08007220       0x40 d:/work/leycee/gcc-arm-none-eabi/bin/../lib/gcc/arm-none-eabi/10.3.1/../../../../arm-none-eabi/lib/thumb/v7e-m+fp/hard\libc.a(lib_a-sprintf.o)
                0x08007220                sprintf
 .text.sscanf   0x08007260       0x58 d:/work/leycee/gcc-arm-none-eabi/bin/../lib/gcc/arm-none-eabi/10.3.1/../../../../arm-none-eabi/lib/thumb/v7e-m+fp/hard\libc.a(lib_a-sscanf.o)
                0x08007260                sscanf
 .text.__sread  0x080072b8       0x24 d:/work/leycee/gcc-arm-none-eabi/bin/../lib/gcc/arm-none-eabi/10.3.1/../../../../arm-none-eabi/lib/thumb/v7e-m+fp/hard\libc.a(lib_a-stdio.o)
                0x080072b8                __sread
 .text.__seofread
                0x080072dc        0x4 d:/work/leycee/gcc-arm-none-eabi/bin/../lib/gcc/arm-none-eabi/10.3.1/../../../../arm-none-eabi/lib/thumb/v7e-m+fp/hard\libc.a(lib_a-stdio.o)
                0x080072dc                __seofread
 .text.__swrite
                0x080072e0       0x40 d:/work/leycee/gcc-arm-none-eabi/bin/../lib/gcc/arm-none-eabi/10.3.1/../../../../arm-none-eabi/lib/thumb/v7e-m+fp/hard\libc.a(lib_a-stdio.o)
                0x080072e0                __swrite
 .text.__sseek  0x08007320       0x20 d:/work/leycee/gcc-arm-none-eabi/bin/../lib/gcc/arm-none-eabi/10.3.1/../../../../arm-none-eabi/lib/thumb/v7e-m+fp/hard\libc.a(lib_a-stdio.o)
                0x08007320                __sseek
 .text.__sclose
                0x08007340        0x8 d:/work/leycee/gcc-arm-none-eabi/bin/../lib/gcc/arm-none-eabi/10.3.1/../../../../arm-none-eabi/lib/thumb/v7e-m+fp/hard\libc.a(lib_a-stdio.o)
                0x08007340                __sclose
 .text.strcat   0x08007348       0x40 d:/work/leycee/gcc-arm-none-eabi/bin/../lib/gcc/arm-none-eabi/10.3.1/../../../../arm-none-eabi/lib/thumb/v7e-m+fp/hard\libc.a(lib_a-strcat.o)
                0x08007348                strcat
 .text.strchr   0x08007388       0xcc d:/work/leycee/gcc-arm-none-eabi/bin/../lib/gcc/arm-none-eabi/10.3.1/../../../../arm-none-eabi/lib/thumb/v7e-m+fp/hard\libc.a(lib_a-strchr.o)
                0x08007388                strchr
 .text.strcpy   0x08007454       0xbc d:/work/leycee/gcc-arm-none-eabi/bin/../lib/gcc/arm-none-eabi/10.3.1/../../../../arm-none-eabi/lib/thumb/v7e-m+fp/hard\libc.a(lib_a-strcpy.o)
                0x08007454                strcpy
 .text.strncmp  0x08007510       0x80 d:/work/leycee/gcc-arm-none-eabi/bin/../lib/gcc/arm-none-eabi/10.3.1/../../../../arm-none-eabi/lib/thumb/v7e-m+fp/hard\libc.a(lib_a-strncmp.o)
                0x08007510                strncmp
 .text.two_way_long_needle
                0x08007590      0x2b4 d:/work/leycee/gcc-arm-none-eabi/bin/../lib/gcc/arm-none-eabi/10.3.1/../../../../arm-none-eabi/lib/thumb/v7e-m+fp/hard\libc.a(lib_a-strstr.o)
 .text.strstr   0x08007844      0x168 d:/work/leycee/gcc-arm-none-eabi/bin/../lib/gcc/arm-none-eabi/10.3.1/../../../../arm-none-eabi/lib/thumb/v7e-m+fp/hard\libc.a(lib_a-strstr.o)
                0x08007844                strstr
 *fill*         0x080079ac        0x4 
 .text._strtod_l
                0x080079b0      0xf50 d:/work/leycee/gcc-arm-none-eabi/bin/../lib/gcc/arm-none-eabi/10.3.1/../../../../arm-none-eabi/lib/thumb/v7e-m+fp/hard\libc.a(lib_a-strtod.o)
                0x080079b0                _strtod_l
 .text._strtod_r
                0x08008900        0xc d:/work/leycee/gcc-arm-none-eabi/bin/../lib/gcc/arm-none-eabi/10.3.1/../../../../arm-none-eabi/lib/thumb/v7e-m+fp/hard\libc.a(lib_a-strtod.o)
                0x08008900                _strtod_r
 .text.strtod   0x0800890c       0x20 d:/work/leycee/gcc-arm-none-eabi/bin/../lib/gcc/arm-none-eabi/10.3.1/../../../../arm-none-eabi/lib/thumb/v7e-m+fp/hard\libc.a(lib_a-strtod.o)
                0x0800890c                strtod
 *fill*         0x0800892c        0x4 
 .text._svfprintf_r
                0x08008930     0x1acc d:/work/leycee/gcc-arm-none-eabi/bin/../lib/gcc/arm-none-eabi/10.3.1/../../../../arm-none-eabi/lib/thumb/v7e-m+fp/hard\libc.a(lib_a-svfprintf.o)
                0x08008930                _svfprintf_r
 .text.__ssvfscanf_r
                0x0800a3fc     0x1754 d:/work/leycee/gcc-arm-none-eabi/bin/../lib/gcc/arm-none-eabi/10.3.1/../../../../arm-none-eabi/lib/thumb/v7e-m+fp/hard\libc.a(lib_a-svfscanf.o)
                0x0800a3fc                __ssvfscanf_r
 .text._vfprintf_r
                0x0800bb50     0x1b90 d:/work/leycee/gcc-arm-none-eabi/bin/../lib/gcc/arm-none-eabi/10.3.1/../../../../arm-none-eabi/lib/thumb/v7e-m+fp/hard\libc.a(lib_a-vfprintf.o)
                0x0800bb50                _vfprintf_r
 .text.__sbprintf
                0x0800d6e0       0x80 d:/work/leycee/gcc-arm-none-eabi/bin/../lib/gcc/arm-none-eabi/10.3.1/../../../../arm-none-eabi/lib/thumb/v7e-m+fp/hard\libc.a(lib_a-vfprintf.o)
 .text.vsnprintf
                0x0800d760       0x70 d:/work/leycee/gcc-arm-none-eabi/bin/../lib/gcc/arm-none-eabi/10.3.1/../../../../arm-none-eabi/lib/thumb/v7e-m+fp/hard\libc.a(lib_a-vsnprintf.o)
                0x0800d760                vsnprintf
 .text._write_r
                0x0800d7d0       0x2c d:/work/leycee/gcc-arm-none-eabi/bin/../lib/gcc/arm-none-eabi/10.3.1/../../../../arm-none-eabi/lib/thumb/v7e-m+fp/hard\libc.a(lib_a-writer.o)
                0x0800d7d0                _write_r
 .text.__swsetup_r
                0x0800d7fc       0xd4 d:/work/leycee/gcc-arm-none-eabi/bin/../lib/gcc/arm-none-eabi/10.3.1/../../../../arm-none-eabi/lib/thumb/v7e-m+fp/hard\libc.a(lib_a-wsetup.o)
                0x0800d7fc                __swsetup_r
 .text.startup.register_fini
                0x0800d8d0       0x14 d:/work/leycee/gcc-arm-none-eabi/bin/../lib/gcc/arm-none-eabi/10.3.1/../../../../arm-none-eabi/lib/thumb/v7e-m+fp/hard\libc.a(lib_a-__call_atexit.o)
 .text.atexit   0x0800d8e4        0xc d:/work/leycee/gcc-arm-none-eabi/bin/../lib/gcc/arm-none-eabi/10.3.1/../../../../arm-none-eabi/lib/thumb/v7e-m+fp/hard\libc.a(lib_a-atexit.o)
                0x0800d8e4                atexit
 .text._close_r
                0x0800d8f0       0x24 d:/work/leycee/gcc-arm-none-eabi/bin/../lib/gcc/arm-none-eabi/10.3.1/../../../../arm-none-eabi/lib/thumb/v7e-m+fp/hard\libc.a(lib_a-closer.o)
                0x0800d8f0                _close_r
 .text.quorem   0x0800d914      0x128 d:/work/leycee/gcc-arm-none-eabi/bin/../lib/gcc/arm-none-eabi/10.3.1/../../../../arm-none-eabi/lib/thumb/v7e-m+fp/hard\libc.a(lib_a-dtoa.o)
 *fill*         0x0800da3c        0x4 
 .text._dtoa_r  0x0800da40      0xf3c d:/work/leycee/gcc-arm-none-eabi/bin/../lib/gcc/arm-none-eabi/10.3.1/../../../../arm-none-eabi/lib/thumb/v7e-m+fp/hard\libc.a(lib_a-dtoa.o)
                0x0800da40                _dtoa_r
 .text.__sflush_r
                0x0800e97c      0x130 d:/work/leycee/gcc-arm-none-eabi/bin/../lib/gcc/arm-none-eabi/10.3.1/../../../../arm-none-eabi/lib/thumb/v7e-m+fp/hard\libc.a(lib_a-fflush.o)
                0x0800e97c                __sflush_r
 .text._fflush_r
                0x0800eaac       0x5c d:/work/leycee/gcc-arm-none-eabi/bin/../lib/gcc/arm-none-eabi/10.3.1/../../../../arm-none-eabi/lib/thumb/v7e-m+fp/hard\libc.a(lib_a-fflush.o)
                0x0800eaac                _fflush_r
 .text._cleanup_r
                0x0800eb08        0xc d:/work/leycee/gcc-arm-none-eabi/bin/../lib/gcc/arm-none-eabi/10.3.1/../../../../arm-none-eabi/lib/thumb/v7e-m+fp/hard\libc.a(lib_a-findfp.o)
                0x0800eb08                _cleanup_r
 .text.__sinit  0x0800eb14      0x10c d:/work/leycee/gcc-arm-none-eabi/bin/../lib/gcc/arm-none-eabi/10.3.1/../../../../arm-none-eabi/lib/thumb/v7e-m+fp/hard\libc.a(lib_a-findfp.o)
                0x0800eb14                __sinit
 .text.__sfp_lock_acquire
                0x0800ec20        0xc d:/work/leycee/gcc-arm-none-eabi/bin/../lib/gcc/arm-none-eabi/10.3.1/../../../../arm-none-eabi/lib/thumb/v7e-m+fp/hard\libc.a(lib_a-findfp.o)
                0x0800ec20                __sfp_lock_acquire
 .text.__sfp_lock_release
                0x0800ec2c        0xc d:/work/leycee/gcc-arm-none-eabi/bin/../lib/gcc/arm-none-eabi/10.3.1/../../../../arm-none-eabi/lib/thumb/v7e-m+fp/hard\libc.a(lib_a-findfp.o)
                0x0800ec2c                __sfp_lock_release
 .text.__libc_fini_array
                0x0800ec38       0x2c d:/work/leycee/gcc-arm-none-eabi/bin/../lib/gcc/arm-none-eabi/10.3.1/../../../../arm-none-eabi/lib/thumb/v7e-m+fp/hard\libc.a(lib_a-fini.o)
                0x0800ec38                __libc_fini_array
 .text._malloc_trim_r
                0x0800ec64       0xa0 d:/work/leycee/gcc-arm-none-eabi/bin/../lib/gcc/arm-none-eabi/10.3.1/../../../../arm-none-eabi/lib/thumb/v7e-m+fp/hard\libc.a(lib_a-freer.o)
                0x0800ec64                _malloc_trim_r
 .text._free_r  0x0800ed04      0x20c d:/work/leycee/gcc-arm-none-eabi/bin/../lib/gcc/arm-none-eabi/10.3.1/../../../../arm-none-eabi/lib/thumb/v7e-m+fp/hard\libc.a(lib_a-freer.o)
                0x0800ed04                _free_r
 .text.__sfvwrite_r
                0x0800ef10      0x2f0 d:/work/leycee/gcc-arm-none-eabi/bin/../lib/gcc/arm-none-eabi/10.3.1/../../../../arm-none-eabi/lib/thumb/v7e-m+fp/hard\libc.a(lib_a-fvwrite.o)
                0x0800ef10                __sfvwrite_r
 .text._fwalk_reent
                0x0800f200       0x48 d:/work/leycee/gcc-arm-none-eabi/bin/../lib/gcc/arm-none-eabi/10.3.1/../../../../arm-none-eabi/lib/thumb/v7e-m+fp/hard\libc.a(lib_a-fwalk.o)
                0x0800f200                _fwalk_reent
 .text.rshift   0x0800f248       0xa4 d:/work/leycee/gcc-arm-none-eabi/bin/../lib/gcc/arm-none-eabi/10.3.1/../../../../arm-none-eabi/lib/thumb/v7e-m+fp/hard\libc.a(lib_a-gdtoa-gethex.o)
 .text.__gethex
                0x0800f2ec      0x5d8 d:/work/leycee/gcc-arm-none-eabi/bin/../lib/gcc/arm-none-eabi/10.3.1/../../../../arm-none-eabi/lib/thumb/v7e-m+fp/hard\libc.a(lib_a-gdtoa-gethex.o)
                0x0800f2ec                __gethex
 .text.__match  0x0800f8c4       0x38 d:/work/leycee/gcc-arm-none-eabi/bin/../lib/gcc/arm-none-eabi/10.3.1/../../../../arm-none-eabi/lib/thumb/v7e-m+fp/hard\libc.a(lib_a-gdtoa-hexnan.o)
                0x0800f8c4                __match
 .text.__hexnan
                0x0800f8fc      0x1ac d:/work/leycee/gcc-arm-none-eabi/bin/../lib/gcc/arm-none-eabi/10.3.1/../../../../arm-none-eabi/lib/thumb/v7e-m+fp/hard\libc.a(lib_a-gdtoa-hexnan.o)
                0x0800f8fc                __hexnan
 .text.iswspace
                0x0800faa8        0x8 d:/work/leycee/gcc-arm-none-eabi/bin/../lib/gcc/arm-none-eabi/10.3.1/../../../../arm-none-eabi/lib/thumb/v7e-m+fp/hard\libc.a(lib_a-iswspace.o)
                0x0800faa8                iswspace
 .text.iswspace_l
                0x0800fab0       0x14 d:/work/leycee/gcc-arm-none-eabi/bin/../lib/gcc/arm-none-eabi/10.3.1/../../../../arm-none-eabi/lib/thumb/v7e-m+fp/hard\libc.a(lib_a-iswspace_l.o)
                0x0800fab0                iswspace_l
 .text.__locale_mb_cur_max
                0x0800fac4        0xc d:/work/leycee/gcc-arm-none-eabi/bin/../lib/gcc/arm-none-eabi/10.3.1/../../../../arm-none-eabi/lib/thumb/v7e-m+fp/hard\libc.a(lib_a-locale.o)
                0x0800fac4                __locale_mb_cur_max
 .text._localeconv_r
                0x0800fad0        0x8 d:/work/leycee/gcc-arm-none-eabi/bin/../lib/gcc/arm-none-eabi/10.3.1/../../../../arm-none-eabi/lib/thumb/v7e-m+fp/hard\libc.a(lib_a-localeconv.o)
                0x0800fad0                _localeconv_r
 .text.__retarget_lock_init_recursive
                0x0800fad8        0x4 d:/work/leycee/gcc-arm-none-eabi/bin/../lib/gcc/arm-none-eabi/10.3.1/../../../../arm-none-eabi/lib/thumb/v7e-m+fp/hard\libc.a(lib_a-lock.o)
                0x0800fad8                __retarget_lock_init_recursive
 .text.__retarget_lock_close_recursive
                0x0800fadc        0x4 d:/work/leycee/gcc-arm-none-eabi/bin/../lib/gcc/arm-none-eabi/10.3.1/../../../../arm-none-eabi/lib/thumb/v7e-m+fp/hard\libc.a(lib_a-lock.o)
                0x0800fadc                __retarget_lock_close_recursive
 .text.__retarget_lock_acquire_recursive
                0x0800fae0        0x4 d:/work/leycee/gcc-arm-none-eabi/bin/../lib/gcc/arm-none-eabi/10.3.1/../../../../arm-none-eabi/lib/thumb/v7e-m+fp/hard\libc.a(lib_a-lock.o)
                0x0800fae0                __retarget_lock_acquire_recursive
 .text.__retarget_lock_release_recursive
                0x0800fae4        0x4 d:/work/leycee/gcc-arm-none-eabi/bin/../lib/gcc/arm-none-eabi/10.3.1/../../../../arm-none-eabi/lib/thumb/v7e-m+fp/hard\libc.a(lib_a-lock.o)
                0x0800fae4                __retarget_lock_release_recursive
 .text._lseek_r
                0x0800fae8       0x2c d:/work/leycee/gcc-arm-none-eabi/bin/../lib/gcc/arm-none-eabi/10.3.1/../../../../arm-none-eabi/lib/thumb/v7e-m+fp/hard\libc.a(lib_a-lseekr.o)
                0x0800fae8                _lseek_r
 .text.__smakebuf_r
                0x0800fb14       0xe0 d:/work/leycee/gcc-arm-none-eabi/bin/../lib/gcc/arm-none-eabi/10.3.1/../../../../arm-none-eabi/lib/thumb/v7e-m+fp/hard\libc.a(lib_a-makebuf.o)
                0x0800fb14                __smakebuf_r
 .text._mbrtowc_r
                0x0800fbf4       0x44 d:/work/leycee/gcc-arm-none-eabi/bin/../lib/gcc/arm-none-eabi/10.3.1/../../../../arm-none-eabi/lib/thumb/v7e-m+fp/hard\libc.a(lib_a-mbrtowc.o)
                0x0800fbf4                _mbrtowc_r
 .text.__ascii_mbtowc
                0x0800fc38       0x2c d:/work/leycee/gcc-arm-none-eabi/bin/../lib/gcc/arm-none-eabi/10.3.1/../../../../arm-none-eabi/lib/thumb/v7e-m+fp/hard\libc.a(lib_a-mbtowc_r.o)
                0x0800fc38                __ascii_mbtowc
 .text.memcmp   0x0800fc64       0x64 d:/work/leycee/gcc-arm-none-eabi/bin/../lib/gcc/arm-none-eabi/10.3.1/../../../../arm-none-eabi/lib/thumb/v7e-m+fp/hard\libc.a(lib_a-memcmp.o)
                0x0800fc64                memcmp
 .text._Balloc  0x0800fcc8       0x4c d:/work/leycee/gcc-arm-none-eabi/bin/../lib/gcc/arm-none-eabi/10.3.1/../../../../arm-none-eabi/lib/thumb/v7e-m+fp/hard\libc.a(lib_a-mprec.o)
                0x0800fcc8                _Balloc
 .text._Bfree   0x0800fd14       0x14 d:/work/leycee/gcc-arm-none-eabi/bin/../lib/gcc/arm-none-eabi/10.3.1/../../../../arm-none-eabi/lib/thumb/v7e-m+fp/hard\libc.a(lib_a-mprec.o)
                0x0800fd14                _Bfree
 .text.__multadd
                0x0800fd28       0xa8 d:/work/leycee/gcc-arm-none-eabi/bin/../lib/gcc/arm-none-eabi/10.3.1/../../../../arm-none-eabi/lib/thumb/v7e-m+fp/hard\libc.a(lib_a-mprec.o)
                0x0800fd28                __multadd
 .text.__s2b    0x0800fdd0       0xb4 d:/work/leycee/gcc-arm-none-eabi/bin/../lib/gcc/arm-none-eabi/10.3.1/../../../../arm-none-eabi/lib/thumb/v7e-m+fp/hard\libc.a(lib_a-mprec.o)
                0x0800fdd0                __s2b
 .text.__hi0bits
                0x0800fe84       0x40 d:/work/leycee/gcc-arm-none-eabi/bin/../lib/gcc/arm-none-eabi/10.3.1/../../../../arm-none-eabi/lib/thumb/v7e-m+fp/hard\libc.a(lib_a-mprec.o)
                0x0800fe84                __hi0bits
 .text.__lo0bits
                0x0800fec4       0x60 d:/work/leycee/gcc-arm-none-eabi/bin/../lib/gcc/arm-none-eabi/10.3.1/../../../../arm-none-eabi/lib/thumb/v7e-m+fp/hard\libc.a(lib_a-mprec.o)
                0x0800fec4                __lo0bits
 .text.__i2b    0x0800ff24       0x5c d:/work/leycee/gcc-arm-none-eabi/bin/../lib/gcc/arm-none-eabi/10.3.1/../../../../arm-none-eabi/lib/thumb/v7e-m+fp/hard\libc.a(lib_a-mprec.o)
                0x0800ff24                __i2b
 .text.__multiply
                0x0800ff80      0x15c d:/work/leycee/gcc-arm-none-eabi/bin/../lib/gcc/arm-none-eabi/10.3.1/../../../../arm-none-eabi/lib/thumb/v7e-m+fp/hard\libc.a(lib_a-mprec.o)
                0x0800ff80                __multiply
 .text.__pow5mult
                0x080100dc       0xc0 d:/work/leycee/gcc-arm-none-eabi/bin/../lib/gcc/arm-none-eabi/10.3.1/../../../../arm-none-eabi/lib/thumb/v7e-m+fp/hard\libc.a(lib_a-mprec.o)
                0x080100dc                __pow5mult
 .text.__lshift
                0x0801019c       0xf0 d:/work/leycee/gcc-arm-none-eabi/bin/../lib/gcc/arm-none-eabi/10.3.1/../../../../arm-none-eabi/lib/thumb/v7e-m+fp/hard\libc.a(lib_a-mprec.o)
                0x0801019c                __lshift
 .text.__mcmp   0x0801028c       0x44 d:/work/leycee/gcc-arm-none-eabi/bin/../lib/gcc/arm-none-eabi/10.3.1/../../../../arm-none-eabi/lib/thumb/v7e-m+fp/hard\libc.a(lib_a-mprec.o)
                0x0801028c                __mcmp
 .text.__mdiff  0x080102d0      0x14c d:/work/leycee/gcc-arm-none-eabi/bin/../lib/gcc/arm-none-eabi/10.3.1/../../../../arm-none-eabi/lib/thumb/v7e-m+fp/hard\libc.a(lib_a-mprec.o)
                0x080102d0                __mdiff
 .text.__ulp    0x0801041c       0x60 d:/work/leycee/gcc-arm-none-eabi/bin/../lib/gcc/arm-none-eabi/10.3.1/../../../../arm-none-eabi/lib/thumb/v7e-m+fp/hard\libc.a(lib_a-mprec.o)
                0x0801041c                __ulp
 .text.__b2d    0x0801047c       0xc0 d:/work/leycee/gcc-arm-none-eabi/bin/../lib/gcc/arm-none-eabi/10.3.1/../../../../arm-none-eabi/lib/thumb/v7e-m+fp/hard\libc.a(lib_a-mprec.o)
                0x0801047c                __b2d
 .text.__d2b    0x0801053c       0xd0 d:/work/leycee/gcc-arm-none-eabi/bin/../lib/gcc/arm-none-eabi/10.3.1/../../../../arm-none-eabi/lib/thumb/v7e-m+fp/hard\libc.a(lib_a-mprec.o)
                0x0801053c                __d2b
 .text.__ratio  0x0801060c       0x5c d:/work/leycee/gcc-arm-none-eabi/bin/../lib/gcc/arm-none-eabi/10.3.1/../../../../arm-none-eabi/lib/thumb/v7e-m+fp/hard\libc.a(lib_a-mprec.o)
                0x0801060c                __ratio
 .text.__copybits
                0x08010668       0x5c d:/work/leycee/gcc-arm-none-eabi/bin/../lib/gcc/arm-none-eabi/10.3.1/../../../../arm-none-eabi/lib/thumb/v7e-m+fp/hard\libc.a(lib_a-mprec.o)
                0x08010668                __copybits
 .text.__any_on
                0x080106c4       0x64 d:/work/leycee/gcc-arm-none-eabi/bin/../lib/gcc/arm-none-eabi/10.3.1/../../../../arm-none-eabi/lib/thumb/v7e-m+fp/hard\libc.a(lib_a-mprec.o)
                0x080106c4                __any_on
 .text._read_r  0x08010728       0x2c d:/work/leycee/gcc-arm-none-eabi/bin/../lib/gcc/arm-none-eabi/10.3.1/../../../../arm-none-eabi/lib/thumb/v7e-m+fp/hard\libc.a(lib_a-readr.o)
                0x08010728                _read_r
 .text.frexp    0x08010754       0x6c d:/work/leycee/gcc-arm-none-eabi/bin/../lib/gcc/arm-none-eabi/10.3.1/../../../../arm-none-eabi/lib/thumb/v7e-m+fp/hard\libc.a(lib_a-s_frexp.o)
                0x08010754                frexp
 .text.nan      0x080107c0       0x10 d:/work/leycee/gcc-arm-none-eabi/bin/../lib/gcc/arm-none-eabi/10.3.1/../../../../arm-none-eabi/lib/thumb/v7e-m+fp/hard\libc.a(lib_a-s_nan.o)
                0x080107c0                nan
 .text.__sccl   0x080107d0       0x8c d:/work/leycee/gcc-arm-none-eabi/bin/../lib/gcc/arm-none-eabi/10.3.1/../../../../arm-none-eabi/lib/thumb/v7e-m+fp/hard\libc.a(lib_a-sccl.o)
                0x080107d0                __sccl
 .text.nanf     0x0801085c        0xc d:/work/leycee/gcc-arm-none-eabi/bin/../lib/gcc/arm-none-eabi/10.3.1/../../../../arm-none-eabi/lib/thumb/v7e-m+fp/hard\libc.a(lib_a-sf_nan.o)
                0x0801085c                nanf
 .text.strncpy  0x08010868       0x64 d:/work/leycee/gcc-arm-none-eabi/bin/../lib/gcc/arm-none-eabi/10.3.1/../../../../arm-none-eabi/lib/thumb/v7e-m+fp/hard\libc.a(lib_a-strncpy.o)
                0x08010868                strncpy
 .text.strnlen  0x080108cc       0x24 d:/work/leycee/gcc-arm-none-eabi/bin/../lib/gcc/arm-none-eabi/10.3.1/../../../../arm-none-eabi/lib/thumb/v7e-m+fp/hard\libc.a(lib_a-strnlen.o)
                0x080108cc                strnlen
 .text._strtol_l.part.0
                0x080108f0      0x120 d:/work/leycee/gcc-arm-none-eabi/bin/../lib/gcc/arm-none-eabi/10.3.1/../../../../arm-none-eabi/lib/thumb/v7e-m+fp/hard\libc.a(lib_a-strtol.o)
 .text._strtol_r
                0x08010a10       0x1c d:/work/leycee/gcc-arm-none-eabi/bin/../lib/gcc/arm-none-eabi/10.3.1/../../../../arm-none-eabi/lib/thumb/v7e-m+fp/hard\libc.a(lib_a-strtol.o)
                0x08010a10                _strtol_r
 .text._strtoll_l.constprop.0
                0x08010a2c      0x170 d:/work/leycee/gcc-arm-none-eabi/bin/../lib/gcc/arm-none-eabi/10.3.1/../../../../arm-none-eabi/lib/thumb/v7e-m+fp/hard\libc.a(lib_a-strtoll.o)
 .text._strtoll_r
                0x08010b9c        0x4 d:/work/leycee/gcc-arm-none-eabi/bin/../lib/gcc/arm-none-eabi/10.3.1/../../../../arm-none-eabi/lib/thumb/v7e-m+fp/hard\libc.a(lib_a-strtoll.o)
                0x08010b9c                _strtoll_r
 .text._strtoul_l.constprop.0
                0x08010ba0      0x13c d:/work/leycee/gcc-arm-none-eabi/bin/../lib/gcc/arm-none-eabi/10.3.1/../../../../arm-none-eabi/lib/thumb/v7e-m+fp/hard\libc.a(lib_a-strtoul.o)
 .text._strtoul_r
                0x08010cdc        0x4 d:/work/leycee/gcc-arm-none-eabi/bin/../lib/gcc/arm-none-eabi/10.3.1/../../../../arm-none-eabi/lib/thumb/v7e-m+fp/hard\libc.a(lib_a-strtoul.o)
                0x08010cdc                _strtoul_r
 .text._strtoull_l.constprop.0
                0x08010ce0      0x19c d:/work/leycee/gcc-arm-none-eabi/bin/../lib/gcc/arm-none-eabi/10.3.1/../../../../arm-none-eabi/lib/thumb/v7e-m+fp/hard\libc.a(lib_a-strtoull.o)
 .text._strtoull_r
                0x08010e7c        0x4 d:/work/leycee/gcc-arm-none-eabi/bin/../lib/gcc/arm-none-eabi/10.3.1/../../../../arm-none-eabi/lib/thumb/v7e-m+fp/hard\libc.a(lib_a-strtoull.o)
                0x08010e7c                _strtoull_r
 .text.__ssprint_r
                0x08010e80       0xf8 d:/work/leycee/gcc-arm-none-eabi/bin/../lib/gcc/arm-none-eabi/10.3.1/../../../../arm-none-eabi/lib/thumb/v7e-m+fp/hard\libc.a(lib_a-svfiprintf.o)
                0x08010e80                __ssprint_r
 .text._sungetc_r
                0x08010f78       0x80 d:/work/leycee/gcc-arm-none-eabi/bin/../lib/gcc/arm-none-eabi/10.3.1/../../../../arm-none-eabi/lib/thumb/v7e-m+fp/hard\libc.a(lib_a-svfiscanf.o)
                0x08010f78                _sungetc_r
 .text.__ssrefill_r
                0x08010ff8       0x3c d:/work/leycee/gcc-arm-none-eabi/bin/../lib/gcc/arm-none-eabi/10.3.1/../../../../arm-none-eabi/lib/thumb/v7e-m+fp/hard\libc.a(lib_a-svfiscanf.o)
                0x08010ff8                __ssrefill_r
 .text._sfread_r
                0x08011034       0xb4 d:/work/leycee/gcc-arm-none-eabi/bin/../lib/gcc/arm-none-eabi/10.3.1/../../../../arm-none-eabi/lib/thumb/v7e-m+fp/hard\libc.a(lib_a-svfiscanf.o)
                0x08011034                _sfread_r
 .text.__submore
                0x080110e8       0x78 d:/work/leycee/gcc-arm-none-eabi/bin/../lib/gcc/arm-none-eabi/10.3.1/../../../../arm-none-eabi/lib/thumb/v7e-m+fp/hard\libc.a(lib_a-ungetc.o)
                0x080110e8                __submore
 .text.__sprint_r.part.0
                0x08011160       0x78 d:/work/leycee/gcc-arm-none-eabi/bin/../lib/gcc/arm-none-eabi/10.3.1/../../../../arm-none-eabi/lib/thumb/v7e-m+fp/hard\libc.a(lib_a-vfiprintf.o)
 .text.__sprint_r
                0x080111d8       0x18 d:/work/leycee/gcc-arm-none-eabi/bin/../lib/gcc/arm-none-eabi/10.3.1/../../../../arm-none-eabi/lib/thumb/v7e-m+fp/hard\libc.a(lib_a-vfiprintf.o)
                0x080111d8                __sprint_r
 .text._vfiprintf_r
                0x080111f0      0xdfc d:/work/leycee/gcc-arm-none-eabi/bin/../lib/gcc/arm-none-eabi/10.3.1/../../../../arm-none-eabi/lib/thumb/v7e-m+fp/hard\libc.a(lib_a-vfiprintf.o)
                0x080111f0                _vfiprintf_r
 .text.__sbprintf
                0x08011fec       0x80 d:/work/leycee/gcc-arm-none-eabi/bin/../lib/gcc/arm-none-eabi/10.3.1/../../../../arm-none-eabi/lib/thumb/v7e-m+fp/hard\libc.a(lib_a-vfiprintf.o)
 .text.__ascii_wctomb
                0x0801206c       0x1c d:/work/leycee/gcc-arm-none-eabi/bin/../lib/gcc/arm-none-eabi/10.3.1/../../../../arm-none-eabi/lib/thumb/v7e-m+fp/hard\libc.a(lib_a-wctomb_r.o)
                0x0801206c                __ascii_wctomb
 .text.__register_exitproc
                0x08012088       0x8c d:/work/leycee/gcc-arm-none-eabi/bin/../lib/gcc/arm-none-eabi/10.3.1/../../../../arm-none-eabi/lib/thumb/v7e-m+fp/hard\libc.a(lib_a-__atexit.o)
                0x08012088                __register_exitproc
 .text.__assert_func
                0x08012114       0x40 d:/work/leycee/gcc-arm-none-eabi/bin/../lib/gcc/arm-none-eabi/10.3.1/../../../../arm-none-eabi/lib/thumb/v7e-m+fp/hard\libc.a(lib_a-assert.o)
                0x08012114                __assert_func
 .text._calloc_r
                0x08012154       0x78 d:/work/leycee/gcc-arm-none-eabi/bin/../lib/gcc/arm-none-eabi/10.3.1/../../../../arm-none-eabi/lib/thumb/v7e-m+fp/hard\libc.a(lib_a-callocr.o)
                0x08012154                _calloc_r
 .text._fclose_r
                0x080121cc       0xcc d:/work/leycee/gcc-arm-none-eabi/bin/../lib/gcc/arm-none-eabi/10.3.1/../../../../arm-none-eabi/lib/thumb/v7e-m+fp/hard\libc.a(lib_a-fclose.o)
                0x080121cc                _fclose_r
 .text.fiprintf
                0x08012298       0x28 d:/work/leycee/gcc-arm-none-eabi/bin/../lib/gcc/arm-none-eabi/10.3.1/../../../../arm-none-eabi/lib/thumb/v7e-m+fp/hard\libc.a(lib_a-fiprintf.o)
                0x08012298                fiprintf
 .text.__fputwc
                0x080122c0       0xa8 d:/work/leycee/gcc-arm-none-eabi/bin/../lib/gcc/arm-none-eabi/10.3.1/../../../../arm-none-eabi/lib/thumb/v7e-m+fp/hard\libc.a(lib_a-fputwc.o)
                0x080122c0                __fputwc
 .text._fputwc_r
                0x08012368       0x68 d:/work/leycee/gcc-arm-none-eabi/bin/../lib/gcc/arm-none-eabi/10.3.1/../../../../arm-none-eabi/lib/thumb/v7e-m+fp/hard\libc.a(lib_a-fputwc.o)
                0x08012368                _fputwc_r
 .text._fstat_r
                0x080123d0       0x2c d:/work/leycee/gcc-arm-none-eabi/bin/../lib/gcc/arm-none-eabi/10.3.1/../../../../arm-none-eabi/lib/thumb/v7e-m+fp/hard\libc.a(lib_a-fstatr.o)
                0x080123d0                _fstat_r
 .text._isatty_r
                0x080123fc       0x24 d:/work/leycee/gcc-arm-none-eabi/bin/../lib/gcc/arm-none-eabi/10.3.1/../../../../arm-none-eabi/lib/thumb/v7e-m+fp/hard\libc.a(lib_a-isattyr.o)
                0x080123fc                _isatty_r
 .text.__swbuf_r
                0x08012420       0xb0 d:/work/leycee/gcc-arm-none-eabi/bin/../lib/gcc/arm-none-eabi/10.3.1/../../../../arm-none-eabi/lib/thumb/v7e-m+fp/hard\libc.a(lib_a-wbuf.o)
                0x08012420                __swbuf_r
 .text._wcrtomb_r
                0x080124d0       0x3c d:/work/leycee/gcc-arm-none-eabi/bin/../lib/gcc/arm-none-eabi/10.3.1/../../../../arm-none-eabi/lib/thumb/v7e-m+fp/hard\libc.a(lib_a-wcrtomb.o)
                0x080124d0                _wcrtomb_r
 .text.abort    0x0801250c       0x10 d:/work/leycee/gcc-arm-none-eabi/bin/../lib/gcc/arm-none-eabi/10.3.1/../../../../arm-none-eabi/lib/thumb/v7e-m+fp/hard\libc.a(lib_a-abort.o)
                0x0801250c                abort
 .text.raise    0x0801251c       0x5c d:/work/leycee/gcc-arm-none-eabi/bin/../lib/gcc/arm-none-eabi/10.3.1/../../../../arm-none-eabi/lib/thumb/v7e-m+fp/hard\libc.a(lib_a-signal.o)
                0x0801251c                raise
 .text._kill_r  0x08012578       0x2c d:/work/leycee/gcc-arm-none-eabi/bin/../lib/gcc/arm-none-eabi/10.3.1/../../../../arm-none-eabi/lib/thumb/v7e-m+fp/hard\libc.a(lib_a-signalr.o)
                0x08012578                _kill_r
 .text._getpid_r
                0x080125a4        0x4 d:/work/leycee/gcc-arm-none-eabi/bin/../lib/gcc/arm-none-eabi/10.3.1/../../../../arm-none-eabi/lib/thumb/v7e-m+fp/hard\libc.a(lib_a-signalr.o)
                0x080125a4                _getpid_r
 .text.cbrt     0x080125a8      0x188 d:/work/leycee/gcc-arm-none-eabi/bin/../lib/gcc/arm-none-eabi/10.3.1/../../../../arm-none-eabi/lib/thumb/v7e-m+fp/hard\libm.a(lib_a-s_cbrt.o)
                0x080125a8                cbrt
 .text.cos      0x08012730       0x90 d:/work/leycee/gcc-arm-none-eabi/bin/../lib/gcc/arm-none-eabi/10.3.1/../../../../arm-none-eabi/lib/thumb/v7e-m+fp/hard\libm.a(lib_a-s_cos.o)
                0x08012730                cos
 .text.floor    0x080127c0      0x108 d:/work/leycee/gcc-arm-none-eabi/bin/../lib/gcc/arm-none-eabi/10.3.1/../../../../arm-none-eabi/lib/thumb/v7e-m+fp/hard\libm.a(lib_a-s_floor.o)
                0x080127c0                floor
 .text.acos     0x080128c8       0x68 d:/work/leycee/gcc-arm-none-eabi/bin/../lib/gcc/arm-none-eabi/10.3.1/../../../../arm-none-eabi/lib/thumb/v7e-m+fp/hard\libm.a(lib_a-w_acos.o)
                0x080128c8                acos
 .text.exp      0x08012930       0xa0 d:/work/leycee/gcc-arm-none-eabi/bin/../lib/gcc/arm-none-eabi/10.3.1/../../../../arm-none-eabi/lib/thumb/v7e-m+fp/hard\libm.a(lib_a-w_exp.o)
                0x08012930                exp
 .text.log      0x080129d0       0x84 d:/work/leycee/gcc-arm-none-eabi/bin/../lib/gcc/arm-none-eabi/10.3.1/../../../../arm-none-eabi/lib/thumb/v7e-m+fp/hard\libm.a(lib_a-w_log.o)
                0x080129d0                log
 *fill*         0x08012a54        0x4 
 .text.pow      0x08012a58       0xf0 d:/work/leycee/gcc-arm-none-eabi/bin/../lib/gcc/arm-none-eabi/10.3.1/../../../../arm-none-eabi/lib/thumb/v7e-m+fp/hard\libm.a(lib_a-w_pow.o)
                0x08012a58                pow
 .text.sqrt     0x08012b48       0x68 d:/work/leycee/gcc-arm-none-eabi/bin/../lib/gcc/arm-none-eabi/10.3.1/../../../../arm-none-eabi/lib/thumb/v7e-m+fp/hard\libm.a(lib_a-w_sqrt.o)
                0x08012b48                sqrt
 .text.__ieee754_acos
                0x08012bb0      0x4e0 d:/work/leycee/gcc-arm-none-eabi/bin/../lib/gcc/arm-none-eabi/10.3.1/../../../../arm-none-eabi/lib/thumb/v7e-m+fp/hard\libm.a(lib_a-e_acos.o)
                0x08012bb0                __ieee754_acos
 .text.__ieee754_exp
                0x08013090      0x3dc d:/work/leycee/gcc-arm-none-eabi/bin/../lib/gcc/arm-none-eabi/10.3.1/../../../../arm-none-eabi/lib/thumb/v7e-m+fp/hard\libm.a(lib_a-e_exp.o)
                0x08013090                __ieee754_exp
 *fill*         0x0801346c        0x4 
 .text.__ieee754_log
                0x08013470      0x438 d:/work/leycee/gcc-arm-none-eabi/bin/../lib/gcc/arm-none-eabi/10.3.1/../../../../arm-none-eabi/lib/thumb/v7e-m+fp/hard\libm.a(lib_a-e_log.o)
                0x08013470                __ieee754_log
 .text.__ieee754_pow
                0x080138a8      0xb74 d:/work/leycee/gcc-arm-none-eabi/bin/../lib/gcc/arm-none-eabi/10.3.1/../../../../arm-none-eabi/lib/thumb/v7e-m+fp/hard\libm.a(lib_a-e_pow.o)
                0x080138a8                __ieee754_pow
 *fill*         0x0801441c        0x4 
 .text.__ieee754_rem_pio2
                0x08014420      0x44c d:/work/leycee/gcc-arm-none-eabi/bin/../lib/gcc/arm-none-eabi/10.3.1/../../../../arm-none-eabi/lib/thumb/v7e-m+fp/hard\libm.a(lib_a-e_rem_pio2.o)
                0x08014420                __ieee754_rem_pio2
 .text.__ieee754_sqrt
                0x0801486c      0x198 d:/work/leycee/gcc-arm-none-eabi/bin/../lib/gcc/arm-none-eabi/10.3.1/../../../../arm-none-eabi/lib/thumb/v7e-m+fp/hard\libm.a(lib_a-e_sqrt.o)
                0x0801486c                __ieee754_sqrt
 *fill*         0x08014a04        0x4 
 .text.__kernel_cos
                0x08014a08      0x27c d:/work/leycee/gcc-arm-none-eabi/bin/../lib/gcc/arm-none-eabi/10.3.1/../../../../arm-none-eabi/lib/thumb/v7e-m+fp/hard\libm.a(lib_a-k_cos.o)
                0x08014a08                __kernel_cos
 *fill*         0x08014c84        0x4 
 .text.__kernel_rem_pio2
                0x08014c88      0x850 d:/work/leycee/gcc-arm-none-eabi/bin/../lib/gcc/arm-none-eabi/10.3.1/../../../../arm-none-eabi/lib/thumb/v7e-m+fp/hard\libm.a(lib_a-k_rem_pio2.o)
                0x08014c88                __kernel_rem_pio2
 .text.__kernel_sin
                0x080154d8      0x17c d:/work/leycee/gcc-arm-none-eabi/bin/../lib/gcc/arm-none-eabi/10.3.1/../../../../arm-none-eabi/lib/thumb/v7e-m+fp/hard\libm.a(lib_a-k_sin.o)
                0x080154d8                __kernel_sin
 .text.with_errno
                0x08015654       0x18 d:/work/leycee/gcc-arm-none-eabi/bin/../lib/gcc/arm-none-eabi/10.3.1/../../../../arm-none-eabi/lib/thumb/v7e-m+fp/hard\libm.a(lib_a-math_err.o)
 .text.xflow    0x0801566c       0x2c d:/work/leycee/gcc-arm-none-eabi/bin/../lib/gcc/arm-none-eabi/10.3.1/../../../../arm-none-eabi/lib/thumb/v7e-m+fp/hard\libm.a(lib_a-math_err.o)
 .text.__math_uflow
                0x08015698       0x14 d:/work/leycee/gcc-arm-none-eabi/bin/../lib/gcc/arm-none-eabi/10.3.1/../../../../arm-none-eabi/lib/thumb/v7e-m+fp/hard\libm.a(lib_a-math_err.o)
                0x08015698                __math_uflow
 .text.__math_oflow
                0x080156ac       0x14 d:/work/leycee/gcc-arm-none-eabi/bin/../lib/gcc/arm-none-eabi/10.3.1/../../../../arm-none-eabi/lib/thumb/v7e-m+fp/hard\libm.a(lib_a-math_err.o)
                0x080156ac                __math_oflow
 .text.fabs     0x080156c0       0x14 d:/work/leycee/gcc-arm-none-eabi/bin/../lib/gcc/arm-none-eabi/10.3.1/../../../../arm-none-eabi/lib/thumb/v7e-m+fp/hard\libm.a(lib_a-s_fabs.o)
                0x080156c0                fabs
 .text.finite   0x080156d4       0x18 d:/work/leycee/gcc-arm-none-eabi/bin/../lib/gcc/arm-none-eabi/10.3.1/../../../../arm-none-eabi/lib/thumb/v7e-m+fp/hard\libm.a(lib_a-s_finite.o)
                0x080156d4                finite
 *fill*         0x080156ec        0x4 
 .text.scalbn   0x080156f0      0x124 d:/work/leycee/gcc-arm-none-eabi/bin/../lib/gcc/arm-none-eabi/10.3.1/../../../../arm-none-eabi/lib/thumb/v7e-m+fp/hard\libm.a(lib_a-s_scalbn.o)
                0x080156f0                scalbn
 *(.glue_7)
 .glue_7        0x08015814        0x0 linker stubs
 *(.glue_7t)
 .glue_7t       0x08015814        0x0 linker stubs
 *(.eh_frame)
 .eh_frame      0x08015814        0x0 d:/work/leycee/gcc-arm-none-eabi/bin/../lib/gcc/arm-none-eabi/10.3.1/thumb/v7e-m+fp/hard/crtbegin.o
 *(.init)
 .init          0x08015814        0x4 d:/work/leycee/gcc-arm-none-eabi/bin/../lib/gcc/arm-none-eabi/10.3.1/thumb/v7e-m+fp/hard/crti.o
                0x08015814                _init
 .init          0x08015818        0x8 d:/work/leycee/gcc-arm-none-eabi/bin/../lib/gcc/arm-none-eabi/10.3.1/thumb/v7e-m+fp/hard/crtn.o
 *(.fini)
 .fini          0x08015820        0x4 d:/work/leycee/gcc-arm-none-eabi/bin/../lib/gcc/arm-none-eabi/10.3.1/thumb/v7e-m+fp/hard/crti.o
                0x08015820                _fini
 .fini          0x08015824        0x8 d:/work/leycee/gcc-arm-none-eabi/bin/../lib/gcc/arm-none-eabi/10.3.1/thumb/v7e-m+fp/hard/crtn.o
                0x08015830                . = ALIGN (0x8)
 *fill*         0x0801582c        0x4 
                0x08015830                _etext = .

.vfp11_veneer   0x08015830        0x0
 .vfp11_veneer  0x08015830        0x0 linker stubs

.v4_bx          0x08015830        0x0
 .v4_bx         0x08015830        0x0 linker stubs

.iplt           0x08015830        0x0
 .iplt          0x08015830        0x0 d:/work/leycee/gcc-arm-none-eabi/bin/../lib/gcc/arm-none-eabi/10.3.1/thumb/v7e-m+fp/hard/crtbegin.o

.rodata         0x08015830     0x1600
                0x08015830                . = ALIGN (0x8)
 *(.rodata)
 .rodata        0x08015830        0xc build/rtc.o
 *(.rodata*)
 .rodata.HardFault_Handler.str1.1
                0x0801583c       0x19 build/stm32l4xx_it.o
 .rodata.AHBPrescTable
                0x08015855       0x10 build/system_stm32l4xx.o
                0x08015855                AHBPrescTable
 .rodata.APBPrescTable
                0x08015865        0x8 build/system_stm32l4xx.o
                0x08015865                APBPrescTable
 *fill*         0x0801586d        0x3 
 .rodata.MSIRangeTable
                0x08015870       0x30 build/system_stm32l4xx.o
                0x08015870                MSIRangeTable
 .rodata.print_string_ptr.str1.1
                0x080158a0        0x9 build/cJSON.o
 .rodata.print_value.str1.1
                0x080158a9       0x25 build/cJSON.o
 .rodata.cJSON_ParseWithLengthOpts.str1.1
                0x080158ce        0x4 build/cJSON.o
 .rodata._ZN20from_member_functionIM11applicationFvffEE18to_unique_functionIXadL_ZNS0_21sht35_sample_completeEffEEEEvPvj.str1.1
                0x080158d2        0xb build/application.o
 .rodata._ZN17iic_ms5803_driver12read_caldataEv.str1.1
                0x080158dd       0x15 build/iic_ms5803_driver.o
 .rodata._ZN9calculate13calculate_sf6ERNS_6resultERNS_5paramE.str1.1
                0x080158f2        0xb build/calculate.o
 *fill*         0x080158fd        0x3 
 .rodata._ZL5table
                0x08015900      0xa7c build/calculate.o
 .rodata._ZTV10serialport
                0x0801637c       0x1c build/serialport.o
                0x0801637c                vtable for serialport
 .rodata._ZN4Lora11upload_dataEv.str1.1
                0x08016398        0xb build/lora.o
                                  0x2 (size before relaxing)
 .rodata._ZN4Lora7on_recvEh.str1.1
                0x08016398        0x2 build/lora.o
 *fill*         0x0801639a        0x2 
 .rodata._ZTV4Lora
                0x0801639c       0x1c build/lora.o
                0x0801639c                vtable for Lora
 .rodata._ZN4Host7on_recvEh.str1.1
                0x080163b8       0x4f build/host.o
                                 0x54 (size before relaxing)
 *fill*         0x08016407        0x1 
 .rodata._ZTV4Host
                0x08016408       0x1c build/host.o
                0x08016408                vtable for Host
 .rodata._ZN15ProtocolManager27generate_lora_protocol_jsonEPKcS1_P5cJSON.str1.1
                0x08016424       0xc2 build/protocol_manager.o
                                 0xc3 (size before relaxing)
 .rodata._ZN15ProtocolManager21parse_host_at_commandEPKc.str1.1
                0x080164e6        0xf build/protocol_manager.o
                                 0x17 (size before relaxing)
 .rodata._Z15internal_printfPKcz.str1.1
                0x080164f5        0x6 build/protocol_manager.o
 .rodata._ZN15ProtocolManager25lora_protocol_json_handleEPKc.str1.1
                0x080164fb       0xe2 build/protocol_manager.o
 *fill*         0x080165dd        0x3 
 .rodata._ctype_
                0x080165e0      0x101 d:/work/leycee/gcc-arm-none-eabi/bin/../lib/gcc/arm-none-eabi/10.3.1/../../../../arm-none-eabi/lib/thumb/v7e-m+fp/hard\libc.a(lib_a-ctype_.o)
                0x080165e0                _ctype_
 *fill*         0x080166e1        0x3 
 .rodata._global_impure_ptr
                0x080166e4        0x4 d:/work/leycee/gcc-arm-none-eabi/bin/../lib/gcc/arm-none-eabi/10.3.1/../../../../arm-none-eabi/lib/thumb/v7e-m+fp/hard\libc.a(lib_a-impure.o)
                0x080166e4                _global_impure_ptr
 .rodata._puts_r.str1.4
                0x080166e8        0x2 d:/work/leycee/gcc-arm-none-eabi/bin/../lib/gcc/arm-none-eabi/10.3.1/../../../../arm-none-eabi/lib/thumb/v7e-m+fp/hard\libc.a(lib_a-puts.o)
 *fill*         0x080166ea        0x2 
 .rodata._strtod_l.str1.4
                0x080166ec        0xf d:/work/leycee/gcc-arm-none-eabi/bin/../lib/gcc/arm-none-eabi/10.3.1/../../../../arm-none-eabi/lib/thumb/v7e-m+fp/hard\libc.a(lib_a-strtod.o)
                                 0x11 (size before relaxing)
 *fill*         0x080166fb        0x1 
 .rodata.fpi.1  0x080166fc       0x14 d:/work/leycee/gcc-arm-none-eabi/bin/../lib/gcc/arm-none-eabi/10.3.1/../../../../arm-none-eabi/lib/thumb/v7e-m+fp/hard\libc.a(lib_a-strtod.o)
 .rodata.fpinan.0
                0x08016710       0x14 d:/work/leycee/gcc-arm-none-eabi/bin/../lib/gcc/arm-none-eabi/10.3.1/../../../../arm-none-eabi/lib/thumb/v7e-m+fp/hard\libc.a(lib_a-strtod.o)
 *fill*         0x08016724        0x4 
 .rodata.tinytens
                0x08016728       0x28 d:/work/leycee/gcc-arm-none-eabi/bin/../lib/gcc/arm-none-eabi/10.3.1/../../../../arm-none-eabi/lib/thumb/v7e-m+fp/hard\libc.a(lib_a-strtod.o)
 .rodata._svfprintf_r.str1.4
                0x08016750       0x42 d:/work/leycee/gcc-arm-none-eabi/bin/../lib/gcc/arm-none-eabi/10.3.1/../../../../arm-none-eabi/lib/thumb/v7e-m+fp/hard\libc.a(lib_a-svfprintf.o)
 *fill*         0x08016792        0x2 
 .rodata.blanks.1
                0x08016794       0x10 d:/work/leycee/gcc-arm-none-eabi/bin/../lib/gcc/arm-none-eabi/10.3.1/../../../../arm-none-eabi/lib/thumb/v7e-m+fp/hard\libc.a(lib_a-svfprintf.o)
 .rodata.zeroes.0
                0x080167a4       0x10 d:/work/leycee/gcc-arm-none-eabi/bin/../lib/gcc/arm-none-eabi/10.3.1/../../../../arm-none-eabi/lib/thumb/v7e-m+fp/hard\libc.a(lib_a-svfprintf.o)
 .rodata.__ssvfscanf_r.str1.4
                0x080167b4        0x5 d:/work/leycee/gcc-arm-none-eabi/bin/../lib/gcc/arm-none-eabi/10.3.1/../../../../arm-none-eabi/lib/thumb/v7e-m+fp/hard\libc.a(lib_a-svfscanf.o)
                                  0x9 (size before relaxing)
 *fill*         0x080167b9        0x3 
 .rodata.basefix.0
                0x080167bc       0x22 d:/work/leycee/gcc-arm-none-eabi/bin/../lib/gcc/arm-none-eabi/10.3.1/../../../../arm-none-eabi/lib/thumb/v7e-m+fp/hard\libc.a(lib_a-svfscanf.o)
 .rodata._vfprintf_r.str1.4
                0x080167de       0x42 d:/work/leycee/gcc-arm-none-eabi/bin/../lib/gcc/arm-none-eabi/10.3.1/../../../../arm-none-eabi/lib/thumb/v7e-m+fp/hard\libc.a(lib_a-vfprintf.o)
 *fill*         0x080167de        0x2 
 .rodata.blanks.1
                0x080167e0       0x10 d:/work/leycee/gcc-arm-none-eabi/bin/../lib/gcc/arm-none-eabi/10.3.1/../../../../arm-none-eabi/lib/thumb/v7e-m+fp/hard\libc.a(lib_a-vfprintf.o)
 .rodata.zeroes.0
                0x080167f0       0x10 d:/work/leycee/gcc-arm-none-eabi/bin/../lib/gcc/arm-none-eabi/10.3.1/../../../../arm-none-eabi/lib/thumb/v7e-m+fp/hard\libc.a(lib_a-vfprintf.o)
 .rodata._dtoa_r.str1.4
                0x08016800       0xa2 d:/work/leycee/gcc-arm-none-eabi/bin/../lib/gcc/arm-none-eabi/10.3.1/../../../../arm-none-eabi/lib/thumb/v7e-m+fp/hard\libc.a(lib_a-dtoa.o)
                                 0xa6 (size before relaxing)
 *fill*         0x080168a2        0x2 
 .rodata.__gethex.str1.4
                0x080168a4       0x86 d:/work/leycee/gcc-arm-none-eabi/bin/../lib/gcc/arm-none-eabi/10.3.1/../../../../arm-none-eabi/lib/thumb/v7e-m+fp/hard\libc.a(lib_a-gdtoa-gethex.o)
                                 0x9a (size before relaxing)
 *fill*         0x0801692a        0x2 
 .rodata.__hexdig
                0x0801692c      0x100 d:/work/leycee/gcc-arm-none-eabi/bin/../lib/gcc/arm-none-eabi/10.3.1/../../../../arm-none-eabi/lib/thumb/v7e-m+fp/hard\libc.a(lib_a-gdtoa-gethex.o)
                0x0801692c                __hexdig
 .rodata.str1.4
                0x08016a2c        0x2 d:/work/leycee/gcc-arm-none-eabi/bin/../lib/gcc/arm-none-eabi/10.3.1/../../../../arm-none-eabi/lib/thumb/v7e-m+fp/hard\libc.a(lib_a-lnumeric.o)
                                  0x5 (size before relaxing)
 *fill*         0x08016a2e        0x2 
 .rodata._C_numeric_locale
                0x08016a30        0xc d:/work/leycee/gcc-arm-none-eabi/bin/../lib/gcc/arm-none-eabi/10.3.1/../../../../arm-none-eabi/lib/thumb/v7e-m+fp/hard\libc.a(lib_a-lnumeric.o)
                0x08016a30                _C_numeric_locale
 .rodata._setlocale_r.str1.4
                0x08016a3c        0xa d:/work/leycee/gcc-arm-none-eabi/bin/../lib/gcc/arm-none-eabi/10.3.1/../../../../arm-none-eabi/lib/thumb/v7e-m+fp/hard\libc.a(lib_a-locale.o)
                                  0xd (size before relaxing)
 .rodata.str1.4
                0x08016a46        0x2 d:/work/leycee/gcc-arm-none-eabi/bin/../lib/gcc/arm-none-eabi/10.3.1/../../../../arm-none-eabi/lib/thumb/v7e-m+fp/hard\libc.a(lib_a-locale.o)
 .rodata._mbrtowc_r.str1.4
                0x08016a46        0x1 d:/work/leycee/gcc-arm-none-eabi/bin/../lib/gcc/arm-none-eabi/10.3.1/../../../../arm-none-eabi/lib/thumb/v7e-m+fp/hard\libc.a(lib_a-mbrtowc.o)
 *fill*         0x08016a46        0x2 
 .rodata.__multadd.str1.4
                0x08016a48       0x7f d:/work/leycee/gcc-arm-none-eabi/bin/../lib/gcc/arm-none-eabi/10.3.1/../../../../arm-none-eabi/lib/thumb/v7e-m+fp/hard\libc.a(lib_a-mprec.o)
                                 0x93 (size before relaxing)
 *fill*         0x08016ac7        0x1 
 .rodata.__mprec_bigtens
                0x08016ac8       0x28 d:/work/leycee/gcc-arm-none-eabi/bin/../lib/gcc/arm-none-eabi/10.3.1/../../../../arm-none-eabi/lib/thumb/v7e-m+fp/hard\libc.a(lib_a-mprec.o)
                0x08016ac8                __mprec_bigtens
 .rodata.__mprec_tens
                0x08016af0       0xc8 d:/work/leycee/gcc-arm-none-eabi/bin/../lib/gcc/arm-none-eabi/10.3.1/../../../../arm-none-eabi/lib/thumb/v7e-m+fp/hard\libc.a(lib_a-mprec.o)
                0x08016af0                __mprec_tens
 .rodata.p05.0  0x08016bb8        0xc d:/work/leycee/gcc-arm-none-eabi/bin/../lib/gcc/arm-none-eabi/10.3.1/../../../../arm-none-eabi/lib/thumb/v7e-m+fp/hard\libc.a(lib_a-mprec.o)
 .rodata._vfiprintf_r.str1.4
                0x08016bc4       0x2f d:/work/leycee/gcc-arm-none-eabi/bin/../lib/gcc/arm-none-eabi/10.3.1/../../../../arm-none-eabi/lib/thumb/v7e-m+fp/hard\libc.a(lib_a-vfiprintf.o)
 .rodata.blanks.1
                0x08016bc4       0x10 d:/work/leycee/gcc-arm-none-eabi/bin/../lib/gcc/arm-none-eabi/10.3.1/../../../../arm-none-eabi/lib/thumb/v7e-m+fp/hard\libc.a(lib_a-vfiprintf.o)
 .rodata.zeroes.0
                0x08016bd4       0x10 d:/work/leycee/gcc-arm-none-eabi/bin/../lib/gcc/arm-none-eabi/10.3.1/../../../../arm-none-eabi/lib/thumb/v7e-m+fp/hard\libc.a(lib_a-vfiprintf.o)
 .rodata.__assert_func.str1.4
                0x08016be4       0x3f d:/work/leycee/gcc-arm-none-eabi/bin/../lib/gcc/arm-none-eabi/10.3.1/../../../../arm-none-eabi/lib/thumb/v7e-m+fp/hard\libc.a(lib_a-assert.o)
                                 0x43 (size before relaxing)
 .rodata.acos.str1.4
                0x08016c23        0x1 d:/work/leycee/gcc-arm-none-eabi/bin/../lib/gcc/arm-none-eabi/10.3.1/../../../../arm-none-eabi/lib/thumb/v7e-m+fp/hard\libm.a(lib_a-w_acos.o)
 .rodata.log.str1.4
                0x08016c23        0x1 d:/work/leycee/gcc-arm-none-eabi/bin/../lib/gcc/arm-none-eabi/10.3.1/../../../../arm-none-eabi/lib/thumb/v7e-m+fp/hard\libm.a(lib_a-w_log.o)
 *fill*         0x08016c23        0x5 
 .rodata.halF   0x08016c28       0x10 d:/work/leycee/gcc-arm-none-eabi/bin/../lib/gcc/arm-none-eabi/10.3.1/../../../../arm-none-eabi/lib/thumb/v7e-m+fp/hard\libm.a(lib_a-e_exp.o)
 .rodata.ln2HI  0x08016c38       0x10 d:/work/leycee/gcc-arm-none-eabi/bin/../lib/gcc/arm-none-eabi/10.3.1/../../../../arm-none-eabi/lib/thumb/v7e-m+fp/hard\libm.a(lib_a-e_exp.o)
 .rodata.ln2LO  0x08016c48       0x10 d:/work/leycee/gcc-arm-none-eabi/bin/../lib/gcc/arm-none-eabi/10.3.1/../../../../arm-none-eabi/lib/thumb/v7e-m+fp/hard\libm.a(lib_a-e_exp.o)
 .rodata.npio2_hw
                0x08016c58       0x80 d:/work/leycee/gcc-arm-none-eabi/bin/../lib/gcc/arm-none-eabi/10.3.1/../../../../arm-none-eabi/lib/thumb/v7e-m+fp/hard\libm.a(lib_a-e_rem_pio2.o)
 .rodata.two_over_pi
                0x08016cd8      0x108 d:/work/leycee/gcc-arm-none-eabi/bin/../lib/gcc/arm-none-eabi/10.3.1/../../../../arm-none-eabi/lib/thumb/v7e-m+fp/hard\libm.a(lib_a-e_rem_pio2.o)
 .rodata.PIo2   0x08016de0       0x40 d:/work/leycee/gcc-arm-none-eabi/bin/../lib/gcc/arm-none-eabi/10.3.1/../../../../arm-none-eabi/lib/thumb/v7e-m+fp/hard\libm.a(lib_a-k_rem_pio2.o)
 .rodata.init_jk